
Allocating common symbols
Common symbol       size              file

boot_params         0x8               /home/smanupa/cboot/out/build-t186/bootloader/partner/t18x/cboot/platform/t186.mod.o
dram_end            0x8               /home/smanupa/cboot/out/build-t186/bootloader/partner/t18x/cboot/platform/t186.mod.o
carveout            0x8               /home/smanupa/cboot/out/build-t186/bootloader/partner/t18x/cboot/platform/t186.mod.o
sdmmc_context_t     0x2c8             /home/smanupa/cboot/out/build-t186/bootloader/partner/common/drivers/sdmmc.mod.o
tmrs                0x20              /home/smanupa/cboot/out/build-t186/bootloader/partner/t18x/cboot/platform/tegra_shared.mod.o
current_thread      0x8               /home/smanupa/cboot/out/build-t186/bootloader/partner/t18x/cboot/kernel.mod.o
current_font        0x18              /home/smanupa/cboot/out/build-t186/bootloader/partner/common/lib/graphics.mod.o
thread_stats        0x30              /home/smanupa/cboot/out/build-t186/bootloader/partner/t18x/cboot/kernel.mod.o
critical_section_count
                    0x4               /home/smanupa/cboot/out/build-t186/bootloader/partner/t18x/cboot/kernel.mod.o
num_images          0x4               /home/smanupa/cboot/out/build-t186/bootloader/partner/common/lib/nvblob_bmp.mod.o
is_initialized      0x1               /home/smanupa/cboot/out/build-t186/bootloader/partner/common/lib/nvblob_bmp.mod.o
current_position    0x8               /home/smanupa/cboot/out/build-t186/bootloader/partner/common/lib/graphics.mod.o
bh                  0x8               /home/smanupa/cboot/out/build-t186/bootloader/partner/common/lib/nvblob_bmp.mod.o
idle_thread         0x8               /home/smanupa/cboot/out/build-t186/bootloader/partner/t18x/cboot/kernel.mod.o
max77620_config     0x8               /home/smanupa/cboot/out/build-t186/bootloader/partner/common/drivers/pmic/max77620.mod.o
dram_start          0x8               /home/smanupa/cboot/out/build-t186/bootloader/partner/t18x/cboot/platform/t186.mod.o
spi                 0x30              /home/smanupa/cboot/out/build-t186/bootloader/partner/common/drivers/spi.mod.o
first_error         0x8               /home/smanupa/cboot/out/build-t186/bootloader/partner/common/lib/tegrabl_error.mod.o

Discarded input sections

 .text          0x0000000000000000        0x0 /home/smanupa/cboot/out/build-t186/bootloader/partner/t18x/cboot/platform/t186.mod.o
 .text.cpubl_params_version_check
                0x0000000000000000       0x10 /home/smanupa/cboot/out/build-t186/bootloader/partner/t18x/cboot/platform/t186.mod.o
 .text.platform_use_identity_mmu_mappings
                0x0000000000000000        0x8 /home/smanupa/cboot/out/build-t186/bootloader/partner/t18x/cboot/platform/t186.mod.o
 .data          0x0000000000000000        0x0 /home/smanupa/cboot/out/build-t186/bootloader/partner/t18x/cboot/platform/t186.mod.o
 .bss           0x0000000000000000        0x0 /home/smanupa/cboot/out/build-t186/bootloader/partner/t18x/cboot/platform/t186.mod.o
 .comment       0x0000000000000000      0x1d4 /home/smanupa/cboot/out/build-t186/bootloader/partner/t18x/cboot/platform/t186.mod.o
 .text.arch_quiesce
                0x0000000000000000        0x4 /home/smanupa/cboot/out/build-t186/bootloader/partner/t18x/cboot/arch/arm64.mod.o
 .text.arch_map_uncached
                0x0000000000000000       0x10 /home/smanupa/cboot/out/build-t186/bootloader/partner/t18x/cboot/arch/arm64.mod.o
 .text.arch_map_cached
                0x0000000000000000       0x10 /home/smanupa/cboot/out/build-t186/bootloader/partner/t18x/cboot/arch/arm64.mod.o
 .text.nvtboot_cpu_tzinit
                0x0000000000000000       0x28 /home/smanupa/cboot/out/build-t186/bootloader/partner/t18x/cboot/arch/arm64.mod.o
 .data          0x0000000000000000        0x0 /home/smanupa/cboot/out/build-t186/bootloader/partner/t18x/cboot/arch/arm64.mod.o
 .data._heap_end
                0x0000000000000000        0x8 /home/smanupa/cboot/out/build-t186/bootloader/partner/t18x/cboot/arch/arm64.mod.o
 .bss           0x0000000000000000        0x0 /home/smanupa/cboot/out/build-t186/bootloader/partner/t18x/cboot/arch/arm64.mod.o
 .comment       0x0000000000000000      0x3a8 /home/smanupa/cboot/out/build-t186/bootloader/partner/t18x/cboot/arch/arm64.mod.o
 .cbootheader   0x0000000000000000      0x258 /home/smanupa/cboot/out/build-t186/bootloader/partner/t18x/cboot/arch/arm64.mod.o
 .text          0x0000000000000000        0x0 /home/smanupa/cboot/out/build-t186/bootloader/partner/t18x/cboot/top.mod.o
 .data          0x0000000000000000        0x0 /home/smanupa/cboot/out/build-t186/bootloader/partner/t18x/cboot/top.mod.o
 .bss           0x0000000000000000        0x0 /home/smanupa/cboot/out/build-t186/bootloader/partner/t18x/cboot/top.mod.o
 .comment       0x0000000000000000       0xea /home/smanupa/cboot/out/build-t186/bootloader/partner/t18x/cboot/top.mod.o
[...]
Memory Configuration

Name             Origin             Length             Attributes
*default*        0x0000000000000000 0xffffffffffffffff

Linker script and memory map

                0x0000000096000000                . = 0x96000000
                0x0000000096000000                cboot_start = .

.text           0x0000000096000000    0x36968
 *(.text.boot)
 .text.boot     0x0000000096000000      0x1a0 /home/smanupa/cboot/out/build-t186/bootloader/partner/t18x/cboot/arch/arm64.mod.o
                0x0000000096000000                _start
 *(.text.boot.vectab)
 *fill*         0x00000000960001a0      0xe60 
 .text.boot.vectab
                0x0000000096001000      0xa18 /home/smanupa/cboot/out/build-t186/bootloader/partner/t18x/cboot/arch/arm64.mod.o
                0x0000000096001000                arm64_exception_base
 *(.text* .sram.text.glue_7* .gnu.linkonce.t.*)
 .text.platform_early_init
                0x0000000096001a18      0x1f0 /home/smanupa/cboot/out/build-t186/bootloader/partner/t18x/cboot/platform/t186.mod.o
                0x0000000096001a18                platform_early_init
 .text.platform_init_mmu_mappings
                0x0000000096001c08       0xbc /home/smanupa/cboot/out/build-t186/bootloader/partner/t18x/cboot/platform/t186.mod.o
                0x0000000096001c08                platform_init_mmu_mappings
 .text.platform_uninit
                0x0000000096001cc4       0x94 /home/smanupa/cboot/out/build-t186/bootloader/partner/t18x/cboot/platform/t186.mod.o
                0x0000000096001cc4                platform_uninit
 .text.platform_init
                0x0000000096001d58      0x488 /home/smanupa/cboot/out/build-t186/bootloader/partner/t18x/cboot/platform/t186.mod.o
                0x0000000096001d58                platform_init
 .text.platform_init_heap
                0x00000000960021e0       0x18 /home/smanupa/cboot/out/build-t186/bootloader/partner/t18x/cboot/platform/t186.mod.o
                0x00000000960021e0                platform_init_heap
 .text.update_ratchet_fuse
                0x00000000960021f8      0x310 /home/smanupa/cboot/out/build-t186/bootloader/partner/t18x/cboot/platform/t186.mod.o
                0x00000000960021f8                update_ratchet_fuse
 .text.tegrabl_storage_get_bin_size.part.0
                0x0000000096002508       0xec /home/smanupa/cboot/out/build-t186/bootloader/partner/t18x/cboot/platform/t186.mod.o
 .text.load_and_compare_sc7_images
                0x00000000960025f4      0x268 /home/smanupa/cboot/out/build-t186/bootloader/partner/t18x/cboot/platform/t186.mod.o
                0x00000000960025f4                load_and_compare_sc7_images
 .text.cb_dram_ecc_scrub_alignment_check.constprop.1
                0x000000009600285c       0x48 /home/smanupa/cboot/out/build-t186/bootloader/partner/t18x/cboot/platform/t186.mod.o
 .text.cb_dram_ecc_vic_scrub_addr_range.constprop.0
                0x00000000960028a4      0x10c /home/smanupa/cboot/out/build-t186/bootloader/partner/t18x/cboot/platform/t186.mod.o
 .text.cb_dram_ecc_scrub
                0x00000000960029b0      0x284 /home/smanupa/cboot/out/build-t186/bootloader/partner/t18x/cboot/platform/t186.mod.o
                0x00000000960029b0                cb_dram_ecc_scrub
 .text.cboot_dram_ecc_enabled
                0x0000000096002c34       0x14 /home/smanupa/cboot/out/build-t186/bootloader/partner/t18x/cboot/platform/t186.mod.o
                0x0000000096002c34                cboot_dram_ecc_enabled
 .text          0x0000000096002c48      0x39c /home/smanupa/cboot/out/build-t186/bootloader/partner/t18x/cboot/arch/arm64.mod.o
                0x0000000096002c48                arm64_context_switch
                0x0000000096002cb0                arm64_el3_to_el1
                0x0000000096002cf8                arm64_el3_to_el2
                0x0000000096002d3c                arm64_send_smc
                0x0000000096002d70                tegrabl_arch_disable_cache
                0x0000000096002e3c                tegrabl_arch_enable_cache
                0x0000000096002f00                tegrabl_arch_clean_dcache_range
                0x0000000096002f30                tegrabl_arch_invalidate_dcache_range
                0x0000000096002f60                tegrabl_arch_clean_invalidate_dcache_range
                0x0000000096002f90                tegrabl_arch_sync_dcache_range
 .text.arch_early_init
                0x0000000096002fe4       0x38 /home/smanupa/cboot/out/build-t186/bootloader/partner/t18x/cboot/arch/arm64.mod.o
                0x0000000096002fe4                arch_early_init
 .text.arch_init
                0x000000009600301c        0x4 /home/smanupa/cboot/out/build-t186/bootloader/partner/t18x/cboot/arch/arm64.mod.o
                0x000000009600301c                arch_init
 .text.arch_idle
                0x0000000096003020        0x8 /home/smanupa/cboot/out/build-t186/bootloader/partner/t18x/cboot/arch/arm64.mod.o
                0x0000000096003020                arch_idle
 .text.dump_esr
                0x0000000096003028      0x180 /home/smanupa/cboot/out/build-t186/bootloader/partner/t18x/cboot/arch/arm64.mod.o
 .text.dump_iframe
                0x00000000960031a8       0xe8 /home/smanupa/cboot/out/build-t186/bootloader/partner/t18x/cboot/arch/arm64.mod.o
 .text.arm64_sync_exception
                0x0000000096003290       0x80 /home/smanupa/cboot/out/build-t186/bootloader/partner/t18x/cboot/arch/arm64.mod.o
                0x0000000096003290                arm64_sync_exception
 .text.arm64_invalid_exception
                0x0000000096003310       0x68 /home/smanupa/cboot/out/build-t186/bootloader/partner/t18x/cboot/arch/arm64.mod.o
                0x0000000096003310                arm64_invalid_exception
 .text.initial_thread_func
                0x0000000096003378       0x34 /home/smanupa/cboot/out/build-t186/bootloader/partner/t18x/cboot/arch/arm64.mod.o
                0x0000000096003378                initial_thread_func
 .text.arch_thread_initialize
                0x00000000960033ac       0x54 /home/smanupa/cboot/out/build-t186/bootloader/partner/t18x/cboot/arch/arm64.mod.o
                0x00000000960033ac                arch_thread_initialize
 .text.arch_context_switch
                0x0000000096003400        0xc /home/smanupa/cboot/out/build-t186/bootloader/partner/t18x/cboot/arch/arm64.mod.o
                0x0000000096003400                arch_context_switch
 .text.print_cpuid
                0x000000009600340c       0x68 /home/smanupa/cboot/out/build-t186/bootloader/partner/t18x/cboot/arch/arm64.mod.o
                0x000000009600340c                print_cpuid
 .text.allocate_tt_page
                0x0000000096003474       0x9c /home/smanupa/cboot/out/build-t186/bootloader/partner/t18x/cboot/arch/arm64.mod.o
 .text.arm64_mmu_map_level
                0x0000000096003510      0x33c /home/smanupa/cboot/out/build-t186/bootloader/partner/t18x/cboot/arch/arm64.mod.o
 .text.arm64_mmu_map
                0x000000009600384c       0x74 /home/smanupa/cboot/out/build-t186/bootloader/partner/t18x/cboot/arch/arm64.mod.o
                0x000000009600384c                arm64_mmu_map
 .text.arm64_mmu_init
                0x00000000960038c0       0xe0 /home/smanupa/cboot/out/build-t186/bootloader/partner/t18x/cboot/arch/arm64.mod.o
                0x00000000960038c0                arm64_mmu_init
 .text.arch_disable_mmu
                0x00000000960039a0       0x20 /home/smanupa/cboot/out/build-t186/bootloader/partner/t18x/cboot/arch/arm64.mod.o
                0x00000000960039a0                arch_disable_mmu
 .text.print_stacktrace
                0x00000000960039c0       0xbc /home/smanupa/cboot/out/build-t186/bootloader/partner/t18x/cboot/arch/arm64.mod.o
                0x00000000960039c0                print_stacktrace
 .text.tegrabl_dma_unmap_buffer
                0x0000000096003a7c       0x18 /home/smanupa/cboot/out/build-t186/bootloader/partner/t18x/cboot/arch/arm64.mod.o
                0x0000000096003a7c                tegrabl_dma_unmap_buffer
 .text.tegrabl_dma_va_to_pa
                0x0000000096003a94       0x20 /home/smanupa/cboot/out/build-t186/bootloader/partner/t18x/cboot/arch/arm64.mod.o
                0x0000000096003a94                tegrabl_dma_va_to_pa
 .text.tegrabl_dma_map_buffer
                0x0000000096003ab4       0x44 /home/smanupa/cboot/out/build-t186/bootloader/partner/t18x/cboot/arch/arm64.mod.o
                0x0000000096003ab4                tegrabl_dma_map_buffer
 .text.lk_init_level
                0x0000000096003af8       0xf0 /home/smanupa/cboot/out/build-t186/bootloader/partner/t18x/cboot/top.mod.o
                0x0000000096003af8                lk_init_level
 .text.bootstrap2
                0x0000000096003be8       0x7c /home/smanupa/cboot/out/build-t186/bootloader/partner/t18x/cboot/top.mod.o
 .text.lk_main  0x0000000096003c64      0x10c /home/smanupa/cboot/out/build-t186/bootloader/partner/t18x/cboot/top.mod.o
                0x0000000096003c64                lk_main
 .text.app_thread_entry
                0x0000000096003d70       0x20 /home/smanupa/cboot/out/build-t186/bootloader/partner/t18x/cboot/app.mod.o
 .text.apps_init
                0x0000000096003d90       0xf8 /home/smanupa/cboot/out/build-t186/bootloader/partner/t18x/cboot/app.mod.o
                0x0000000096003d90                apps_init
 .text.kernel_boot_init
                0x0000000096003e88        0x4 /home/smanupa/cboot/out/build-t186/bootloader/partner/t18x/cboot/app/kernel_boot.mod.o
 .text.load_and_boot_kernel
                0x0000000096003e8c       0xd0 /home/smanupa/cboot/out/build-t186/bootloader/partner/t18x/cboot/app/kernel_boot.mod.o
                0x0000000096003e8c                load_and_boot_kernel
 .text.kernel_boot_entry
                0x0000000096003f5c       0x94 /home/smanupa/cboot/out/build-t186/bootloader/partner/t18x/cboot/app/kernel_boot.mod.o
 .text.kernel_init
                0x0000000096003ff0       0x2c /home/smanupa/cboot/out/build-t186/bootloader/partner/t18x/cboot/kernel.mod.o
                0x0000000096003ff0                kernel_init
 .text.mutex_init
                0x000000009600401c       0x30 /home/smanupa/cboot/out/build-t186/bootloader/partner/t18x/cboot/kernel.mod.o
                0x000000009600401c                mutex_init
 .text.list_delete
                0x000000009600404c       0x18 /home/smanupa/cboot/out/build-t186/bootloader/partner/t18x/cboot/kernel.mod.o
 .text.thread_resched
                0x0000000096004064      0x204 /home/smanupa/cboot/out/build-t186/bootloader/partner/t18x/cboot/kernel.mod.o
 .text.insert_in_run_queue_tail
                0x0000000096004268       0xe4 /home/smanupa/cboot/out/build-t186/bootloader/partner/t18x/cboot/kernel.mod.o
 .text.insert_in_run_queue_head
                0x000000009600434c       0xe0 /home/smanupa/cboot/out/build-t186/bootloader/partner/t18x/cboot/kernel.mod.o
 .text.thread_sleep_handler
                0x000000009600442c       0x80 /home/smanupa/cboot/out/build-t186/bootloader/partner/t18x/cboot/kernel.mod.o
 .text.thread_create_etc
                0x00000000960044ac      0x158 /home/smanupa/cboot/out/build-t186/bootloader/partner/t18x/cboot/kernel.mod.o
                0x00000000960044ac                thread_create_etc
 .text.thread_create
                0x0000000096004604       0x20 /home/smanupa/cboot/out/build-t186/bootloader/partner/t18x/cboot/kernel.mod.o
                0x0000000096004604                thread_create
 .text.thread_yield
                0x0000000096004624       0xd0 /home/smanupa/cboot/out/build-t186/bootloader/partner/t18x/cboot/kernel.mod.o
                0x0000000096004624                thread_yield
 .text.thread_resume
                0x00000000960046f4       0xb8 /home/smanupa/cboot/out/build-t186/bootloader/partner/t18x/cboot/kernel.mod.o
                0x00000000960046f4                thread_resume
 .text.thread_preempt
                0x00000000960047ac       0xf0 /home/smanupa/cboot/out/build-t186/bootloader/partner/t18x/cboot/kernel.mod.o
                0x00000000960047ac                thread_preempt
 .text.thread_block
                0x000000009600489c       0xa8 /home/smanupa/cboot/out/build-t186/bootloader/partner/t18x/cboot/kernel.mod.o
                0x000000009600489c                thread_block
 .text.thread_timer_tick
                0x0000000096004944       0x38 /home/smanupa/cboot/out/build-t186/bootloader/partner/t18x/cboot/kernel.mod.o
                0x0000000096004944                thread_timer_tick
 .text.thread_sleep
                0x000000009600497c       0xe0 /home/smanupa/cboot/out/build-t186/bootloader/partner/t18x/cboot/kernel.mod.o
                0x000000009600497c                thread_sleep
 .text.thread_init_early
                0x0000000096004a5c       0xe0 /home/smanupa/cboot/out/build-t186/bootloader/partner/t18x/cboot/kernel.mod.o
                0x0000000096004a5c                thread_init_early
 .text.thread_init
                0x0000000096004b3c        0x4 /home/smanupa/cboot/out/build-t186/bootloader/partner/t18x/cboot/kernel.mod.o
                0x0000000096004b3c                thread_init
 .text.thread_set_name
                0x0000000096004b40       0x18 /home/smanupa/cboot/out/build-t186/bootloader/partner/t18x/cboot/kernel.mod.o
                0x0000000096004b40                thread_set_name
 .text.thread_become_idle
                0x0000000096004b58       0x4c /home/smanupa/cboot/out/build-t186/bootloader/partner/t18x/cboot/kernel.mod.o
                0x0000000096004b58                thread_become_idle
 .text.wait_queue_block
                0x0000000096004ba4      0x124 /home/smanupa/cboot/out/build-t186/bootloader/partner/t18x/cboot/kernel.mod.o
                0x0000000096004ba4                wait_queue_block
 .text.thread_join
                0x0000000096004cc8      0x1a8 /home/smanupa/cboot/out/build-t186/bootloader/partner/t18x/cboot/kernel.mod.o
                0x0000000096004cc8                thread_join
 .text.wait_queue_wake_all
                0x0000000096004e70      0x154 /home/smanupa/cboot/out/build-t186/bootloader/partner/t18x/cboot/kernel.mod.o
                0x0000000096004e70                wait_queue_wake_all
 .text.thread_detach
                0x0000000096004fc4       0xe4 /home/smanupa/cboot/out/build-t186/bootloader/partner/t18x/cboot/kernel.mod.o
                0x0000000096004fc4                thread_detach
 .text.thread_exit
                0x00000000960050a8       0xfc /home/smanupa/cboot/out/build-t186/bootloader/partner/t18x/cboot/kernel.mod.o
                0x00000000960050a8                thread_exit
 .text.thread_unblock_from_wait_queue
                0x00000000960051a4      0x114 /home/smanupa/cboot/out/build-t186/bootloader/partner/t18x/cboot/kernel.mod.o
                0x00000000960051a4                thread_unblock_from_wait_queue
 .text.wait_queue_timeout_handler
                0x00000000960052b8       0x5c /home/smanupa/cboot/out/build-t186/bootloader/partner/t18x/cboot/kernel.mod.o
 .text.insert_timer_in_queue
                0x0000000096005314       0x6c /home/smanupa/cboot/out/build-t186/bootloader/partner/t18x/cboot/kernel.mod.o
 .text.timer_tick
                0x0000000096005380      0x164 /home/smanupa/cboot/out/build-t186/bootloader/partner/t18x/cboot/kernel.mod.o
 .text.timer_set
                0x00000000960054e4       0xe4 /home/smanupa/cboot/out/build-t186/bootloader/partner/t18x/cboot/kernel.mod.o
 .text.timer_initialize
                0x00000000960055c8       0x1c /home/smanupa/cboot/out/build-t186/bootloader/partner/t18x/cboot/kernel.mod.o
                0x00000000960055c8                timer_initialize
 .text.timer_set_oneshot
                0x00000000960055e4       0x18 /home/smanupa/cboot/out/build-t186/bootloader/partner/t18x/cboot/kernel.mod.o
                0x00000000960055e4                timer_set_oneshot
 .text.timer_cancel
                0x00000000960055fc       0x98 /home/smanupa/cboot/out/build-t186/bootloader/partner/t18x/cboot/kernel.mod.o
                0x00000000960055fc                timer_cancel
 .text.timer_init
                0x0000000096005694       0x24 /home/smanupa/cboot/out/build-t186/bootloader/partner/t18x/cboot/kernel.mod.o
                0x0000000096005694                timer_init
 .text.reset    0x00000000960056b8       0x20 /home/smanupa/cboot/out/build-t186/bootloader/partner/t18x/cboot/lib/exit.mod.o
 .text.reboot_forced_recovery
                0x00000000960056d8       0x2c /home/smanupa/cboot/out/build-t186/bootloader/partner/t18x/cboot/lib/exit.mod.o
 .text.reboot_fastboot
                0x0000000096005704       0x2c /home/smanupa/cboot/out/build-t186/bootloader/partner/t18x/cboot/lib/exit.mod.o
 .text.power_off
                0x0000000096005730       0x20 /home/smanupa/cboot/out/build-t186/bootloader/partner/t18x/cboot/lib/exit.mod.o
 .text.tegrabl_exit_register
                0x0000000096005750       0x58 /home/smanupa/cboot/out/build-t186/bootloader/partner/t18x/cboot/lib/exit.mod.o
                0x0000000096005750                tegrabl_exit_register
 .text.menu_init
                0x00000000960057a8       0x38 /home/smanupa/cboot/out/build-t186/bootloader/partner/t18x/cboot/lib/menu.mod.o
                0x00000000960057a8                menu_init
 .text          0x00000000960057e0       0x34 /home/smanupa/cboot/out/build-t186/bootloader/partner/common/arch/arm64.mod.o
                0x00000000960057e0                tegrabl_arm64_send_smc64
 .text.tegrabl_crypto_init
                0x0000000096005814      0x1ec /home/smanupa/cboot/out/build-t186/bootloader/partner/common/drivers/crypto.mod.o
                0x0000000096005814                tegrabl_crypto_init
 .text.tegrabl_crypto_process_block
                0x0000000096005a00      0x150 /home/smanupa/cboot/out/build-t186/bootloader/partner/common/drivers/crypto.mod.o
                0x0000000096005a00                tegrabl_crypto_process_block
 .text.tegrabl_crypto_finalize
                0x0000000096005b50       0xf4 /home/smanupa/cboot/out/build-t186/bootloader/partner/common/drivers/crypto.mod.o
                0x0000000096005b50                tegrabl_crypto_finalize
 .text.tegrabl_crypto_close
                0x0000000096005c44       0x88 /home/smanupa/cboot/out/build-t186/bootloader/partner/common/drivers/crypto.mod.o
                0x0000000096005c44                tegrabl_crypto_close
 .text.tegrabl_display_init
                0x0000000096005ccc      0x130 /home/smanupa/cboot/out/build-t186/bootloader/partner/common/drivers/display.mod.o
                0x0000000096005ccc                tegrabl_display_init
 .text.tegrabl_display_show_image
                0x0000000096005dfc      0x17c /home/smanupa/cboot/out/build-t186/bootloader/partner/common/drivers/display.mod.o
                0x0000000096005dfc                tegrabl_display_show_image
 .text.tegrabl_display_clear
                0x0000000096005f78       0xa0 /home/smanupa/cboot/out/build-t186/bootloader/partner/common/drivers/display.mod.o
                0x0000000096005f78                tegrabl_display_clear
 .text.tegrabl_display_shutdown
                0x0000000096006018       0xa0 /home/smanupa/cboot/out/build-t186/bootloader/partner/common/drivers/display.mod.o
                0x0000000096006018                tegrabl_display_shutdown
 .text.tegrabl_display_get_params
                0x00000000960060b8       0x74 /home/smanupa/cboot/out/build-t186/bootloader/partner/common/drivers/display.mod.o
                0x00000000960060b8                tegrabl_display_get_params
 .text.display_unit_set_surface
                0x000000009600612c       0x6c /home/smanupa/cboot/out/build-t186/bootloader/partner/common/drivers/display.mod.o
                0x000000009600612c                display_unit_set_surface
 .text.tegrabl_display_unit_show_image
                0x0000000096006198       0xbc /home/smanupa/cboot/out/build-t186/bootloader/partner/common/drivers/display.mod.o
                0x0000000096006198                tegrabl_display_unit_show_image
 .text.tegrabl_display_unit_clear
                0x0000000096006254       0x9c /home/smanupa/cboot/out/build-t186/bootloader/partner/common/drivers/display.mod.o
                0x0000000096006254                tegrabl_display_unit_clear
 .text.tegrabl_display_unit_init
                0x00000000960062f0      0x190 /home/smanupa/cboot/out/build-t186/bootloader/partner/common/drivers/display.mod.o
                0x00000000960062f0                tegrabl_display_unit_init
 .text.tegrabl_display_unit_ioctl
                0x0000000096006480      0x154 /home/smanupa/cboot/out/build-t186/bootloader/partner/common/drivers/display.mod.o
                0x0000000096006480                tegrabl_display_unit_ioctl
 .text.tegrabl_display_unit_shutdown
                0x00000000960065d4       0x6c /home/smanupa/cboot/out/build-t186/bootloader/partner/common/drivers/display.mod.o
                0x00000000960065d4                tegrabl_display_unit_shutdown
 .text.nvdisp_set_head_clk
                0x0000000096006640       0x8c /home/smanupa/cboot/out/build-t186/bootloader/partner/common/drivers/display.mod.o
 .text.nvdisp_clk_setup
                0x00000000960066cc      0x318 /home/smanupa/cboot/out/build-t186/bootloader/partner/common/drivers/display.mod.o
                0x00000000960066cc                nvdisp_clk_setup
 .text.nvdisp_enable
                0x00000000960069e4      0x30c /home/smanupa/cboot/out/build-t186/bootloader/partner/common/drivers/display.mod.o
                0x00000000960069e4                nvdisp_enable
 .text.tegrabl_nvdisp_init
                0x0000000096006cf0      0x134 /home/smanupa/cboot/out/build-t186/bootloader/partner/common/drivers/display.mod.o
                0x0000000096006cf0                tegrabl_nvdisp_init
 .text.tegrabl_nvdisp_list_windows
                0x0000000096006e24        0x8 /home/smanupa/cboot/out/build-t186/bootloader/partner/common/drivers/display.mod.o
                0x0000000096006e24                tegrabl_nvdisp_list_windows
 .text.tegrabl_nvdisp_configure_window
                0x0000000096006e2c       0xf0 /home/smanupa/cboot/out/build-t186/bootloader/partner/common/drivers/display.mod.o
                0x0000000096006e2c                tegrabl_nvdisp_configure_window
 .text.tegrabl_nvdisp_win_set_surface
                0x0000000096006f1c        0x4 /home/smanupa/cboot/out/build-t186/bootloader/partner/common/drivers/display.mod.o
                0x0000000096006f1c                tegrabl_nvdisp_win_set_surface
 .text.nvdisp_win_select
                0x0000000096006f20       0x14 /home/smanupa/cboot/out/build-t186/bootloader/partner/common/drivers/display.mod.o
                0x0000000096006f20                nvdisp_win_select
 .text.nvdisp_win_set_buf
                0x0000000096006f34       0x20 /home/smanupa/cboot/out/build-t186/bootloader/partner/common/drivers/display.mod.o
                0x0000000096006f34                nvdisp_win_set_buf
 .text.nvdisp_win_list
                0x0000000096006f54        0xc /home/smanupa/cboot/out/build-t186/bootloader/partner/common/drivers/display.mod.o
                0x0000000096006f54                nvdisp_win_list
 .text.nvdisp_win_set_owner
                0x0000000096006f60       0x28 /home/smanupa/cboot/out/build-t186/bootloader/partner/common/drivers/display.mod.o
                0x0000000096006f60                nvdisp_win_set_owner
 .text.nvdisp_win_config
                0x0000000096006f88       0x80 /home/smanupa/cboot/out/build-t186/bootloader/partner/common/drivers/display.mod.o
                0x0000000096006f88                nvdisp_win_config
 .text.nvdisp_win_csc_init_defaults
                0x0000000096007008       0x10 /home/smanupa/cboot/out/build-t186/bootloader/partner/common/drivers/display.mod.o
                0x0000000096007008                nvdisp_win_csc_init_defaults
 .text.nvdisp_win_csc_set
                0x0000000096007018       0xb0 /home/smanupa/cboot/out/build-t186/bootloader/partner/common/drivers/display.mod.o
                0x0000000096007018                nvdisp_win_csc_set
 .text.nvdisp_win_cp_init_defaults
                0x00000000960070c8       0x24 /home/smanupa/cboot/out/build-t186/bootloader/partner/common/drivers/display.mod.o
                0x00000000960070c8                nvdisp_win_cp_init_defaults
 .text.nvdisp_win_cp_set
                0x00000000960070ec       0x68 /home/smanupa/cboot/out/build-t186/bootloader/partner/common/drivers/display.mod.o
                0x00000000960070ec                nvdisp_win_cp_set
 .text.nvdisp_cmu_init_defaults
                0x0000000096007154       0x30 /home/smanupa/cboot/out/build-t186/bootloader/partner/common/drivers/display.mod.o
                0x0000000096007154                nvdisp_cmu_init_defaults
 .text.nvdisp_cmu_set
                0x0000000096007184       0x7c /home/smanupa/cboot/out/build-t186/bootloader/partner/common/drivers/display.mod.o
                0x0000000096007184                nvdisp_cmu_set
 .text.hdmi_setup_clk
                0x0000000096007200        0x8 /home/smanupa/cboot/out/build-t186/bootloader/partner/common/drivers/display.mod.o
 .text.hdmi_disable
                0x0000000096007208        0x8 /home/smanupa/cboot/out/build-t186/bootloader/partner/common/drivers/display.mod.o
 .text.hdmi_v2_x_mon_config
                0x0000000096007210       0x58 /home/smanupa/cboot/out/build-t186/bootloader/partner/common/drivers/display.mod.o
 .text.hdmi_init
                0x0000000096007268       0xf4 /home/smanupa/cboot/out/build-t186/bootloader/partner/common/drivers/display.mod.o
 .text.hdmi_v2_x_config
                0x000000009600735c       0x88 /home/smanupa/cboot/out/build-t186/bootloader/partner/common/drivers/display.mod.o
 .text.monitor_scdc_block
                0x00000000960073e4       0x7c /home/smanupa/cboot/out/build-t186/bootloader/partner/common/drivers/display.mod.o
 .text.hdmi_enable
                0x0000000096007460      0x4dc /home/smanupa/cboot/out/build-t186/bootloader/partner/common/drivers/display.mod.o
 .text.tegrabl_dp_setup_clk
                0x000000009600793c        0x8 /home/smanupa/cboot/out/build-t186/bootloader/partner/common/drivers/display.mod.o
                0x000000009600793c                tegrabl_dp_setup_clk
 .text.dp_link_cal
                0x0000000096007944       0x64 /home/smanupa/cboot/out/build-t186/bootloader/partner/common/drivers/display.mod.o
 .text.tegrabl_dp_init
                0x00000000960079a8       0xf4 /home/smanupa/cboot/out/build-t186/bootloader/partner/common/drivers/display.mod.o
 .text.dp_tu_config.isra.2
                0x0000000096007a9c       0x8c /home/smanupa/cboot/out/build-t186/bootloader/partner/common/drivers/display.mod.o
 .text.tegrabl_dp_clock_config
                0x0000000096007b28      0x1f0 /home/smanupa/cboot/out/build-t186/bootloader/partner/common/drivers/display.mod.o
                0x0000000096007b28                tegrabl_dp_clock_config
 .text.tegrabl_dp_dpcd_read
                0x0000000096007d18       0x64 /home/smanupa/cboot/out/build-t186/bootloader/partner/common/drivers/display.mod.o
                0x0000000096007d18                tegrabl_dp_dpcd_read
 .text.tegrabl_dp_dpcd_write
                0x0000000096007d7c       0x68 /home/smanupa/cboot/out/build-t186/bootloader/partner/common/drivers/display.mod.o
                0x0000000096007d7c                tegrabl_dp_dpcd_write
 .text.tegrabl_dp_dpcd_write_field
                0x0000000096007de4       0x5c /home/smanupa/cboot/out/build-t186/bootloader/partner/common/drivers/display.mod.o
                0x0000000096007de4                tegrabl_dp_dpcd_write_field
 .text.tegrabl_dp_calc_config
                0x0000000096007e40      0x2e4 /home/smanupa/cboot/out/build-t186/bootloader/partner/common/drivers/display.mod.o
                0x0000000096007e40                tegrabl_dp_calc_config
 .text.tegrabl_dp_enable
                0x0000000096008124      0x488 /home/smanupa/cboot/out/build-t186/bootloader/partner/common/drivers/display.mod.o
 .text.tegrabl_dp_tpg
                0x00000000960085ac       0x50 /home/smanupa/cboot/out/build-t186/bootloader/partner/common/drivers/display.mod.o
                0x00000000960085ac                tegrabl_dp_tpg
 .text.tegrabl_dp_update_link_config
                0x00000000960085fc       0x80 /home/smanupa/cboot/out/build-t186/bootloader/partner/common/drivers/display.mod.o
                0x00000000960085fc                tegrabl_dp_update_link_config
 .text.fast_lt_state
                0x000000009600867c        0xc /home/smanupa/cboot/out/build-t186/bootloader/partner/common/drivers/display.mod.o
 .text.set_lt_tpg
                0x0000000096008688       0x78 /home/smanupa/cboot/out/build-t186/bootloader/partner/common/drivers/display.mod.o
 .text.lt_data_sw_reset
                0x0000000096008700       0x78 /home/smanupa/cboot/out/build-t186/bootloader/partner/common/drivers/display.mod.o
 .text.lt_data_reset
                0x0000000096008778       0x48 /home/smanupa/cboot/out/build-t186/bootloader/partner/common/drivers/display.mod.o
 .text.lt_failed
                0x00000000960087c0       0x48 /home/smanupa/cboot/out/build-t186/bootloader/partner/common/drivers/display.mod.o
 .text.get_clock_recovery_status
                0x0000000096008808       0x98 /home/smanupa/cboot/out/build-t186/bootloader/partner/common/drivers/display.mod.o
 .text.get_channel_eq_status
                0x00000000960088a0       0xb4 /home/smanupa/cboot/out/build-t186/bootloader/partner/common/drivers/display.mod.o
 .text.lt_passed
                0x0000000096008954       0x40 /home/smanupa/cboot/out/build-t186/bootloader/partner/common/drivers/display.mod.o
 .text.set_lt_config
                0x0000000096008994      0x384 /home/smanupa/cboot/out/build-t186/bootloader/partner/common/drivers/display.mod.o
 .text.get_lt_new_config
                0x0000000096008d18      0x11c /home/smanupa/cboot/out/build-t186/bootloader/partner/common/drivers/display.mod.o
 .text.lt_reduce_bit_rate_state
                0x0000000096008e34      0x1a8 /home/smanupa/cboot/out/build-t186/bootloader/partner/common/drivers/display.mod.o
 .text.lt_clock_recovery_state
                0x0000000096008fdc      0x168 /home/smanupa/cboot/out/build-t186/bootloader/partner/common/drivers/display.mod.o
 .text.lt_reset_state
                0x0000000096009144       0xd8 /home/smanupa/cboot/out/build-t186/bootloader/partner/common/drivers/display.mod.o
 .text.lt_channel_equalization_state
                0x000000009600921c      0x128 /home/smanupa/cboot/out/build-t186/bootloader/partner/common/drivers/display.mod.o
 .text.tegrabl_dp_lt
                0x0000000096009344      0x13c /home/smanupa/cboot/out/build-t186/bootloader/partner/common/drivers/display.mod.o
                0x0000000096009344                tegrabl_dp_lt
 .text.tegrabl_dp_lt_init
                0x0000000096009480        0xc /home/smanupa/cboot/out/build-t186/bootloader/partner/common/drivers/display.mod.o
                0x0000000096009480                tegrabl_dp_lt_init
 .text.sor_init
                0x000000009600948c       0x74 /home/smanupa/cboot/out/build-t186/bootloader/partner/common/drivers/display.mod.o
                0x000000009600948c                sor_init
 .text.sor_poll_register
                0x0000000096009500       0x94 /home/smanupa/cboot/out/build-t186/bootloader/partner/common/drivers/display.mod.o
                0x0000000096009500                sor_poll_register
 .text.sor_set_lane_count
                0x0000000096009594       0x74 /home/smanupa/cboot/out/build-t186/bootloader/partner/common/drivers/display.mod.o
                0x0000000096009594                sor_set_lane_count
 .text.sor_power_lanes
                0x0000000096009608      0x178 /home/smanupa/cboot/out/build-t186/bootloader/partner/common/drivers/display.mod.o
                0x0000000096009608                sor_power_lanes
 .text.sor_set_power_state
                0x0000000096009780       0x6c /home/smanupa/cboot/out/build-t186/bootloader/partner/common/drivers/display.mod.o
                0x0000000096009780                sor_set_power_state
 .text.sor_set_link_bandwidth
                0x00000000960097ec       0x20 /home/smanupa/cboot/out/build-t186/bootloader/partner/common/drivers/display.mod.o
                0x00000000960097ec                sor_set_link_bandwidth
 .text.sor_config_hdmi_clk
                0x000000009600980c       0x60 /home/smanupa/cboot/out/build-t186/bootloader/partner/common/drivers/display.mod.o
                0x000000009600980c                sor_config_hdmi_clk
 .text.sor_pad_cal_power
                0x000000009600986c       0x2c /home/smanupa/cboot/out/build-t186/bootloader/partner/common/drivers/display.mod.o
                0x000000009600986c                sor_pad_cal_power
 .text.sor_hdmi_pad_power_up
                0x0000000096009898      0x114 /home/smanupa/cboot/out/build-t186/bootloader/partner/common/drivers/display.mod.o
                0x0000000096009898                sor_hdmi_pad_power_up
 .text.sor_termination_cal
                0x00000000960099ac       0x80 /home/smanupa/cboot/out/build-t186/bootloader/partner/common/drivers/display.mod.o
                0x00000000960099ac                sor_termination_cal
 .text.sor_cal  0x0000000096009a2c       0x90 /home/smanupa/cboot/out/build-t186/bootloader/partner/common/drivers/display.mod.o
                0x0000000096009a2c                sor_cal
 .text.sor_set_internal_panel
                0x0000000096009abc       0x54 /home/smanupa/cboot/out/build-t186/bootloader/partner/common/drivers/display.mod.o
                0x0000000096009abc                sor_set_internal_panel
 .text.sor_super_update
                0x0000000096009b10       0x18 /home/smanupa/cboot/out/build-t186/bootloader/partner/common/drivers/display.mod.o
                0x0000000096009b10                sor_super_update
 .text.sor_update
                0x0000000096009b28       0x18 /home/smanupa/cboot/out/build-t186/bootloader/partner/common/drivers/display.mod.o
                0x0000000096009b28                sor_update
 .text.sor_enable_sor
                0x0000000096009b40       0x90 /home/smanupa/cboot/out/build-t186/bootloader/partner/common/drivers/display.mod.o
                0x0000000096009b40                sor_enable_sor
 .text.sor_config_xbar
                0x0000000096009bd0       0x50 /home/smanupa/cboot/out/build-t186/bootloader/partner/common/drivers/display.mod.o
                0x0000000096009bd0                sor_config_xbar
 .text.sor_attach
                0x0000000096009c20      0x228 /home/smanupa/cboot/out/build-t186/bootloader/partner/common/drivers/display.mod.o
                0x0000000096009c20                sor_attach
 .text.sor_config_prod_settings
                0x0000000096009e48       0xa0 /home/smanupa/cboot/out/build-t186/bootloader/partner/common/drivers/display.mod.o
                0x0000000096009e48                sor_config_prod_settings
 .text.sor_dump_registers
                0x0000000096009ee8        0x4 /home/smanupa/cboot/out/build-t186/bootloader/partner/common/drivers/display.mod.o
                0x0000000096009ee8                sor_dump_registers
 .text.tegrabl_sor_tpg
                0x0000000096009eec       0x9c /home/smanupa/cboot/out/build-t186/bootloader/partner/common/drivers/display.mod.o
                0x0000000096009eec                tegrabl_sor_tpg
 .text.tegrabl_sor_port_enable
                0x0000000096009f88       0x2c /home/smanupa/cboot/out/build-t186/bootloader/partner/common/drivers/display.mod.o
                0x0000000096009f88                tegrabl_sor_port_enable
 .text.tegrabl_sor_enable_dp
                0x0000000096009fb4      0x108 /home/smanupa/cboot/out/build-t186/bootloader/partner/common/drivers/display.mod.o
                0x0000000096009fb4                tegrabl_sor_enable_dp
 .text.tegrabl_sor_precharge_lanes
                0x000000009600a0bc       0xec /home/smanupa/cboot/out/build-t186/bootloader/partner/common/drivers/display.mod.o
                0x000000009600a0bc                tegrabl_sor_precharge_lanes
 .text.tegrabl_sor_detach
                0x000000009600a1a8        0x4 /home/smanupa/cboot/out/build-t186/bootloader/partner/common/drivers/display.mod.o
                0x000000009600a1a8                tegrabl_sor_detach
 .text.parse_detailed_timing
                0x000000009600a1ac      0x108 /home/smanupa/cboot/out/build-t186/bootloader/partner/common/drivers/display.mod.o
 .text.read_edid
                0x000000009600a2b4      0x1e0 /home/smanupa/cboot/out/build-t186/bootloader/partner/common/drivers/display.mod.o
                0x000000009600a2b4                read_edid
 .text.add_mode
                0x000000009600a494       0x34 /home/smanupa/cboot/out/build-t186/bootloader/partner/common/drivers/display.mod.o
                0x000000009600a494                add_mode
 .text.parse_header
                0x000000009600a4c8       0x2c /home/smanupa/cboot/out/build-t186/bootloader/partner/common/drivers/display.mod.o
                0x000000009600a4c8                parse_header
 .text.parse_established_timings
                0x000000009600a4f4       0xf8 /home/smanupa/cboot/out/build-t186/bootloader/partner/common/drivers/display.mod.o
                0x000000009600a4f4                parse_established_timings
 .text.parse_standard_timings
                0x000000009600a5ec      0x178 /home/smanupa/cboot/out/build-t186/bootloader/partner/common/drivers/display.mod.o
                0x000000009600a5ec                parse_standard_timings
 .text.fill_mode_with_monitor_data
                0x000000009600a764       0x68 /home/smanupa/cboot/out/build-t186/bootloader/partner/common/drivers/display.mod.o
                0x000000009600a764                fill_mode_with_monitor_data
 .text.parse_descriptors
                0x000000009600a7cc      0x434 /home/smanupa/cboot/out/build-t186/bootloader/partner/common/drivers/display.mod.o
                0x000000009600a7cc                parse_descriptors
 .text.parse_edid
                0x000000009600ac00      0x104 /home/smanupa/cboot/out/build-t186/bootloader/partner/common/drivers/display.mod.o
                0x000000009600ac00                parse_edid
 .text.mode_from_hdmi_mode
                0x000000009600ad04      0x148 /home/smanupa/cboot/out/build-t186/bootloader/partner/common/drivers/display.mod.o
                0x000000009600ad04                mode_from_hdmi_mode
 .text.tegrabl_edid_get_mode
                0x000000009600ae4c       0xd0 /home/smanupa/cboot/out/build-t186/bootloader/partner/common/drivers/display.mod.o
                0x000000009600ae4c                tegrabl_edid_get_mode
 .text.tegrabl_edid_is_panel_hdmi
                0x000000009600af1c        0xc /home/smanupa/cboot/out/build-t186/bootloader/partner/common/drivers/display.mod.o
                0x000000009600af1c                tegrabl_edid_is_panel_hdmi
 .text.get_best_mode
                0x000000009600af28      0x268 /home/smanupa/cboot/out/build-t186/bootloader/partner/common/drivers/display.mod.o
                0x000000009600af28                get_best_mode
 .text.fdt32_to_cpu
                0x000000009600b190       0x20 /home/smanupa/cboot/out/build-t186/bootloader/partner/common/drivers/display.mod.o
 .text.check_status_of_node
                0x000000009600b1b0       0x90 /home/smanupa/cboot/out/build-t186/bootloader/partner/common/drivers/display.mod.o
 .text.get_offset_by_phandle
                0x000000009600b240       0x94 /home/smanupa/cboot/out/build-t186/bootloader/partner/common/drivers/display.mod.o
 .text.tegrabl_display_get_du_list
                0x000000009600b2d4      0x618 /home/smanupa/cboot/out/build-t186/bootloader/partner/common/drivers/display.mod.o
                0x000000009600b2d4                tegrabl_display_get_du_list
 .text.parse_prod_list
                0x000000009600b8ec      0x2cc /home/smanupa/cboot/out/build-t186/bootloader/partner/common/drivers/display.mod.o
 .text.parse_hdmi_regulator_settings
                0x000000009600bbb8       0xec /home/smanupa/cboot/out/build-t186/bootloader/partner/common/drivers/display.mod.o
                0x000000009600bbb8                parse_hdmi_regulator_settings
 .text.parse_hpd_gpio
                0x000000009600bca4       0xec /home/smanupa/cboot/out/build-t186/bootloader/partner/common/drivers/display.mod.o
                0x000000009600bca4                parse_hpd_gpio
 .text.parse_hdmi_prod_settings
                0x000000009600bd90       0xc4 /home/smanupa/cboot/out/build-t186/bootloader/partner/common/drivers/display.mod.o
                0x000000009600bd90                parse_hdmi_prod_settings
 .text.parse_dp_dtb_settings
                0x000000009600be54      0x4ec /home/smanupa/cboot/out/build-t186/bootloader/partner/common/drivers/display.mod.o
                0x000000009600be54                parse_dp_dtb_settings
 .text.parse_dp_regulator_settings
                0x000000009600c340      0x100 /home/smanupa/cboot/out/build-t186/bootloader/partner/common/drivers/display.mod.o
                0x000000009600c340                parse_dp_regulator_settings
 .text.parse_edp_regulator_settings
                0x000000009600c440       0xb8 /home/smanupa/cboot/out/build-t186/bootloader/partner/common/drivers/display.mod.o
                0x000000009600c440                parse_edp_regulator_settings
 .text.tegrabl_dt_get_prop_u32
                0x000000009600c4f8       0x10 /home/smanupa/cboot/out/build-t186/bootloader/partner/common/drivers/display.mod.o
 .text.parse_nvdisp_dtb_settings
                0x000000009600c508       0xe0 /home/smanupa/cboot/out/build-t186/bootloader/partner/common/drivers/display.mod.o
                0x000000009600c508                parse_nvdisp_dtb_settings
 .text.parse_prod_settings
                0x000000009600c5e8      0x220 /home/smanupa/cboot/out/build-t186/bootloader/partner/common/drivers/display.mod.o
                0x000000009600c5e8                parse_prod_settings
 .text.tegrabl_display_parse_xbar
                0x000000009600c808       0x9c /home/smanupa/cboot/out/build-t186/bootloader/partner/common/drivers/display.mod.o
                0x000000009600c808                tegrabl_display_parse_xbar
 .text.parse_display_timings
                0x000000009600c8a4      0x194 /home/smanupa/cboot/out/build-t186/bootloader/partner/common/drivers/display.mod.o
                0x000000009600c8a4                parse_display_timings
 .text.tegrabl_display_enable_regulator
                0x000000009600ca38       0x64 /home/smanupa/cboot/out/build-t186/bootloader/partner/common/drivers/display.mod.o
 .text.tegrabl_display_init_regulator
                0x000000009600ca9c      0x280 /home/smanupa/cboot/out/build-t186/bootloader/partner/common/drivers/display.mod.o
                0x000000009600ca9c                tegrabl_display_init_regulator
 .text.tegrabl_display_unpowergate
                0x000000009600cd1c       0x98 /home/smanupa/cboot/out/build-t186/bootloader/partner/common/drivers/display.mod.o
                0x000000009600cd1c                tegrabl_display_unpowergate
 .text.tegrabl_display_powergate
                0x000000009600cdb4       0x98 /home/smanupa/cboot/out/build-t186/bootloader/partner/common/drivers/display.mod.o
                0x000000009600cdb4                tegrabl_display_powergate
 .text.tegrabl_display_get_i2c
                0x000000009600ce4c       0x54 /home/smanupa/cboot/out/build-t186/bootloader/partner/common/drivers/display.mod.o
                0x000000009600ce4c                tegrabl_display_get_i2c
 .text.tegrabl_eeprom_read
                0x000000009600cea0      0x168 /home/smanupa/cboot/out/build-t186/bootloader/partner/common/drivers/eeprom.mod.o
                0x000000009600cea0                tegrabl_eeprom_read
 .text.tegrabl_unmap_buffers
                0x000000009600d008       0x7c /home/smanupa/cboot/out/build-t186/bootloader/partner/common/drivers/gpcdma.mod.o
 .text.tegrabl_dma_request
                0x000000009600d084      0x100 /home/smanupa/cboot/out/build-t186/bootloader/partner/common/drivers/gpcdma.mod.o
                0x000000009600d084                tegrabl_dma_request
 .text.tegrabl_dma_transfer
                0x000000009600d184      0x328 /home/smanupa/cboot/out/build-t186/bootloader/partner/common/drivers/gpcdma.mod.o
                0x000000009600d184                tegrabl_dma_transfer
 .text.tegrabl_dma_transfer_status
                0x000000009600d4ac       0xb4 /home/smanupa/cboot/out/build-t186/bootloader/partner/common/drivers/gpcdma.mod.o
                0x000000009600d4ac                tegrabl_dma_transfer_status
 .text.tegrabl_dma_transfer_abort
                0x000000009600d560       0x20 /home/smanupa/cboot/out/build-t186/bootloader/partner/common/drivers/gpcdma.mod.o
                0x000000009600d560                tegrabl_dma_transfer_abort
 .text.tegrabl_init_scrub_dma
                0x000000009600d580      0x1b4 /home/smanupa/cboot/out/build-t186/bootloader/partner/common/drivers/gpcdma.mod.o
                0x000000009600d580                tegrabl_init_scrub_dma
 .text.gpcdma_get_soc_info
                0x000000009600d734       0x10 /home/smanupa/cboot/out/build-t186/bootloader/partner/common/drivers/gpcdma.mod.o
                0x000000009600d734                gpcdma_get_soc_info
 .text.reg      0x000000009600d744       0x28 /home/smanupa/cboot/out/build-t186/bootloader/partner/common/drivers/gpio.mod.o
 .text.tegrabl_gpio_read
                0x000000009600d76c       0x5c /home/smanupa/cboot/out/build-t186/bootloader/partner/common/drivers/gpio.mod.o
 .text.tegrabl_gpio_write
                0x000000009600d7c8       0x5c /home/smanupa/cboot/out/build-t186/bootloader/partner/common/drivers/gpio.mod.o
 .text.tegrabl_gpio_config
                0x000000009600d824       0xa4 /home/smanupa/cboot/out/build-t186/bootloader/partner/common/drivers/gpio.mod.o
 .text.tegrabl_gpio_driver_init
                0x000000009600d8c8      0x124 /home/smanupa/cboot/out/build-t186/bootloader/partner/common/drivers/gpio.mod.o
                0x000000009600d8c8                tegrabl_gpio_driver_init
 .text.tegrabl_gpio_driver_register
                0x000000009600d9ec       0xd4 /home/smanupa/cboot/out/build-t186/bootloader/partner/common/drivers/gpio.mod.o
                0x000000009600d9ec                tegrabl_gpio_driver_register
 .text.tegrabl_gpio_driver_get
                0x000000009600dac0       0x8c /home/smanupa/cboot/out/build-t186/bootloader/partner/common/drivers/gpio.mod.o
                0x000000009600dac0                tegrabl_gpio_driver_get
 .text.tegrabl_gpio_get_chipid_with_phandle
                0x000000009600db4c       0x4c /home/smanupa/cboot/out/build-t186/bootloader/partner/common/drivers/gpio.mod.o
                0x000000009600db4c                tegrabl_gpio_get_chipid_with_phandle
 .text.gpio_framework_init
                0x000000009600db98       0x34 /home/smanupa/cboot/out/build-t186/bootloader/partner/common/drivers/gpio.mod.o
                0x000000009600db98                gpio_framework_init
 .text.tegrabl_pinconfig_set
                0x000000009600dbcc       0x30 /home/smanupa/cboot/out/build-t186/bootloader/partner/common/drivers/gpio.mod.o
                0x000000009600dbcc                tegrabl_pinconfig_set
 .text.tca9539_gpio_config
                0x000000009600dbfc      0x10c /home/smanupa/cboot/out/build-t186/bootloader/partner/common/drivers/gpio.mod.o
 .text.tca9539_gpio_write
                0x000000009600dd08       0xe0 /home/smanupa/cboot/out/build-t186/bootloader/partner/common/drivers/gpio.mod.o
 .text.tca9539_gpio_read
                0x000000009600dde8       0xd0 /home/smanupa/cboot/out/build-t186/bootloader/partner/common/drivers/gpio.mod.o
 .text.tegrabl_tca9539_init
                0x000000009600deb8      0x334 /home/smanupa/cboot/out/build-t186/bootloader/partner/common/drivers/gpio.mod.o
                0x000000009600deb8                tegrabl_tca9539_init
 .text.i2c_load_config.part.2
                0x000000009600e1ec       0x74 /home/smanupa/cboot/out/build-t186/bootloader/partner/common/drivers/i2c.mod.o
 .text.i2c_wait_for_transfer_complete
                0x000000009600e260       0xd8 /home/smanupa/cboot/out/build-t186/bootloader/partner/common/drivers/i2c.mod.o
 .text.i2c_send_header
                0x000000009600e338       0x74 /home/smanupa/cboot/out/build-t186/bootloader/partner/common/drivers/i2c.mod.o
 .text.i2c_reset_controller
                0x000000009600e3ac      0x174 /home/smanupa/cboot/out/build-t186/bootloader/partner/common/drivers/i2c.mod.o
 .text.tegrabl_i2c_set_bus_freq_info
                0x000000009600e520       0xf0 /home/smanupa/cboot/out/build-t186/bootloader/partner/common/drivers/i2c.mod.o
                0x000000009600e520                tegrabl_i2c_set_bus_freq_info
 .text.tegrabl_i2c_register
                0x000000009600e610       0x18 /home/smanupa/cboot/out/build-t186/bootloader/partner/common/drivers/i2c.mod.o
                0x000000009600e610                tegrabl_i2c_register
 .text.tegrabl_i2c_lookup
                0x000000009600e628       0x6c /home/smanupa/cboot/out/build-t186/bootloader/partner/common/drivers/i2c.mod.o
                0x000000009600e628                tegrabl_i2c_lookup
 .text.tegrabl_i2c_bus_clear
                0x000000009600e694      0x16c /home/smanupa/cboot/out/build-t186/bootloader/partner/common/drivers/i2c.mod.o
                0x000000009600e694                tegrabl_i2c_bus_clear
 .text.tegrabl_i2c_open
                0x000000009600e800      0x23c /home/smanupa/cboot/out/build-t186/bootloader/partner/common/drivers/i2c.mod.o
                0x000000009600e800                tegrabl_i2c_open
 .text.tegrabl_i2c_read
                0x000000009600ea3c      0x204 /home/smanupa/cboot/out/build-t186/bootloader/partner/common/drivers/i2c.mod.o
                0x000000009600ea3c                tegrabl_i2c_read
 .text.tegrabl_i2c_write
                0x000000009600ec40      0x1fc /home/smanupa/cboot/out/build-t186/bootloader/partner/common/drivers/i2c.mod.o
                0x000000009600ec40                tegrabl_i2c_write
 .text.tegrabl_virtual_i2c_xfer
                0x000000009600ee3c      0x218 /home/smanupa/cboot/out/build-t186/bootloader/partner/common/drivers/i2c.mod.o
                0x000000009600ee3c                tegrabl_virtual_i2c_xfer
 .text.i2c_get_soc_info
                0x000000009600f054       0x18 /home/smanupa/cboot/out/build-t186/bootloader/partner/common/drivers/i2c.mod.o
                0x000000009600f054                i2c_get_soc_info
 .text.tegrabl_i2c_get_clk_source_rate
                0x000000009600f06c        0xc /home/smanupa/cboot/out/build-t186/bootloader/partner/common/drivers/i2c.mod.o
                0x000000009600f06c                tegrabl_i2c_get_clk_source_rate
 .text.tegrabl_i2c_register_prod_settings
                0x000000009600f078       0xa8 /home/smanupa/cboot/out/build-t186/bootloader/partner/common/drivers/i2c.mod.o
                0x000000009600f078                tegrabl_i2c_register_prod_settings
 .text.i2c_set_prod_settings
                0x000000009600f120       0xc4 /home/smanupa/cboot/out/build-t186/bootloader/partner/common/drivers/i2c.mod.o
                0x000000009600f120                i2c_set_prod_settings
 .text.tegrabl_i2c_dev_open
                0x000000009600f1e4       0xcc /home/smanupa/cboot/out/build-t186/bootloader/partner/common/drivers/i2c_dev.mod.o
                0x000000009600f1e4                tegrabl_i2c_dev_open
 .text.tegrabl_i2c_dev_read
                0x000000009600f2b0      0x284 /home/smanupa/cboot/out/build-t186/bootloader/partner/common/drivers/i2c_dev.mod.o
                0x000000009600f2b0                tegrabl_i2c_dev_read
 .text.tegrabl_i2c_dev_write
                0x000000009600f534      0x268 /home/smanupa/cboot/out/build-t186/bootloader/partner/common/drivers/i2c_dev.mod.o
                0x000000009600f534                tegrabl_i2c_dev_write
 .text.tegrabl_pmic_register
                0x000000009600f79c       0xa0 /home/smanupa/cboot/out/build-t186/bootloader/partner/common/drivers/pmic.mod.o
                0x000000009600f79c                tegrabl_pmic_register
 .text.tegrabl_pmic_init
                0x000000009600f83c       0x14 /home/smanupa/cboot/out/build-t186/bootloader/partner/common/drivers/pmic.mod.o
                0x000000009600f83c                tegrabl_pmic_init
 .text.enable_sd
                0x000000009600f850        0x8 /home/smanupa/cboot/out/build-t186/bootloader/partner/common/drivers/pmic/max77620.mod.o
 .text.max77620_gpio_config
                0x000000009600f858        0x8 /home/smanupa/cboot/out/build-t186/bootloader/partner/common/drivers/pmic/max77620.mod.o
 .text.max77620_gpio_read
                0x000000009600f860        0x8 /home/smanupa/cboot/out/build-t186/bootloader/partner/common/drivers/pmic/max77620.mod.o
 .text.max77620_get_reset_reason
                0x000000009600f868       0x64 /home/smanupa/cboot/out/build-t186/bootloader/partner/common/drivers/pmic/max77620.mod.o
 .text.max77620_poweroff
                0x000000009600f8cc       0x7c /home/smanupa/cboot/out/build-t186/bootloader/partner/common/drivers/pmic/max77620.mod.o
 .text.set_regulator_voltage
                0x000000009600f948       0xdc /home/smanupa/cboot/out/build-t186/bootloader/partner/common/drivers/pmic/max77620.mod.o
 .text.set_sd_voltage
                0x000000009600fa24        0x4 /home/smanupa/cboot/out/build-t186/bootloader/partner/common/drivers/pmic/max77620.mod.o
 .text.max77620_gpio_write
                0x000000009600fa28       0xc4 /home/smanupa/cboot/out/build-t186/bootloader/partner/common/drivers/pmic/max77620.mod.o
 .text.enable_ldo
                0x000000009600faec        0x8 /home/smanupa/cboot/out/build-t186/bootloader/partner/common/drivers/pmic/max77620.mod.o
 .text.disable_ldo
                0x000000009600faf4        0x8 /home/smanupa/cboot/out/build-t186/bootloader/partner/common/drivers/pmic/max77620.mod.o
 .text.disable_sd
                0x000000009600fafc        0x8 /home/smanupa/cboot/out/build-t186/bootloader/partner/common/drivers/pmic/max77620.mod.o
 .text.set_ldo_voltage
                0x000000009600fb04        0x4 /home/smanupa/cboot/out/build-t186/bootloader/partner/common/drivers/pmic/max77620.mod.o
 .text.tegrabl_max77620_init
                0x000000009600fb08      0x5ac /home/smanupa/cboot/out/build-t186/bootloader/partner/common/drivers/pmic/max77620.mod.o
                0x000000009600fb08                tegrabl_max77620_init
 .text.qspi_fill_tx_fifo
                0x00000000960100b4       0x6c /home/smanupa/cboot/out/build-t186/bootloader/partner/common/drivers/qspi.mod.o
 .text.qspi_receive_start_one_xfer_pio
                0x0000000096010120       0x78 /home/smanupa/cboot/out/build-t186/bootloader/partner/common/drivers/qspi.mod.o
 .text.qspi_wait_for_ready_bit
                0x0000000096010198       0x6c /home/smanupa/cboot/out/build-t186/bootloader/partner/common/drivers/qspi.mod.o
 .text.qspi_send_start_one_xfer_dma
                0x0000000096010204      0x15c /home/smanupa/cboot/out/build-t186/bootloader/partner/common/drivers/qspi.mod.o
 .text.qspi_receive_start_one_xfer_dma
                0x0000000096010360      0x170 /home/smanupa/cboot/out/build-t186/bootloader/partner/common/drivers/qspi.mod.o
 .text.qspi_set_chip_select_level.isra.2
                0x00000000960104d0       0x38 /home/smanupa/cboot/out/build-t186/bootloader/partner/common/drivers/qspi.mod.o
 .text.qspi_clear_ready_bit.isra.3
                0x0000000096010508       0x28 /home/smanupa/cboot/out/build-t186/bootloader/partner/common/drivers/qspi.mod.o
 .text.qspi_stop_tx
                0x0000000096010530       0x30 /home/smanupa/cboot/out/build-t186/bootloader/partner/common/drivers/qspi.mod.o
 .text.qspi_stop_rx
                0x0000000096010560       0x30 /home/smanupa/cboot/out/build-t186/bootloader/partner/common/drivers/qspi.mod.o
 .text.qspi_hw_flush_fifos.isra.5
                0x0000000096010590       0x94 /home/smanupa/cboot/out/build-t186/bootloader/partner/common/drivers/qspi.mod.o
 .text.qspi_hw_disable_transfer
                0x0000000096010624       0x98 /home/smanupa/cboot/out/build-t186/bootloader/partner/common/drivers/qspi.mod.o
 .text.qspi_abort_tx_dma
                0x00000000960106bc       0x38 /home/smanupa/cboot/out/build-t186/bootloader/partner/common/drivers/qspi.mod.o
 .text.qspi_abort_rx_dma
                0x00000000960106f4       0x38 /home/smanupa/cboot/out/build-t186/bootloader/partner/common/drivers/qspi.mod.o
 .text.qspi_send_start_one_xfer_pio
                0x000000009601072c       0xd0 /home/smanupa/cboot/out/build-t186/bootloader/partner/common/drivers/qspi.mod.o
 .text.qspi_start_remaining_one_xfer
                0x00000000960107fc       0xc8 /home/smanupa/cboot/out/build-t186/bootloader/partner/common/drivers/qspi.mod.o
 .text.qspi_start_one_transaction
                0x00000000960108c4      0x15c /home/smanupa/cboot/out/build-t186/bootloader/partner/common/drivers/qspi.mod.o
 .text.qspi_wait_transfer
                0x0000000096010a20      0x3ec /home/smanupa/cboot/out/build-t186/bootloader/partner/common/drivers/qspi.mod.o
 .text.qspi_check_transfer_status
                0x0000000096010e0c       0xdc /home/smanupa/cboot/out/build-t186/bootloader/partner/common/drivers/qspi.mod.o
 .text.tegrabl_qspi_transaction
                0x0000000096010ee8      0x140 /home/smanupa/cboot/out/build-t186/bootloader/partner/common/drivers/qspi.mod.o
                0x0000000096010ee8                tegrabl_qspi_transaction
 .text.tegrabl_qspi_xfer_wait
                0x0000000096011028       0xbc /home/smanupa/cboot/out/build-t186/bootloader/partner/common/drivers/qspi.mod.o
                0x0000000096011028                tegrabl_qspi_xfer_wait
 .text.tegrabl_qspi_open
                0x00000000960110e4      0x490 /home/smanupa/cboot/out/build-t186/bootloader/partner/common/drivers/qspi.mod.o
                0x00000000960110e4                tegrabl_qspi_open
 .text.qspi_get_soc_info
                0x0000000096011574       0x10 /home/smanupa/cboot/out/build-t186/bootloader/partner/common/drivers/qspi.mod.o
                0x0000000096011574                qspi_get_soc_info
 .text.qspi_bdev_ioctl
                0x0000000096011584       0x14 /home/smanupa/cboot/out/build-t186/bootloader/partner/common/drivers/qspi_flash.mod.o
 .text.tegrabl_qspi_blockdev_xfer_wait
                0x0000000096011598       0x64 /home/smanupa/cboot/out/build-t186/bootloader/partner/common/drivers/qspi_flash.mod.o
 .text.tegrabl_qspi_flash_read
                0x00000000960115fc      0x25c /home/smanupa/cboot/out/build-t186/bootloader/partner/common/drivers/qspi_flash.mod.o
 .text.tegrabl_qspi_blockdev_xfer
                0x0000000096011858       0x40 /home/smanupa/cboot/out/build-t186/bootloader/partner/common/drivers/qspi_flash.mod.o
 .text.qspi_bdev_read_block
                0x0000000096011898       0x34 /home/smanupa/cboot/out/build-t186/bootloader/partner/common/drivers/qspi_flash.mod.o
 .text.qspi_quad_flag_set
                0x00000000960118cc       0x3c /home/smanupa/cboot/out/build-t186/bootloader/partner/common/drivers/qspi_flash.mod.o
 .text.tegrabl_qspi_flash_open
                0x0000000096011908      0x498 /home/smanupa/cboot/out/build-t186/bootloader/partner/common/drivers/qspi_flash.mod.o
                0x0000000096011908                tegrabl_qspi_flash_open
 .text.qspi_read_reg
                0x0000000096011da0      0x13c /home/smanupa/cboot/out/build-t186/bootloader/partner/common/drivers/qspi_flash.mod.o
                0x0000000096011da0                qspi_read_reg
 .text.qspi_writein_progress
                0x0000000096011edc       0xa0 /home/smanupa/cboot/out/build-t186/bootloader/partner/common/drivers/qspi_flash.mod.o
                0x0000000096011edc                qspi_writein_progress
 .text.qspi_qpi_flag_set
                0x0000000096011f7c       0xe0 /home/smanupa/cboot/out/build-t186/bootloader/partner/common/drivers/qspi_flash.mod.o
 .text.qspi_write_en
                0x000000009601205c      0x164 /home/smanupa/cboot/out/build-t186/bootloader/partner/common/drivers/qspi_flash.mod.o
                0x000000009601205c                qspi_write_en
 .text.qspi_bdev_write_block
                0x00000000960121c0      0x218 /home/smanupa/cboot/out/build-t186/bootloader/partner/common/drivers/qspi_flash.mod.o
 .text.qspi_write_reg
                0x00000000960123d8      0x134 /home/smanupa/cboot/out/build-t186/bootloader/partner/common/drivers/qspi_flash.mod.o
                0x00000000960123d8                qspi_write_reg
 .text.qspi_bdev_erase
                0x000000009601250c      0x600 /home/smanupa/cboot/out/build-t186/bootloader/partner/common/drivers/qspi_flash.mod.o
 .text.qspi_flash_qpi_mode_enable_micron
                0x0000000096012b0c       0xbc /home/smanupa/cboot/out/build-t186/bootloader/partner/common/drivers/qspi_flash.mod.o
                0x0000000096012b0c                qspi_flash_qpi_mode_enable_micron
 .text.qspi_flash_qpi_mode_enable_spansion
                0x0000000096012bc8       0xc4 /home/smanupa/cboot/out/build-t186/bootloader/partner/common/drivers/qspi_flash.mod.o
                0x0000000096012bc8                qspi_flash_qpi_mode_enable_spansion
 .text.qspi_flash_x4_enable_spansion
                0x0000000096012c8c      0x23c /home/smanupa/cboot/out/build-t186/bootloader/partner/common/drivers/qspi_flash.mod.o
                0x0000000096012c8c                qspi_flash_x4_enable_spansion
 .text.qspi_flash_page_512bytes_enable_spansion
                0x0000000096012ec8       0xdc /home/smanupa/cboot/out/build-t186/bootloader/partner/common/drivers/qspi_flash.mod.o
                0x0000000096012ec8                qspi_flash_page_512bytes_enable_spansion
 .text.qspi_flash_blank_check_enable_spansion
                0x0000000096012fa4       0xdc /home/smanupa/cboot/out/build-t186/bootloader/partner/common/drivers/qspi_flash.mod.o
                0x0000000096012fa4                qspi_flash_blank_check_enable_spansion
 .text.qspi_flash_qpi_mode_enable_macronix
                0x0000000096013080       0xac /home/smanupa/cboot/out/build-t186/bootloader/partner/common/drivers/qspi_flash.mod.o
                0x0000000096013080                qspi_flash_qpi_mode_enable_macronix
 .text.qspi_flash_get_size_macronix
                0x000000009601312c      0x11c /home/smanupa/cboot/out/build-t186/bootloader/partner/common/drivers/qspi_flash.mod.o
                0x000000009601312c                qspi_flash_get_size_macronix
 .text.is_fixed_batt_connection
                0x0000000096013248       0x54 /home/smanupa/cboot/out/build-t186/bootloader/partner/common/drivers/regulator.mod.o
 .text.regulator_lookup
                0x000000009601329c       0x5c /home/smanupa/cboot/out/build-t186/bootloader/partner/common/drivers/regulator.mod.o
 .text.tegrabl_regulator_is_fixed
                0x00000000960132f8       0x78 /home/smanupa/cboot/out/build-t186/bootloader/partner/common/drivers/regulator.mod.o
                0x00000000960132f8                tegrabl_regulator_is_fixed
 .text.tegrabl_regulator_enable
                0x0000000096013370       0xb8 /home/smanupa/cboot/out/build-t186/bootloader/partner/common/drivers/regulator.mod.o
                0x0000000096013370                tegrabl_regulator_enable
 .text.tegrabl_regulator_set_voltage
                0x0000000096013428       0xe4 /home/smanupa/cboot/out/build-t186/bootloader/partner/common/drivers/regulator.mod.o
                0x0000000096013428                tegrabl_regulator_set_voltage
 .text.tegrabl_regulator_register
                0x000000009601350c       0xa0 /home/smanupa/cboot/out/build-t186/bootloader/partner/common/drivers/regulator.mod.o
                0x000000009601350c                tegrabl_regulator_register
 .text.tegrabl_regulator_init
                0x00000000960135ac       0x48 /home/smanupa/cboot/out/build-t186/bootloader/partner/common/drivers/regulator.mod.o
                0x00000000960135ac                tegrabl_regulator_init
 .text.fixed_regulator_lookup
                0x00000000960135f4       0x5c /home/smanupa/cboot/out/build-t186/bootloader/partner/common/drivers/regulator.mod.o
 .text.fixed_regulator_enable
                0x0000000096013650       0xec /home/smanupa/cboot/out/build-t186/bootloader/partner/common/drivers/regulator.mod.o
 .text.fixed_regulator_disable
                0x000000009601373c       0x90 /home/smanupa/cboot/out/build-t186/bootloader/partner/common/drivers/regulator.mod.o
 .text.tegrabl_fixed_regulator_init
                0x00000000960137cc      0x3bc /home/smanupa/cboot/out/build-t186/bootloader/partner/common/drivers/regulator.mod.o
                0x00000000960137cc                tegrabl_fixed_regulator_init
 .text.tegrabl_sata_ahci_init_cmd_list_receive_fis_buffers
                0x0000000096013b88      0x130 /home/smanupa/cboot/out/build-t186/bootloader/partner/common/drivers/sata.mod.o
 .text.tegrabl_sata_ahci_init_memory_regions
                0x0000000096013cb8      0x170 /home/smanupa/cboot/out/build-t186/bootloader/partner/common/drivers/sata.mod.o
 .text.tegrabl_sata_ahci_print_pxssts
                0x0000000096013e28      0x108 /home/smanupa/cboot/out/build-t186/bootloader/partner/common/drivers/sata.mod.o
 .text.tegrabl_sata_start_command
                0x0000000096013f30       0xe0 /home/smanupa/cboot/out/build-t186/bootloader/partner/common/drivers/sata.mod.o
 .text.tegrabl_sata_ahci_indentify_device
                0x0000000096014010      0x290 /home/smanupa/cboot/out/build-t186/bootloader/partner/common/drivers/sata.mod.o
 .text.tegrabl_sata_xfer_complete
                0x00000000960142a0      0x114 /home/smanupa/cboot/out/build-t186/bootloader/partner/common/drivers/sata.mod.o
                0x00000000960142a0                tegrabl_sata_xfer_complete
 .text.tegrabl_sata_ahci_xfer
                0x00000000960143b4      0x2c0 /home/smanupa/cboot/out/build-t186/bootloader/partner/common/drivers/sata.mod.o
                0x00000000960143b4                tegrabl_sata_ahci_xfer
 .text.tegrabl_sata_ahci_io
                0x0000000096014674        0x8 /home/smanupa/cboot/out/build-t186/bootloader/partner/common/drivers/sata.mod.o
                0x0000000096014674                tegrabl_sata_ahci_io
 .text.tegrabl_sata_ahci_flush_device
                0x000000009601467c      0x198 /home/smanupa/cboot/out/build-t186/bootloader/partner/common/drivers/sata.mod.o
                0x000000009601467c                tegrabl_sata_ahci_flush_device
 .text.tegrabl_sata_ahci_free_buffers
                0x0000000096014814       0x48 /home/smanupa/cboot/out/build-t186/bootloader/partner/common/drivers/sata.mod.o
                0x0000000096014814                tegrabl_sata_ahci_free_buffers
 .text.tegrabl_sata_ahci_skip_init
                0x000000009601485c      0x1ac /home/smanupa/cboot/out/build-t186/bootloader/partner/common/drivers/sata.mod.o
                0x000000009601485c                tegrabl_sata_ahci_skip_init
 .text.tegrabl_sata_ahci_init
                0x0000000096014a08      0x5a4 /home/smanupa/cboot/out/build-t186/bootloader/partner/common/drivers/sata.mod.o
                0x0000000096014a08                tegrabl_sata_ahci_init
 .text.tegrabl_sata_bdev_erase
                0x0000000096014fac       0x3c /home/smanupa/cboot/out/build-t186/bootloader/partner/common/drivers/sata.mod.o
 .text.tegrabl_sata_bdev_xfer_wait
                0x0000000096014fe8      0x1f0 /home/smanupa/cboot/out/build-t186/bootloader/partner/common/drivers/sata.mod.o
 .text.tegrabl_sata_bdev_xfer
                0x00000000960151d8      0x1c0 /home/smanupa/cboot/out/build-t186/bootloader/partner/common/drivers/sata.mod.o
 .text.tegrabl_sata_bdev_ioctl
                0x0000000096015398       0xd8 /home/smanupa/cboot/out/build-t186/bootloader/partner/common/drivers/sata.mod.o
 .text.tegrabl_sata_bdev_close
                0x0000000096015470       0x54 /home/smanupa/cboot/out/build-t186/bootloader/partner/common/drivers/sata.mod.o
 .text.tegrabl_sata_bdev_write_block
                0x00000000960154c4      0x19c /home/smanupa/cboot/out/build-t186/bootloader/partner/common/drivers/sata.mod.o
 .text.tegrabl_sata_bdev_read_block
                0x0000000096015660      0x19c /home/smanupa/cboot/out/build-t186/bootloader/partner/common/drivers/sata.mod.o
 .text.tegrabl_sata_bdev_open
                0x00000000960157fc      0x26c /home/smanupa/cboot/out/build-t186/bootloader/partner/common/drivers/sata.mod.o
                0x00000000960157fc                tegrabl_sata_bdev_open
 .text.sdmmc_bdev_ioctl
                0x0000000096015a68       0x30 /home/smanupa/cboot/out/build-t186/bootloader/partner/common/drivers/sdmmc.mod.o
                0x0000000096015a68                sdmmc_bdev_ioctl
 .text.sdmmc_bdev_read_block
                0x0000000096015a98       0x18 /home/smanupa/cboot/out/build-t186/bootloader/partner/common/drivers/sdmmc.mod.o
                0x0000000096015a98                sdmmc_bdev_read_block
 .text.sdmmc_bdev_write_block
                0x0000000096015ab0       0x18 /home/smanupa/cboot/out/build-t186/bootloader/partner/common/drivers/sdmmc.mod.o
                0x0000000096015ab0                sdmmc_bdev_write_block
 .text.sdmmc_bdev_xfer
                0x0000000096015ac8       0x30 /home/smanupa/cboot/out/build-t186/bootloader/partner/common/drivers/sdmmc.mod.o
                0x0000000096015ac8                sdmmc_bdev_xfer
 .text.sdmmc_bdev_xfer_wait
                0x0000000096015af8        0x4 /home/smanupa/cboot/out/build-t186/bootloader/partner/common/drivers/sdmmc.mod.o
                0x0000000096015af8                sdmmc_bdev_xfer_wait
 .text.sdmmc_bdev_erase
                0x0000000096015afc       0x20 /home/smanupa/cboot/out/build-t186/bootloader/partner/common/drivers/sdmmc.mod.o
                0x0000000096015afc                sdmmc_bdev_erase
 .text.sdmmc_bdev_close
                0x0000000096015b1c       0x7c /home/smanupa/cboot/out/build-t186/bootloader/partner/common/drivers/sdmmc.mod.o
                0x0000000096015b1c                sdmmc_bdev_close
 .text.sdmmc_bdev_open
                0x0000000096015b98      0x370 /home/smanupa/cboot/out/build-t186/bootloader/partner/common/drivers/sdmmc.mod.o
                0x0000000096015b98                sdmmc_bdev_open
 .text.unlikely.sdmmc_get_power_class
                0x0000000096015f08       0x74 /home/smanupa/cboot/out/build-t186/bootloader/partner/common/drivers/sdmmc.mod.o
 .text.sdmmc_clock_init
                0x0000000096015f7c       0x88 /home/smanupa/cboot/out/build-t186/bootloader/partner/common/drivers/sdmmc.mod.o
                0x0000000096015f7c                sdmmc_clock_init
 .text.sdmmc_send_command
                0x0000000096016004       0xe4 /home/smanupa/cboot/out/build-t186/bootloader/partner/common/drivers/sdmmc.mod.o
                0x0000000096016004                sdmmc_send_command
 .text.sdmmc_parse_csd
                0x00000000960160e8       0x7c /home/smanupa/cboot/out/build-t186/bootloader/partner/common/drivers/sdmmc.mod.o
                0x00000000960160e8                sdmmc_parse_csd
 .text.sdmmc_verify_response
                0x0000000096016164      0x174 /home/smanupa/cboot/out/build-t186/bootloader/partner/common/drivers/sdmmc.mod.o
                0x0000000096016164                sdmmc_verify_response
 .text.sdmmc_send_switch_command
                0x00000000960162d8       0x6c /home/smanupa/cboot/out/build-t186/bootloader/partner/common/drivers/sdmmc.mod.o
 .text.sdmmc_card_transfer_mode
                0x0000000096016344       0x2c /home/smanupa/cboot/out/build-t186/bootloader/partner/common/drivers/sdmmc.mod.o
                0x0000000096016344                sdmmc_card_transfer_mode
 .text.sdmmc_get_ext_csd
                0x0000000096016370      0x1ac /home/smanupa/cboot/out/build-t186/bootloader/partner/common/drivers/sdmmc.mod.o
                0x0000000096016370                sdmmc_get_ext_csd
 .text.sdmmc_block_io
                0x000000009601651c      0x24c /home/smanupa/cboot/out/build-t186/bootloader/partner/common/drivers/sdmmc.mod.o
                0x000000009601651c                sdmmc_block_io
 .text.sdmmc_xfer_wait
                0x0000000096016768      0x144 /home/smanupa/cboot/out/build-t186/bootloader/partner/common/drivers/sdmmc.mod.o
                0x0000000096016768                sdmmc_xfer_wait
 .text.sdmmc_init_controller
                0x00000000960168ac       0xf8 /home/smanupa/cboot/out/build-t186/bootloader/partner/common/drivers/sdmmc.mod.o
                0x00000000960168ac                sdmmc_init_controller
 .text.sdmmc_enable_high_speed
                0x00000000960169a4       0xa8 /home/smanupa/cboot/out/build-t186/bootloader/partner/common/drivers/sdmmc.mod.o
                0x00000000960169a4                sdmmc_enable_high_speed
 .text.sdmmc_init
                0x0000000096016a4c      0x3c4 /home/smanupa/cboot/out/build-t186/bootloader/partner/common/drivers/sdmmc.mod.o
                0x0000000096016a4c                sdmmc_init
 .text.sdmmc_enable_timing_hs400
                0x0000000096016e10       0x5c /home/smanupa/cboot/out/build-t186/bootloader/partner/common/drivers/sdmmc.mod.o
                0x0000000096016e10                sdmmc_enable_timing_hs400
 .text.sdmmc_select_access_region
                0x0000000096016e6c       0x64 /home/smanupa/cboot/out/build-t186/bootloader/partner/common/drivers/sdmmc.mod.o
                0x0000000096016e6c                sdmmc_select_access_region
 .text.sdmmc_io
                0x0000000096016ed0      0x154 /home/smanupa/cboot/out/build-t186/bootloader/partner/common/drivers/sdmmc.mod.o
                0x0000000096016ed0                sdmmc_io
 .text.sdmmc_set_bus_width
                0x0000000096017024       0x68 /home/smanupa/cboot/out/build-t186/bootloader/partner/common/drivers/sdmmc.mod.o
                0x0000000096017024                sdmmc_set_bus_width
 .text.sdmmc_erase
                0x000000009601708c      0x230 /home/smanupa/cboot/out/build-t186/bootloader/partner/common/drivers/sdmmc.mod.o
                0x000000009601708c                sdmmc_erase
 .text.sdmmc_send_status
                0x00000000960172bc       0x60 /home/smanupa/cboot/out/build-t186/bootloader/partner/common/drivers/sdmmc.mod.o
                0x00000000960172bc                sdmmc_send_status
 .text.sdmmc_wait_command_complete
                0x000000009601731c       0xa0 /home/smanupa/cboot/out/build-t186/bootloader/partner/common/drivers/sdmmc.mod.o
 .text.sdmmc_card_clock_enable.isra.0
                0x00000000960173bc       0x1c /home/smanupa/cboot/out/build-t186/bootloader/partner/common/drivers/sdmmc.mod.o
 .text.sdmmc_wait_clk_stable.isra.1
                0x00000000960173d8       0x60 /home/smanupa/cboot/out/build-t186/bootloader/partner/common/drivers/sdmmc.mod.o
 .text.sdmmc_reset_controller
                0x0000000096017438       0x74 /home/smanupa/cboot/out/build-t186/bootloader/partner/common/drivers/sdmmc.mod.o
                0x0000000096017438                sdmmc_reset_controller
 .text.sdmmc_enable_hostv4
                0x00000000960174ac       0x24 /home/smanupa/cboot/out/build-t186/bootloader/partner/common/drivers/sdmmc.mod.o
                0x00000000960174ac                sdmmc_enable_hostv4
 .text.sdmmc_get_hostv4_status
                0x00000000960174d0       0x18 /home/smanupa/cboot/out/build-t186/bootloader/partner/common/drivers/sdmmc.mod.o
                0x00000000960174d0                sdmmc_get_hostv4_status
 .text.sdmmc_set_card_clock
                0x00000000960174e8       0xc4 /home/smanupa/cboot/out/build-t186/bootloader/partner/common/drivers/sdmmc.mod.o
                0x00000000960174e8                sdmmc_set_card_clock
 .text.sdmmc_enable_bus_power
                0x00000000960175ac       0x4c /home/smanupa/cboot/out/build-t186/bootloader/partner/common/drivers/sdmmc.mod.o
                0x00000000960175ac                sdmmc_enable_bus_power
 .text.sdmmc_set_interrupt_status_reg
                0x00000000960175f8       0x2c /home/smanupa/cboot/out/build-t186/bootloader/partner/common/drivers/sdmmc.mod.o
                0x00000000960175f8                sdmmc_set_interrupt_status_reg
 .text.sdmmc_is_card_present
                0x0000000096017624       0x6c /home/smanupa/cboot/out/build-t186/bootloader/partner/common/drivers/sdmmc.mod.o
                0x0000000096017624                sdmmc_is_card_present
 .text.sdmmc_prepare_cmd_reg
                0x0000000096017690       0xe8 /home/smanupa/cboot/out/build-t186/bootloader/partner/common/drivers/sdmmc.mod.o
                0x0000000096017690                sdmmc_prepare_cmd_reg
 .text.sdmmc_cmd_txr_ready
                0x0000000096017778       0x64 /home/smanupa/cboot/out/build-t186/bootloader/partner/common/drivers/sdmmc.mod.o
                0x0000000096017778                sdmmc_cmd_txr_ready
 .text.sdmmc_data_txr_ready
                0x00000000960177dc       0x64 /home/smanupa/cboot/out/build-t186/bootloader/partner/common/drivers/sdmmc.mod.o
                0x00000000960177dc                sdmmc_data_txr_ready
 .text.sdmmc_read_response
                0x0000000096017840       0x98 /home/smanupa/cboot/out/build-t186/bootloader/partner/common/drivers/sdmmc.mod.o
                0x0000000096017840                sdmmc_read_response
 .text.sdmmc_recover_controller_error
                0x00000000960178d8      0x1d4 /home/smanupa/cboot/out/build-t186/bootloader/partner/common/drivers/sdmmc.mod.o
                0x00000000960178d8                sdmmc_recover_controller_error
 .text.sdmmc_try_send_command
                0x0000000096017aac       0xc0 /home/smanupa/cboot/out/build-t186/bootloader/partner/common/drivers/sdmmc.mod.o
                0x0000000096017aac                sdmmc_try_send_command
 .text.sdmmc_set_data_width
                0x0000000096017b6c       0x48 /home/smanupa/cboot/out/build-t186/bootloader/partner/common/drivers/sdmmc.mod.o
                0x0000000096017b6c                sdmmc_set_data_width
 .text.sdmmc_set_num_blocks
                0x0000000096017bb4       0x1c /home/smanupa/cboot/out/build-t186/bootloader/partner/common/drivers/sdmmc.mod.o
                0x0000000096017bb4                sdmmc_set_num_blocks
 .text.sdmmc_setup_dma
                0x0000000096017bd0       0x34 /home/smanupa/cboot/out/build-t186/bootloader/partner/common/drivers/sdmmc.mod.o
                0x0000000096017bd0                sdmmc_setup_dma
 .text.sdmmc_query_status
                0x0000000096017c04       0xd0 /home/smanupa/cboot/out/build-t186/bootloader/partner/common/drivers/sdmmc.mod.o
                0x0000000096017c04                sdmmc_query_status
 .text.sdmmc_toggle_high_speed
                0x0000000096017cd4       0x28 /home/smanupa/cboot/out/build-t186/bootloader/partner/common/drivers/sdmmc.mod.o
                0x0000000096017cd4                sdmmc_toggle_high_speed
 .text.sdmmc_set_default_region
                0x0000000096017cfc       0x30 /home/smanupa/cboot/out/build-t186/bootloader/partner/common/drivers/sdmmc.mod.o
                0x0000000096017cfc                sdmmc_set_default_region
 .text.sdmmc_wait_for_data_line_ready
                0x0000000096017d2c       0x64 /home/smanupa/cboot/out/build-t186/bootloader/partner/common/drivers/sdmmc.mod.o
                0x0000000096017d2c                sdmmc_wait_for_data_line_ready
 .text.sdmmc_get_correct_boot_block
                0x0000000096017d90       0xd0 /home/smanupa/cboot/out/build-t186/bootloader/partner/common/drivers/sdmmc.mod.o
                0x0000000096017d90                sdmmc_get_correct_boot_block
 .text.sdmmc_update_drv_settings
                0x0000000096017e60       0x34 /home/smanupa/cboot/out/build-t186/bootloader/partner/common/drivers/sdmmc.mod.o
                0x0000000096017e60                sdmmc_update_drv_settings
 .text.sdmmc_auto_calibrate
                0x0000000096017e94       0xd4 /home/smanupa/cboot/out/build-t186/bootloader/partner/common/drivers/sdmmc.mod.o
                0x0000000096017e94                sdmmc_auto_calibrate
 .text.sdmmc_io_spare_update
                0x0000000096017f68       0x40 /home/smanupa/cboot/out/build-t186/bootloader/partner/common/drivers/sdmmc.mod.o
                0x0000000096017f68                sdmmc_io_spare_update
 .text.sdmmc_set_tap_trim
                0x0000000096017fa8       0x30 /home/smanupa/cboot/out/build-t186/bootloader/partner/common/drivers/sdmmc.mod.o
                0x0000000096017fa8                sdmmc_set_tap_trim
 .text.sdmmc_dll_caliberation
                0x0000000096017fd8       0x7c /home/smanupa/cboot/out/build-t186/bootloader/partner/common/drivers/sdmmc.mod.o
                0x0000000096017fd8                sdmmc_dll_caliberation
 .text.sdmmc_select_mode_transfer
                0x0000000096018054      0x338 /home/smanupa/cboot/out/build-t186/bootloader/partner/common/drivers/sdmmc.mod.o
                0x0000000096018054                sdmmc_select_mode_transfer
 .text.sd_bdev_is_card_present
                0x000000009601838c        0x4 /home/smanupa/cboot/out/build-t186/bootloader/partner/common/drivers/sdmmc.mod.o
                0x000000009601838c                sd_bdev_is_card_present
 .text.sd_bdev_open
                0x0000000096018390      0x2d0 /home/smanupa/cboot/out/build-t186/bootloader/partner/common/drivers/sdmmc.mod.o
                0x0000000096018390                sd_bdev_open
 .text.sd_identify_card
                0x0000000096018660      0x280 /home/smanupa/cboot/out/build-t186/bootloader/partner/common/drivers/sdmmc.mod.o
                0x0000000096018660                sd_identify_card
 .text.sd_erase
                0x00000000960188e0      0x194 /home/smanupa/cboot/out/build-t186/bootloader/partner/common/drivers/sdmmc.mod.o
                0x00000000960188e0                sd_erase
 .text.tegrabl_sd_is_card_present
                0x0000000096018a74      0x114 /home/smanupa/cboot/out/build-t186/bootloader/partner/common/drivers/sdmmc.mod.o
                0x0000000096018a74                tegrabl_sd_is_card_present
 .text.tegrabl_ufs_blockdev_xfer_wait
                0x0000000096018b88      0x13c /home/smanupa/cboot/out/build-t186/bootloader/partner/common/drivers/ufs.mod.o
 .text.tegrabl_ufs_blockdev_xfer
                0x0000000096018cc4       0xb8 /home/smanupa/cboot/out/build-t186/bootloader/partner/common/drivers/ufs.mod.o
 .text.tegrabl_ufs_bdev_ioctl
                0x0000000096018d7c       0x2c /home/smanupa/cboot/out/build-t186/bootloader/partner/common/drivers/ufs.mod.o
 .text.tegrabl_ufs_bdev_close
                0x0000000096018da8       0x34 /home/smanupa/cboot/out/build-t186/bootloader/partner/common/drivers/ufs.mod.o
 .text.tegrabl_ufs_bdev_erase
                0x0000000096018ddc       0x48 /home/smanupa/cboot/out/build-t186/bootloader/partner/common/drivers/ufs.mod.o
 .text.tegrabl_ufs_bdev_write_block
                0x0000000096018e24       0xcc /home/smanupa/cboot/out/build-t186/bootloader/partner/common/drivers/ufs.mod.o
 .text.tegrabl_ufs_bdev_read_block
                0x0000000096018ef0       0xcc /home/smanupa/cboot/out/build-t186/bootloader/partner/common/drivers/ufs.mod.o
 .text.tegrabl_ufs_bdev_open
                0x0000000096018fbc      0x250 /home/smanupa/cboot/out/build-t186/bootloader/partner/common/drivers/ufs.mod.o
                0x0000000096018fbc                tegrabl_ufs_bdev_open
 .text.tegrabl_ufs_link_mphy_setup
                0x000000009601920c      0x21c /home/smanupa/cboot/out/build-t186/bootloader/partner/common/drivers/ufs.mod.o
                0x000000009601920c                tegrabl_ufs_link_mphy_setup
 .text.tegrabl_ufs_link_uphy_deinit
                0x0000000096019428        0x4 /home/smanupa/cboot/out/build-t186/bootloader/partner/common/drivers/ufs.mod.o
                0x0000000096019428                tegrabl_ufs_link_uphy_deinit
 .text.tegrabl_ufs_uphy_clk_disable_reset_enable
                0x000000009601942c        0x4 /home/smanupa/cboot/out/build-t186/bootloader/partner/common/drivers/ufs.mod.o
                0x000000009601942c                tegrabl_ufs_uphy_clk_disable_reset_enable
 .text.tegrabl_clear_err_regs
                0x0000000096019430       0x4c /home/smanupa/cboot/out/build-t186/bootloader/partner/common/drivers/ufs.mod.o
 .text.tegrabl_ufs_get_tx_rx_descriptor
                0x000000009601947c       0x98 /home/smanupa/cboot/out/build-t186/bootloader/partner/common/drivers/ufs.mod.o
 .text.tegrabl_ufs_get_cmd_descriptor
                0x0000000096019514       0x48 /home/smanupa/cboot/out/build-t186/bootloader/partner/common/drivers/ufs.mod.o
                0x0000000096019514                tegrabl_ufs_get_cmd_descriptor
 .text.tegrabl_ufs_pollfield
                0x000000009601955c       0x60 /home/smanupa/cboot/out/build-t186/bootloader/partner/common/drivers/ufs.mod.o
                0x000000009601955c                tegrabl_ufs_pollfield
 .text.tegrabl_ufs_set_dme_command
                0x00000000960195bc      0x1d4 /home/smanupa/cboot/out/build-t186/bootloader/partner/common/drivers/ufs.mod.o
                0x00000000960195bc                tegrabl_ufs_set_dme_command
 .text.tegrabl_ufs_set_activate_time
                0x0000000096019790       0x84 /home/smanupa/cboot/out/build-t186/bootloader/partner/common/drivers/ufs.mod.o
                0x0000000096019790                tegrabl_ufs_set_activate_time
 .text.tegrabl_ufs_wait_trd_request_complete
                0x0000000096019814      0x1ac /home/smanupa/cboot/out/build-t186/bootloader/partner/common/drivers/ufs.mod.o
 .text.tegrabl_ufs_hibernate_enter
                0x00000000960199c0       0x84 /home/smanupa/cboot/out/build-t186/bootloader/partner/common/drivers/ufs.mod.o
                0x00000000960199c0                tegrabl_ufs_hibernate_enter
 .text.tegrabl_ufs_setup_trtdm_lists
                0x0000000096019a44       0xac /home/smanupa/cboot/out/build-t186/bootloader/partner/common/drivers/ufs.mod.o
                0x0000000096019a44                tegrabl_ufs_setup_trtdm_lists
 .text.tegrabl_ufs_deinit
                0x0000000096019af0       0xb8 /home/smanupa/cboot/out/build-t186/bootloader/partner/common/drivers/ufs.mod.o
                0x0000000096019af0                tegrabl_ufs_deinit
 .text.tegrabl_ufs_start_tmtr_engines
                0x0000000096019ba8       0x7c /home/smanupa/cboot/out/build-t186/bootloader/partner/common/drivers/ufs.mod.o
                0x0000000096019ba8                tegrabl_ufs_start_tmtr_engines
 .text.tegrabl_ufs_create_trd
                0x0000000096019c24      0x124 /home/smanupa/cboot/out/build-t186/bootloader/partner/common/drivers/ufs.mod.o
                0x0000000096019c24                tegrabl_ufs_create_trd
 .text.tegrabl_ufs_free_trd_cmd_desc
                0x0000000096019d48       0x24 /home/smanupa/cboot/out/build-t186/bootloader/partner/common/drivers/ufs.mod.o
                0x0000000096019d48                tegrabl_ufs_free_trd_cmd_desc
 .text.tegrabl_ufs_queue_trd
                0x0000000096019d6c       0xa8 /home/smanupa/cboot/out/build-t186/bootloader/partner/common/drivers/ufs.mod.o
 .text.tegrabl_ufs_chk_if_dev_ready_to_rec_desc
                0x0000000096019e14      0x104 /home/smanupa/cboot/out/build-t186/bootloader/partner/common/drivers/ufs.mod.o
                0x0000000096019e14                tegrabl_ufs_chk_if_dev_ready_to_rec_desc
 .text.tegrabl_ufs_get_descriptor
                0x0000000096019f18      0x154 /home/smanupa/cboot/out/build-t186/bootloader/partner/common/drivers/ufs.mod.o
                0x0000000096019f18                tegrabl_ufs_get_descriptor
 .text.tegrabl_ufs_get_attribute
                0x000000009601a06c      0x138 /home/smanupa/cboot/out/build-t186/bootloader/partner/common/drivers/ufs.mod.o
                0x000000009601a06c                tegrabl_ufs_get_attribute
 .text.tegrabl_ufs_complete_init
                0x000000009601a1a4      0x22c /home/smanupa/cboot/out/build-t186/bootloader/partner/common/drivers/ufs.mod.o
                0x000000009601a1a4                tegrabl_ufs_complete_init
 .text.tegrabl_ufs_hw_init
                0x000000009601a3d0      0x1b8 /home/smanupa/cboot/out/build-t186/bootloader/partner/common/drivers/ufs.mod.o
                0x000000009601a3d0                tegrabl_ufs_hw_init
 .text.tegrabl_ufs_rw_check_complete
                0x000000009601a588      0x104 /home/smanupa/cboot/out/build-t186/bootloader/partner/common/drivers/ufs.mod.o
                0x000000009601a588                tegrabl_ufs_rw_check_complete
 .text.tegrabl_ufs_get_params
                0x000000009601a68c       0xe4 /home/smanupa/cboot/out/build-t186/bootloader/partner/common/drivers/ufs.mod.o
                0x000000009601a68c                tegrabl_ufs_get_params
 .text.tegrabl_ufs_change_num_lanes
                0x000000009601a770       0xb4 /home/smanupa/cboot/out/build-t186/bootloader/partner/common/drivers/ufs.mod.o
                0x000000009601a770                tegrabl_ufs_change_num_lanes
 .text.tegrabl_ufs_change_gear
                0x000000009601a824       0x74 /home/smanupa/cboot/out/build-t186/bootloader/partner/common/drivers/ufs.mod.o
                0x000000009601a824                tegrabl_ufs_change_gear
 .text.tegrabl_ufs_init
                0x000000009601a898      0x5e4 /home/smanupa/cboot/out/build-t186/bootloader/partner/common/drivers/ufs.mod.o
                0x000000009601a898                tegrabl_ufs_init
 .text.tegrabl_ufs_test_unit_ready
                0x000000009601ae7c      0x138 /home/smanupa/cboot/out/build-t186/bootloader/partner/common/drivers/ufs.mod.o
                0x000000009601ae7c                tegrabl_ufs_test_unit_ready
 .text.tegrabl_ufs_request_sense
                0x000000009601afb4      0x140 /home/smanupa/cboot/out/build-t186/bootloader/partner/common/drivers/ufs.mod.o
                0x000000009601afb4                tegrabl_ufs_request_sense
 .text.tegrabl_ufs_check_lun_ready
                0x000000009601b0f4       0xd8 /home/smanupa/cboot/out/build-t186/bootloader/partner/common/drivers/ufs.mod.o
 .text.tegrabl_ufs_rw_common
                0x000000009601b1cc      0x2d4 /home/smanupa/cboot/out/build-t186/bootloader/partner/common/drivers/ufs.mod.o
                0x000000009601b1cc                tegrabl_ufs_rw_common
 .text.tegrabl_ufs_xfer
                0x000000009601b4a0       0x20 /home/smanupa/cboot/out/build-t186/bootloader/partner/common/drivers/ufs.mod.o
                0x000000009601b4a0                tegrabl_ufs_xfer
 .text.tegrabl_ufs_read
                0x000000009601b4c0       0x7c /home/smanupa/cboot/out/build-t186/bootloader/partner/common/drivers/ufs.mod.o
                0x000000009601b4c0                tegrabl_ufs_read
 .text.tegrabl_ufs_write
                0x000000009601b53c       0xb8 /home/smanupa/cboot/out/build-t186/bootloader/partner/common/drivers/ufs.mod.o
                0x000000009601b53c                tegrabl_ufs_write
 .text.tegrabl_ufs_get_provisioning_type
                0x000000009601b5f4       0x7c /home/smanupa/cboot/out/build-t186/bootloader/partner/common/drivers/ufs.mod.o
                0x000000009601b5f4                tegrabl_ufs_get_provisioning_type
 .text.tegrabl_ufs_erase
                0x000000009601b670      0x2e8 /home/smanupa/cboot/out/build-t186/bootloader/partner/common/drivers/ufs.mod.o
                0x000000009601b670                tegrabl_ufs_erase
 .text.tegrabl_ufs_default_state
                0x000000009601b958       0x10 /home/smanupa/cboot/out/build-t186/bootloader/partner/common/drivers/ufs.mod.o
                0x000000009601b958                tegrabl_ufs_default_state
 .text.tegrabl_ufs_get_lun_capacity
                0x000000009601b968       0x7c /home/smanupa/cboot/out/build-t186/bootloader/partner/common/drivers/ufs.mod.o
                0x000000009601b968                tegrabl_ufs_get_lun_capacity
 .text.tegrabl_blockdev_default_erase
                0x000000009601b9e4        0xc /home/smanupa/cboot/out/build-t186/bootloader/partner/common/lib/blockdev.mod.o
 .text.tegrabl_blockdev_default_read_block
                0x000000009601b9f0        0xc /home/smanupa/cboot/out/build-t186/bootloader/partner/common/lib/blockdev.mod.o
 .text.tegrabl_blockdev_default_write_block
                0x000000009601b9fc        0xc /home/smanupa/cboot/out/build-t186/bootloader/partner/common/lib/blockdev.mod.o
 .text.tegrabl_blockdev_next_device
                0x000000009601ba08       0x38 /home/smanupa/cboot/out/build-t186/bootloader/partner/common/lib/blockdev.mod.o
                0x000000009601ba08                tegrabl_blockdev_next_device
 .text.tegrabl_blockdev_read
                0x000000009601ba40       0x98 /home/smanupa/cboot/out/build-t186/bootloader/partner/common/lib/blockdev.mod.o
                0x000000009601ba40                tegrabl_blockdev_read
 .text.tegrabl_blockdev_read_block
                0x000000009601bad8       0xa4 /home/smanupa/cboot/out/build-t186/bootloader/partner/common/lib/blockdev.mod.o
                0x000000009601bad8                tegrabl_blockdev_read_block
 .text.tegrabl_blockdev_default_read
                0x000000009601bb7c      0x264 /home/smanupa/cboot/out/build-t186/bootloader/partner/common/lib/blockdev.mod.o
 .text.tegrabl_blockdev_write
                0x000000009601bde0       0x8c /home/smanupa/cboot/out/build-t186/bootloader/partner/common/lib/blockdev.mod.o
                0x000000009601bde0                tegrabl_blockdev_write
 .text.tegrabl_blockdev_write_block
                0x000000009601be6c       0xa8 /home/smanupa/cboot/out/build-t186/bootloader/partner/common/lib/blockdev.mod.o
                0x000000009601be6c                tegrabl_blockdev_write_block
 .text.tegrabl_blockdev_default_write
                0x000000009601bf14      0x294 /home/smanupa/cboot/out/build-t186/bootloader/partner/common/lib/blockdev.mod.o
 .text.tegrabl_blockdev_erase
                0x000000009601c1a8       0x90 /home/smanupa/cboot/out/build-t186/bootloader/partner/common/lib/blockdev.mod.o