
Allocating common symbols
Common symbol       size              file

boot_params         0x8               /home/smanupa/Secure_UART/cboot/out/build-t186/bootloader/partner/t18x/cboot/platform/t186.mod.o
dram_end            0x8               /home/smanupa/Secure_UART/cboot/out/build-t186/bootloader/partner/t18x/cboot/platform/t186.mod.o
carveout            0x8               /home/smanupa/Secure_UART/cboot/out/build-t186/bootloader/partner/t18x/cboot/platform/t186.mod.o
sdmmc_context_t     0x2c8             /home/smanupa/Secure_UART/cboot/out/build-t186/bootloader/partner/common/drivers/sdmmc.mod.o
tmrs                0x20              /home/smanupa/Secure_UART/cboot/out/build-t186/bootloader/partner/t18x/cboot/platform/tegra_shared.mod.o
current_thread      0x8               /home/smanupa/Secure_UART/cboot/out/build-t186/bootloader/partner/t18x/cboot/kernel.mod.o
current_font        0x18              /home/smanupa/Secure_UART/cboot/out/build-t186/bootloader/partner/common/lib/graphics.mod.o
thread_stats        0x30              /home/smanupa/Secure_UART/cboot/out/build-t186/bootloader/partner/t18x/cboot/kernel.mod.o
critical_section_count
                    0x4               /home/smanupa/Secure_UART/cboot/out/build-t186/bootloader/partner/t18x/cboot/kernel.mod.o
num_images          0x4               /home/smanupa/Secure_UART/cboot/out/build-t186/bootloader/partner/common/lib/nvblob_bmp.mod.o
is_initialized      0x1               /home/smanupa/Secure_UART/cboot/out/build-t186/bootloader/partner/common/lib/nvblob_bmp.mod.o
current_position    0x8               /home/smanupa/Secure_UART/cboot/out/build-t186/bootloader/partner/common/lib/graphics.mod.o
bh                  0x8               /home/smanupa/Secure_UART/cboot/out/build-t186/bootloader/partner/common/lib/nvblob_bmp.mod.o
idle_thread         0x8               /home/smanupa/Secure_UART/cboot/out/build-t186/bootloader/partner/t18x/cboot/kernel.mod.o
max77620_config     0x8               /home/smanupa/Secure_UART/cboot/out/build-t186/bootloader/partner/common/drivers/pmic/max77620.mod.o
dram_start          0x8               /home/smanupa/Secure_UART/cboot/out/build-t186/bootloader/partner/t18x/cboot/platform/t186.mod.o
spi                 0x30              /home/smanupa/Secure_UART/cboot/out/build-t186/bootloader/partner/common/drivers/spi.mod.o
first_error         0x8               /home/smanupa/Secure_UART/cboot/out/build-t186/bootloader/partner/common/lib/tegrabl_error.mod.o

Discarded input sections

 .text          0x0000000000000000        0x0 /home/smanupa/Secure_UART/cboot/out/build-t186/bootloader/partner/t18x/cboot/platform/t186.mod.o
 .text.cpubl_params_version_check
                0x0000000000000000       0x10 /home/smanupa/Secure_UART/cboot/out/build-t186/bootloader/partner/t18x/cboot/platform/t186.mod.o
 .text.platform_use_identity_mmu_mappings
                0x0000000000000000        0x8 /home/smanupa/Secure_UART/cboot/out/build-t186/bootloader/partner/t18x/cboot/platform/t186.mod.o
 .data          0x0000000000000000        0x0 /home/smanupa/Secure_UART/cboot/out/build-t186/bootloader/partner/t18x/cboot/platform/t186.mod.o
 .bss           0x0000000000000000        0x0 /home/smanupa/Secure_UART/cboot/out/build-t186/bootloader/partner/t18x/cboot/platform/t186.mod.o
 .comment       0x0000000000000000      0x1d4 /home/smanupa/Secure_UART/cboot/out/build-t186/bootloader/partner/t18x/cboot/platform/t186.mod.o
 .text.arch_quiesce
                0x0000000000000000        0x4 /home/smanupa/Secure_UART/cboot/out/build-t186/bootloader/partner/t18x/cboot/arch/arm64.mod.o
 .text.arch_map_uncached
                0x0000000000000000       0x10 /home/smanupa/Secure_UART/cboot/out/build-t186/bootloader/partner/t18x/cboot/arch/arm64.mod.o
 .text.arch_map_cached
                0x0000000000000000       0x10 /home/smanupa/Secure_UART/cboot/out/build-t186/bootloader/partner/t18x/cboot/arch/arm64.mod.o
 .text.nvtboot_cpu_tzinit
                0x0000000000000000       0x28 /home/smanupa/Secure_UART/cboot/out/build-t186/bootloader/partner/t18x/cboot/arch/arm64.mod.o
 .data          0x0000000000000000        0x0 /home/smanupa/Secure_UART/cboot/out/build-t186/bootloader/partner/t18x/cboot/arch/arm64.mod.o
 .data._heap_end
                0x0000000000000000        0x8 /home/smanupa/Secure_UART/cboot/out/build-t186/bootloader/partner/t18x/cboot/arch/arm64.mod.o
 .bss           0x0000000000000000        0x0 /home/smanupa/Secure_UART/cboot/out/build-t186/bootloader/partner/t18x/cboot/arch/arm64.mod.o
 .comment       0x0000000000000000      0x3a8 /home/smanupa/Secure_UART/cboot/out/build-t186/bootloader/partner/t18x/cboot/arch/arm64.mod.o
 .cbootheader   0x0000000000000000      0x258 /home/smanupa/Secure_UART/cboot/out/build-t186/bootloader/partner/t18x/cboot/arch/arm64.mod.o
 .text          0x0000000000000000        0x0 /home/smanupa/Secure_UART/cboot/out/build-t186/bootloader/partner/t18x/cboot/top.mod.o
[...]
Memory Configuration

Name             Origin             Length             Attributes
*default*        0x0000000000000000 0xffffffffffffffff

Linker script and memory map

                0x0000000096000000                . = 0x96000000
                0x0000000096000000                cboot_start = .

.text           0x0000000096000000    0x3698c
 *(.text.boot)
 .text.boot     0x0000000096000000      0x1a0 /home/smanupa/Secure_UART/cboot/out/build-t186/bootloader/partner/t18x/cboot/arch/arm64.mod.o
                0x0000000096000000                _start
 *(.text.boot.vectab)
 *fill*         0x00000000960001a0      0xe60 
 .text.boot.vectab
                0x0000000096001000      0xa18 /home/smanupa/Secure_UART/cboot/out/build-t186/bootloader/partner/t18x/cboot/arch/arm64.mod.o
                0x0000000096001000                arm64_exception_base
 *(.text* .sram.text.glue_7* .gnu.linkonce.t.*)
 .text.platform_early_init
                0x0000000096001a18      0x200 /home/smanupa/Secure_UART/cboot/out/build-t186/bootloader/partner/t18x/cboot/platform/t186.mod.o
                0x0000000096001a18                platform_early_init
 .text.platform_init_mmu_mappings
                0x0000000096001c18       0xbc /home/smanupa/Secure_UART/cboot/out/build-t186/bootloader/partner/t18x/cboot/platform/t186.mod.o
                0x0000000096001c18                platform_init_mmu_mappings
 .text.platform_uninit
                0x0000000096001cd4       0x94 /home/smanupa/Secure_UART/cboot/out/build-t186/bootloader/partner/t18x/cboot/platform/t186.mod.o
                0x0000000096001cd4                platform_uninit
 .text.platform_init
                0x0000000096001d68      0x488 /home/smanupa/Secure_UART/cboot/out/build-t186/bootloader/partner/t18x/cboot/platform/t186.mod.o
                0x0000000096001d68                platform_init
 .text.platform_init_heap
                0x00000000960021f0       0x18 /home/smanupa/Secure_UART/cboot/out/build-t186/bootloader/partner/t18x/cboot/platform/t186.mod.o
                0x00000000960021f0                platform_init_heap
 .text.update_ratchet_fuse
                0x0000000096002208      0x310 /home/smanupa/Secure_UART/cboot/out/build-t186/bootloader/partner/t18x/cboot/platform/t186.mod.o
                0x0000000096002208                update_ratchet_fuse
 .text.tegrabl_storage_get_bin_size.part.0
                0x0000000096002518       0xec /home/smanupa/Secure_UART/cboot/out/build-t186/bootloader/partner/t18x/cboot/platform/t186.mod.o
 .text.load_and_compare_sc7_images
                0x0000000096002604      0x268 /home/smanupa/Secure_UART/cboot/out/build-t186/bootloader/partner/t18x/cboot/platform/t186.mod.o
                0x0000000096002604                load_and_compare_sc7_images
 .text.cb_dram_ecc_scrub_alignment_check.constprop.1
                0x000000009600286c       0x48 /home/smanupa/Secure_UART/cboot/out/build-t186/bootloader/partner/t18x/cboot/platform/t186.mod.o
 .text.cb_dram_ecc_vic_scrub_addr_range.constprop.0
                0x00000000960028b4      0x10c /home/smanupa/Secure_UART/cboot/out/build-t186/bootloader/partner/t18x/cboot/platform/t186.mod.o
 .text.cb_dram_ecc_scrub
                0x00000000960029c0      0x284 /home/smanupa/Secure_UART/cboot/out/build-t186/bootloader/partner/t18x/cboot/platform/t186.mod.o
                0x00000000960029c0                cb_dram_ecc_scrub
 .text.cboot_dram_ecc_enabled
                0x0000000096002c44       0x14 /home/smanupa/Secure_UART/cboot/out/build-t186/bootloader/partner/t18x/cboot/platform/t186.mod.o
                0x0000000096002c44                cboot_dram_ecc_enabled
 .text          0x0000000096002c58      0x39c /home/smanupa/Secure_UART/cboot/out/build-t186/bootloader/partner/t18x/cboot/arch/arm64.mod.o
                0x0000000096002c58                arm64_context_switch
                0x0000000096002cc0                arm64_el3_to_el1
                0x0000000096002d08                arm64_el3_to_el2
                0x0000000096002d4c                arm64_send_smc
                0x0000000096002d80                tegrabl_arch_disable_cache
                0x0000000096002e4c                tegrabl_arch_enable_cache
                0x0000000096002f10                tegrabl_arch_clean_dcache_range
                0x0000000096002f40                tegrabl_arch_invalidate_dcache_range
                0x0000000096002f70                tegrabl_arch_clean_invalidate_dcache_range
                0x0000000096002fa0                tegrabl_arch_sync_dcache_range
 .text.arch_early_init
                0x0000000096002ff4       0x38 /home/smanupa/Secure_UART/cboot/out/build-t186/bootloader/partner/t18x/cboot/arch/arm64.mod.o
                0x0000000096002ff4                arch_early_init
 .text.arch_init
                0x000000009600302c        0x4 /home/smanupa/Secure_UART/cboot/out/build-t186/bootloader/partner/t18x/cboot/arch/arm64.mod.o
                0x000000009600302c                arch_init
 .text.arch_idle
                0x0000000096003030        0x8 /home/smanupa/Secure_UART/cboot/out/build-t186/bootloader/partner/t18x/cboot/arch/arm64.mod.o
                0x0000000096003030                arch_idle
 .text.dump_esr
                0x0000000096003038      0x180 /home/smanupa/Secure_UART/cboot/out/build-t186/bootloader/partner/t18x/cboot/arch/arm64.mod.o
 .text.dump_iframe
                0x00000000960031b8       0xe8 /home/smanupa/Secure_UART/cboot/out/build-t186/bootloader/partner/t18x/cboot/arch/arm64.mod.o
 .text.arm64_sync_exception
                0x00000000960032a0       0x80 /home/smanupa/Secure_UART/cboot/out/build-t186/bootloader/partner/t18x/cboot/arch/arm64.mod.o
                0x00000000960032a0                arm64_sync_exception
 .text.arm64_invalid_exception
                0x0000000096003320       0x68 /home/smanupa/Secure_UART/cboot/out/build-t186/bootloader/partner/t18x/cboot/arch/arm64.mod.o
                0x0000000096003320                arm64_invalid_exception
 .text.initial_thread_func
                0x0000000096003388       0x34 /home/smanupa/Secure_UART/cboot/out/build-t186/bootloader/partner/t18x/cboot/arch/arm64.mod.o
                0x0000000096003388                initial_thread_func
 .text.arch_thread_initialize
                0x00000000960033bc       0x54 /home/smanupa/Secure_UART/cboot/out/build-t186/bootloader/partner/t18x/cboot/arch/arm64.mod.o
                0x00000000960033bc                arch_thread_initialize
 .text.arch_context_switch
                0x0000000096003410        0xc /home/smanupa/Secure_UART/cboot/out/build-t186/bootloader/partner/t18x/cboot/arch/arm64.mod.o
                0x0000000096003410                arch_context_switch
 .text.print_cpuid
                0x000000009600341c       0x68 /home/smanupa/Secure_UART/cboot/out/build-t186/bootloader/partner/t18x/cboot/arch/arm64.mod.o
                0x000000009600341c                print_cpuid
 .text.allocate_tt_page
                0x0000000096003484       0x9c /home/smanupa/Secure_UART/cboot/out/build-t186/bootloader/partner/t18x/cboot/arch/arm64.mod.o
 .text.arm64_mmu_map_level
                0x0000000096003520      0x33c /home/smanupa/Secure_UART/cboot/out/build-t186/bootloader/partner/t18x/cboot/arch/arm64.mod.o
 .text.arm64_mmu_map
                0x000000009600385c       0x74 /home/smanupa/Secure_UART/cboot/out/build-t186/bootloader/partner/t18x/cboot/arch/arm64.mod.o
                0x000000009600385c                arm64_mmu_map
 .text.arm64_mmu_init
                0x00000000960038d0       0xe0 /home/smanupa/Secure_UART/cboot/out/build-t186/bootloader/partner/t18x/cboot/arch/arm64.mod.o
                0x00000000960038d0                arm64_mmu_init
 .text.arch_disable_mmu
                0x00000000960039b0       0x20 /home/smanupa/Secure_UART/cboot/out/build-t186/bootloader/partner/t18x/cboot/arch/arm64.mod.o
                0x00000000960039b0                arch_disable_mmu
 .text.print_stacktrace
                0x00000000960039d0       0xbc /home/smanupa/Secure_UART/cboot/out/build-t186/bootloader/partner/t18x/cboot/arch/arm64.mod.o
                0x00000000960039d0                print_stacktrace
 .text.tegrabl_dma_unmap_buffer
                0x0000000096003a8c       0x18 /home/smanupa/Secure_UART/cboot/out/build-t186/bootloader/partner/t18x/cboot/arch/arm64.mod.o
                0x0000000096003a8c                tegrabl_dma_unmap_buffer
 .text.tegrabl_dma_va_to_pa
                0x0000000096003aa4       0x20 /home/smanupa/Secure_UART/cboot/out/build-t186/bootloader/partner/t18x/cboot/arch/arm64.mod.o
                0x0000000096003aa4                tegrabl_dma_va_to_pa
 .text.tegrabl_dma_map_buffer
                0x0000000096003ac4       0x44 /home/smanupa/Secure_UART/cboot/out/build-t186/bootloader/partner/t18x/cboot/arch/arm64.mod.o
                0x0000000096003ac4                tegrabl_dma_map_buffer
 .text.lk_init_level
                0x0000000096003b08       0xf0 /home/smanupa/Secure_UART/cboot/out/build-t186/bootloader/partner/t18x/cboot/top.mod.o
                0x0000000096003b08                lk_init_level
 .text.bootstrap2
                0x0000000096003bf8       0x7c /home/smanupa/Secure_UART/cboot/out/build-t186/bootloader/partner/t18x/cboot/top.mod.o
 .text.lk_main  0x0000000096003c74      0x10c /home/smanupa/Secure_UART/cboot/out/build-t186/bootloader/partner/t18x/cboot/top.mod.o
                0x0000000096003c74                lk_main
 .text.app_thread_entry
                0x0000000096003d80       0x20 /home/smanupa/Secure_UART/cboot/out/build-t186/bootloader/partner/t18x/cboot/app.mod.o
 .text.apps_init
                0x0000000096003da0       0xf8 /home/smanupa/Secure_UART/cboot/out/build-t186/bootloader/partner/t18x/cboot/app.mod.o
                0x0000000096003da0                apps_init
 .text.kernel_boot_init
                0x0000000096003e98        0x4 /home/smanupa/Secure_UART/cboot/out/build-t186/bootloader/partner/t18x/cboot/app/kernel_boot.mod.o
 .text.load_and_boot_kernel
                0x0000000096003e9c       0xd0 /home/smanupa/Secure_UART/cboot/out/build-t186/bootloader/partner/t18x/cboot/app/kernel_boot.mod.o
                0x0000000096003e9c                load_and_boot_kernel
 .text.kernel_boot_entry
                0x0000000096003f6c       0x94 /home/smanupa/Secure_UART/cboot/out/build-t186/bootloader/partner/t18x/cboot/app/kernel_boot.mod.o
 .text.kernel_init
                0x0000000096004000       0x2c /home/smanupa/Secure_UART/cboot/out/build-t186/bootloader/partner/t18x/cboot/kernel.mod.o
                0x0000000096004000                kernel_init
 .text.mutex_init
                0x000000009600402c       0x30 /home/smanupa/Secure_UART/cboot/out/build-t186/bootloader/partner/t18x/cboot/kernel.mod.o
                0x000000009600402c                mutex_init
 .text.list_delete
                0x000000009600405c       0x18 /home/smanupa/Secure_UART/cboot/out/build-t186/bootloader/partner/t18x/cboot/kernel.mod.o
 .text.thread_resched
                0x0000000096004074      0x204 /home/smanupa/Secure_UART/cboot/out/build-t186/bootloader/partner/t18x/cboot/kernel.mod.o
 .text.insert_in_run_queue_tail
                0x0000000096004278       0xe4 /home/smanupa/Secure_UART/cboot/out/build-t186/bootloader/partner/t18x/cboot/kernel.mod.o
 .text.insert_in_run_queue_head
                0x000000009600435c       0xe0 /home/smanupa/Secure_UART/cboot/out/build-t186/bootloader/partner/t18x/cboot/kernel.mod.o
 .text.thread_sleep_handler
                0x000000009600443c       0x80 /home/smanupa/Secure_UART/cboot/out/build-t186/bootloader/partner/t18x/cboot/kernel.mod.o
 .text.thread_create_etc
                0x00000000960044bc      0x158 /home/smanupa/Secure_UART/cboot/out/build-t186/bootloader/partner/t18x/cboot/kernel.mod.o
                0x00000000960044bc                thread_create_etc
 .text.thread_create
                0x0000000096004614       0x20 /home/smanupa/Secure_UART/cboot/out/build-t186/bootloader/partner/t18x/cboot/kernel.mod.o
                0x0000000096004614                thread_create
 .text.thread_yield
                0x0000000096004634       0xd0 /home/smanupa/Secure_UART/cboot/out/build-t186/bootloader/partner/t18x/cboot/kernel.mod.o
                0x0000000096004634                thread_yield
 .text.thread_resume
                0x0000000096004704       0xb8 /home/smanupa/Secure_UART/cboot/out/build-t186/bootloader/partner/t18x/cboot/kernel.mod.o
                0x0000000096004704                thread_resume
 .text.thread_preempt
                0x00000000960047bc       0xf0 /home/smanupa/Secure_UART/cboot/out/build-t186/bootloader/partner/t18x/cboot/kernel.mod.o
                0x00000000960047bc                thread_preempt
 .text.thread_block
                0x00000000960048ac       0xa8 /home/smanupa/Secure_UART/cboot/out/build-t186/bootloader/partner/t18x/cboot/kernel.mod.o
                0x00000000960048ac                thread_block
 .text.thread_timer_tick
                0x0000000096004954       0x38 /home/smanupa/Secure_UART/cboot/out/build-t186/bootloader/partner/t18x/cboot/kernel.mod.o
                0x0000000096004954                thread_timer_tick
 .text.thread_sleep
                0x000000009600498c       0xe0 /home/smanupa/Secure_UART/cboot/out/build-t186/bootloader/partner/t18x/cboot/kernel.mod.o
                0x000000009600498c                thread_sleep
 .text.thread_init_early
                0x0000000096004a6c       0xe0 /home/smanupa/Secure_UART/cboot/out/build-t186/bootloader/partner/t18x/cboot/kernel.mod.o
                0x0000000096004a6c                thread_init_early
 .text.thread_init
                0x0000000096004b4c        0x4 /home/smanupa/Secure_UART/cboot/out/build-t186/bootloader/partner/t18x/cboot/kernel.mod.o
                0x0000000096004b4c                thread_init
 .text.thread_set_name
                0x0000000096004b50       0x18 /home/smanupa/Secure_UART/cboot/out/build-t186/bootloader/partner/t18x/cboot/kernel.mod.o
                0x0000000096004b50                thread_set_name
 .text.thread_become_idle
                0x0000000096004b68       0x4c /home/smanupa/Secure_UART/cboot/out/build-t186/bootloader/partner/t18x/cboot/kernel.mod.o
                0x0000000096004b68                thread_become_idle
 .text.wait_queue_block
                0x0000000096004bb4      0x124 /home/smanupa/Secure_UART/cboot/out/build-t186/bootloader/partner/t18x/cboot/kernel.mod.o
                0x0000000096004bb4                wait_queue_block
 .text.thread_join
                0x0000000096004cd8      0x1a8 /home/smanupa/Secure_UART/cboot/out/build-t186/bootloader/partner/t18x/cboot/kernel.mod.o
                0x0000000096004cd8                thread_join
 .text.wait_queue_wake_all
                0x0000000096004e80      0x154 /home/smanupa/Secure_UART/cboot/out/build-t186/bootloader/partner/t18x/cboot/kernel.mod.o
                0x0000000096004e80                wait_queue_wake_all
 .text.thread_detach
                0x0000000096004fd4       0xe4 /home/smanupa/Secure_UART/cboot/out/build-t186/bootloader/partner/t18x/cboot/kernel.mod.o
                0x0000000096004fd4                thread_detach
 .text.thread_exit
                0x00000000960050b8       0xfc /home/smanupa/Secure_UART/cboot/out/build-t186/bootloader/partner/t18x/cboot/kernel.mod.o
                0x00000000960050b8                thread_exit
 .text.thread_unblock_from_wait_queue
                0x00000000960051b4      0x114 /home/smanupa/Secure_UART/cboot/out/build-t186/bootloader/partner/t18x/cboot/kernel.mod.o
                0x00000000960051b4                thread_unblock_from_wait_queue
 .text.wait_queue_timeout_handler
                0x00000000960052c8       0x5c /home/smanupa/Secure_UART/cboot/out/build-t186/bootloader/partner/t18x/cboot/kernel.mod.o
 .text.insert_timer_in_queue
                0x0000000096005324       0x6c /home/smanupa/Secure_UART/cboot/out/build-t186/bootloader/partner/t18x/cboot/kernel.mod.o
 .text.timer_tick
                0x0000000096005390      0x164 /home/smanupa/Secure_UART/cboot/out/build-t186/bootloader/partner/t18x/cboot/kernel.mod.o
 .text.timer_set
                0x00000000960054f4       0xe4 /home/smanupa/Secure_UART/cboot/out/build-t186/bootloader/partner/t18x/cboot/kernel.mod.o
 .text.timer_initialize
                0x00000000960055d8       0x1c /home/smanupa/Secure_UART/cboot/out/build-t186/bootloader/partner/t18x/cboot/kernel.mod.o
                0x00000000960055d8                timer_initialize
 .text.timer_set_oneshot
                0x00000000960055f4       0x18 /home/smanupa/Secure_UART/cboot/out/build-t186/bootloader/partner/t18x/cboot/kernel.mod.o
                0x00000000960055f4                timer_set_oneshot
 .text.timer_cancel
                0x000000009600560c       0x98 /home/smanupa/Secure_UART/cboot/out/build-t186/bootloader/partner/t18x/cboot/kernel.mod.o
                0x000000009600560c                timer_cancel
 .text.timer_init
                0x00000000960056a4       0x24 /home/smanupa/Secure_UART/cboot/out/build-t186/bootloader/partner/t18x/cboot/kernel.mod.o
                0x00000000960056a4                timer_init
 .text.reset    0x00000000960056c8       0x20 /home/smanupa/Secure_UART/cboot/out/build-t186/bootloader/partner/t18x/cboot/lib/exit.mod.o
 .text.reboot_forced_recovery
                0x00000000960056e8       0x2c /home/smanupa/Secure_UART/cboot/out/build-t186/bootloader/partner/t18x/cboot/lib/exit.mod.o
 .text.reboot_fastboot
                0x0000000096005714       0x2c /home/smanupa/Secure_UART/cboot/out/build-t186/bootloader/partner/t18x/cboot/lib/exit.mod.o
 .text.power_off
                0x0000000096005740       0x20 /home/smanupa/Secure_UART/cboot/out/build-t186/bootloader/partner/t18x/cboot/lib/exit.mod.o
 .text.tegrabl_exit_register
                0x0000000096005760       0x58 /home/smanupa/Secure_UART/cboot/out/build-t186/bootloader/partner/t18x/cboot/lib/exit.mod.o
                0x0000000096005760                tegrabl_exit_register
 .text.menu_init
                0x00000000960057b8       0x38 /home/smanupa/Secure_UART/cboot/out/build-t186/bootloader/partner/t18x/cboot/lib/menu.mod.o
                0x00000000960057b8                menu_init
 .text          0x00000000960057f0       0x34 /home/smanupa/Secure_UART/cboot/out/build-t186/bootloader/partner/common/arch/arm64.mod.o
                0x00000000960057f0                tegrabl_arm64_send_smc64
 .text.tegrabl_crypto_init
                0x0000000096005824      0x1ec /home/smanupa/Secure_UART/cboot/out/build-t186/bootloader/partner/common/drivers/crypto.mod.o
                0x0000000096005824                tegrabl_crypto_init
 .text.tegrabl_crypto_process_block
                0x0000000096005a10      0x150 /home/smanupa/Secure_UART/cboot/out/build-t186/bootloader/partner/common/drivers/crypto.mod.o
                0x0000000096005a10                tegrabl_crypto_process_block
 .text.tegrabl_crypto_finalize
                0x0000000096005b60       0xf4 /home/smanupa/Secure_UART/cboot/out/build-t186/bootloader/partner/common/drivers/crypto.mod.o
                0x0000000096005b60                tegrabl_crypto_finalize
 .text.tegrabl_crypto_close
                0x0000000096005c54       0x88 /home/smanupa/Secure_UART/cboot/out/build-t186/bootloader/partner/common/drivers/crypto.mod.o
                0x0000000096005c54                tegrabl_crypto_close
 .text.tegrabl_display_init
                0x0000000096005cdc      0x130 /home/smanupa/Secure_UART/cboot/out/build-t186/bootloader/partner/common/drivers/display.mod.o
                0x0000000096005cdc                tegrabl_display_init
 .text.tegrabl_display_show_image
                0x0000000096005e0c      0x17c /home/smanupa/Secure_UART/cboot/out/build-t186/bootloader/partner/common/drivers/display.mod.o
                0x0000000096005e0c                tegrabl_display_show_image
 .text.tegrabl_display_clear
                0x0000000096005f88       0xa0 /home/smanupa/Secure_UART/cboot/out/build-t186/bootloader/partner/common/drivers/display.mod.o
                0x0000000096005f88                tegrabl_display_clear
 .text.tegrabl_display_shutdown
                0x0000000096006028       0xa0 /home/smanupa/Secure_UART/cboot/out/build-t186/bootloader/partner/common/drivers/display.mod.o
                0x0000000096006028                tegrabl_display_shutdown
 .text.tegrabl_display_get_params
                0x00000000960060c8       0x74 /home/smanupa/Secure_UART/cboot/out/build-t186/bootloader/partner/common/drivers/display.mod.o
                0x00000000960060c8                tegrabl_display_get_params
 .text.display_unit_set_surface
                0x000000009600613c       0x6c /home/smanupa/Secure_UART/cboot/out/build-t186/bootloader/partner/common/drivers/display.mod.o
                0x000000009600613c                display_unit_set_surface
 .text.tegrabl_display_unit_show_image
                0x00000000960061a8       0xbc /home/smanupa/Secure_UART/cboot/out/build-t186/bootloader/partner/common/drivers/display.mod.o
                0x00000000960061a8                tegrabl_display_unit_show_image
 .text.tegrabl_display_unit_clear
                0x0000000096006264       0x9c /home/smanupa/Secure_UART/cboot/out/build-t186/bootloader/partner/common/drivers/display.mod.o
                0x0000000096006264                tegrabl_display_unit_clear
 .text.tegrabl_display_unit_init
                0x0000000096006300      0x190 /home/smanupa/Secure_UART/cboot/out/build-t186/bootloader/partner/common/drivers/display.mod.o
                0x0000000096006300                tegrabl_display_unit_init
 .text.tegrabl_display_unit_ioctl
                0x0000000096006490      0x154 /home/smanupa/Secure_UART/cboot/out/build-t186/bootloader/partner/common/drivers/display.mod.o
                0x0000000096006490                tegrabl_display_unit_ioctl
 .text.tegrabl_display_unit_shutdown
                0x00000000960065e4       0x6c /home/smanupa/Secure_UART/cboot/out/build-t186/bootloader/partner/common/drivers/display.mod.o
                0x00000000960065e4                tegrabl_display_unit_shutdown
 .text.nvdisp_set_head_clk
                0x0000000096006650       0x8c /home/smanupa/Secure_UART/cboot/out/build-t186/bootloader/partner/common/drivers/display.mod.o
 .text.nvdisp_clk_setup
                0x00000000960066dc      0x318 /home/smanupa/Secure_UART/cboot/out/build-t186/bootloader/partner/common/drivers/display.mod.o
                0x00000000960066dc                nvdisp_clk_setup
 .text.nvdisp_enable
                0x00000000960069f4      0x30c /home/smanupa/Secure_UART/cboot/out/build-t186/bootloader/partner/common/drivers/display.mod.o
                0x00000000960069f4                nvdisp_enable
 .text.tegrabl_nvdisp_init
                0x0000000096006d00      0x134 /home/smanupa/Secure_UART/cboot/out/build-t186/bootloader/partner/common/drivers/display.mod.o
                0x0000000096006d00                tegrabl_nvdisp_init
 .text.tegrabl_nvdisp_list_windows
                0x0000000096006e34        0x8 /home/smanupa/Secure_UART/cboot/out/build-t186/bootloader/partner/common/drivers/display.mod.o
                0x0000000096006e34                tegrabl_nvdisp_list_windows
 .text.tegrabl_nvdisp_configure_window
                0x0000000096006e3c       0xf0 /home/smanupa/Secure_UART/cboot/out/build-t186/bootloader/partner/common/drivers/display.mod.o
                0x0000000096006e3c                tegrabl_nvdisp_configure_window
 .text.tegrabl_nvdisp_win_set_surface
                0x0000000096006f2c        0x4 /home/smanupa/Secure_UART/cboot/out/build-t186/bootloader/partner/common/drivers/display.mod.o
                0x0000000096006f2c                tegrabl_nvdisp_win_set_surface
 .text.nvdisp_win_select
                0x0000000096006f30       0x14 /home/smanupa/Secure_UART/cboot/out/build-t186/bootloader/partner/common/drivers/display.mod.o
                0x0000000096006f30                nvdisp_win_select
 .text.nvdisp_win_set_buf
                0x0000000096006f44       0x20 /home/smanupa/Secure_UART/cboot/out/build-t186/bootloader/partner/common/drivers/display.mod.o
                0x0000000096006f44                nvdisp_win_set_buf
 .text.nvdisp_win_list
                0x0000000096006f64        0xc /home/smanupa/Secure_UART/cboot/out/build-t186/bootloader/partner/common/drivers/display.mod.o
                0x0000000096006f64                nvdisp_win_list
 .text.nvdisp_win_set_owner
                0x0000000096006f70       0x28 /home/smanupa/Secure_UART/cboot/out/build-t186/bootloader/partner/common/drivers/display.mod.o
                0x0000000096006f70                nvdisp_win_set_owner
 .text.nvdisp_win_config
                0x0000000096006f98       0x80 /home/smanupa/Secure_UART/cboot/out/build-t186/bootloader/partner/common/drivers/display.mod.o
                0x0000000096006f98                nvdisp_win_config
 .text.nvdisp_win_csc_init_defaults
                0x0000000096007018       0x10 /home/smanupa/Secure_UART/cboot/out/build-t186/bootloader/partner/common/drivers/display.mod.o
                0x0000000096007018                nvdisp_win_csc_init_defaults
 .text.nvdisp_win_csc_set
                0x0000000096007028       0xb0 /home/smanupa/Secure_UART/cboot/out/build-t186/bootloader/partner/common/drivers/display.mod.o
                0x0000000096007028                nvdisp_win_csc_set
 .text.nvdisp_win_cp_init_defaults
                0x00000000960070d8       0x24 /home/smanupa/Secure_UART/cboot/out/build-t186/bootloader/partner/common/drivers/display.mod.o
                0x00000000960070d8                nvdisp_win_cp_init_defaults
 .text.nvdisp_win_cp_set
                0x00000000960070fc       0x68 /home/smanupa/Secure_UART/cboot/out/build-t186/bootloader/partner/common/drivers/display.mod.o
                0x00000000960070fc                nvdisp_win_cp_set
 .text.nvdisp_cmu_init_defaults
                0x0000000096007164       0x30 /home/smanupa/Secure_UART/cboot/out/build-t186/bootloader/partner/common/drivers/display.mod.o
                0x0000000096007164                nvdisp_cmu_init_defaults
 .text.nvdisp_cmu_set
                0x0000000096007194       0x7c /home/smanupa/Secure_UART/cboot/out/build-t186/bootloader/partner/common/drivers/display.mod.o
                0x0000000096007194                nvdisp_cmu_set
 .text.hdmi_setup_clk
                0x0000000096007210        0x8 /home/smanupa/Secure_UART/cboot/out/build-t186/bootloader/partner/common/drivers/display.mod.o
 .text.hdmi_disable
                0x0000000096007218        0x8 /home/smanupa/Secure_UART/cboot/out/build-t186/bootloader/partner/common/drivers/display.mod.o
 .text.hdmi_v2_x_mon_config
                0x0000000096007220       0x58 /home/smanupa/Secure_UART/cboot/out/build-t186/bootloader/partner/common/drivers/display.mod.o
 .text.hdmi_init
                0x0000000096007278       0xf4 /home/smanupa/Secure_UART/cboot/out/build-t186/bootloader/partner/common/drivers/display.mod.o
 .text.hdmi_v2_x_config
                0x000000009600736c       0x88 /home/smanupa/Secure_UART/cboot/out/build-t186/bootloader/partner/common/drivers/display.mod.o
 .text.monitor_scdc_block
                0x00000000960073f4       0x7c /home/smanupa/Secure_UART/cboot/out/build-t186/bootloader/partner/common/drivers/display.mod.o
 .text.hdmi_enable
                0x0000000096007470      0x4dc /home/smanupa/Secure_UART/cboot/out/build-t186/bootloader/partner/common/drivers/display.mod.o
 .text.tegrabl_dp_setup_clk
                0x000000009600794c        0x8 /home/smanupa/Secure_UART/cboot/out/build-t186/bootloader/partner/common/drivers/display.mod.o
                0x000000009600794c                tegrabl_dp_setup_clk
 .text.dp_link_cal
                0x0000000096007954       0x64 /home/smanupa/Secure_UART/cboot/out/build-t186/bootloader/partner/common/drivers/display.mod.o
 .text.tegrabl_dp_init
                0x00000000960079b8       0xf4 /home/smanupa/Secure_UART/cboot/out/build-t186/bootloader/partner/common/drivers/display.mod.o
 .text.dp_tu_config.isra.2
                0x0000000096007aac       0x8c /home/smanupa/Secure_UART/cboot/out/build-t186/bootloader/partner/common/drivers/display.mod.o
 .text.tegrabl_dp_clock_config
                0x0000000096007b38      0x1f0 /home/smanupa/Secure_UART/cboot/out/build-t186/bootloader/partner/common/drivers/display.mod.o
                0x0000000096007b38                tegrabl_dp_clock_config
 .text.tegrabl_dp_dpcd_read
                0x0000000096007d28       0x64 /home/smanupa/Secure_UART/cboot/out/build-t186/bootloader/partner/common/drivers/display.mod.o
                0x0000000096007d28                tegrabl_dp_dpcd_read
 .text.tegrabl_dp_dpcd_write
                0x0000000096007d8c       0x68 /home/smanupa/Secure_UART/cboot/out/build-t186/bootloader/partner/common/drivers/display.mod.o
                0x0000000096007d8c                tegrabl_dp_dpcd_write
 .text.tegrabl_dp_dpcd_write_field
                0x0000000096007df4       0x5c /home/smanupa/Secure_UART/cboot/out/build-t186/bootloader/partner/common/drivers/display.mod.o
                0x0000000096007df4                tegrabl_dp_dpcd_write_field
 .text.tegrabl_dp_calc_config
                0x0000000096007e50      0x2e4 /home/smanupa/Secure_UART/cboot/out/build-t186/bootloader/partner/common/drivers/display.mod.o
                0x0000000096007e50                tegrabl_dp_calc_config
 .text.tegrabl_dp_enable
                0x0000000096008134      0x488 /home/smanupa/Secure_UART/cboot/out/build-t186/bootloader/partner/common/drivers/display.mod.o
 .text.tegrabl_dp_tpg
                0x00000000960085bc       0x50 /home/smanupa/Secure_UART/cboot/out/build-t186/bootloader/partner/common/drivers/display.mod.o
                0x00000000960085bc                tegrabl_dp_tpg
 .text.tegrabl_dp_update_link_config
                0x000000009600860c       0x80 /home/smanupa/Secure_UART/cboot/out/build-t186/bootloader/partner/common/drivers/display.mod.o
                0x000000009600860c                tegrabl_dp_update_link_config
 .text.fast_lt_state
                0x000000009600868c        0xc /home/smanupa/Secure_UART/cboot/out/build-t186/bootloader/partner/common/drivers/display.mod.o
 .text.set_lt_tpg
                0x0000000096008698       0x78 /home/smanupa/Secure_UART/cboot/out/build-t186/bootloader/partner/common/drivers/display.mod.o
 .text.lt_data_sw_reset
                0x0000000096008710       0x78 /home/smanupa/Secure_UART/cboot/out/build-t186/bootloader/partner/common/drivers/display.mod.o
 .text.lt_data_reset
                0x0000000096008788       0x48 /home/smanupa/Secure_UART/cboot/out/build-t186/bootloader/partner/common/drivers/display.mod.o
 .text.lt_failed
                0x00000000960087d0       0x48 /home/smanupa/Secure_UART/cboot/out/build-t186/bootloader/partner/common/drivers/display.mod.o
 .text.get_clock_recovery_status
                0x0000000096008818       0x98 /home/smanupa/Secure_UART/cboot/out/build-t186/bootloader/partner/common/drivers/display.mod.o
 .text.get_channel_eq_status
                0x00000000960088b0       0xb4 /home/smanupa/Secure_UART/cboot/out/build-t186/bootloader/partner/common/drivers/display.mod.o
 .text.lt_passed
                0x0000000096008964       0x40 /home/smanupa/Secure_UART/cboot/out/build-t186/bootloader/partner/common/drivers/display.mod.o
 .text.set_lt_config
                0x00000000960089a4      0x384 /home/smanupa/Secure_UART/cboot/out/build-t186/bootloader/partner/common/drivers/display.mod.o
 .text.get_lt_new_config
                0x0000000096008d28      0x11c /home/smanupa/Secure_UART/cboot/out/build-t186/bootloader/partner/common/drivers/display.mod.o
 .text.lt_reduce_bit_rate_state
                0x0000000096008e44      0x1a8 /home/smanupa/Secure_UART/cboot/out/build-t186/bootloader/partner/common/drivers/display.mod.o
 .text.lt_clock_recovery_state
                0x0000000096008fec      0x168 /home/smanupa/Secure_UART/cboot/out/build-t186/bootloader/partner/common/drivers/display.mod.o
 .text.lt_reset_state
                0x0000000096009154       0xd8 /home/smanupa/Secure_UART/cboot/out/build-t186/bootloader/partner/common/drivers/display.mod.o
 .text.lt_channel_equalization_state
                0x000000009600922c      0x128 /home/smanupa/Secure_UART/cboot/out/build-t186/bootloader/partner/common/drivers/display.mod.o
 .text.tegrabl_dp_lt
                0x0000000096009354      0x13c /home/smanupa/Secure_UART/cboot/out/build-t186/bootloader/partner/common/drivers/display.mod.o
                0x0000000096009354                tegrabl_dp_lt
 .text.tegrabl_dp_lt_init
                0x0000000096009490        0xc /home/smanupa/Secure_UART/cboot/out/build-t186/bootloader/partner/common/drivers/display.mod.o
                0x0000000096009490                tegrabl_dp_lt_init
 .text.sor_init
                0x000000009600949c       0x74 /home/smanupa/Secure_UART/cboot/out/build-t186/bootloader/partner/common/drivers/display.mod.o
                0x000000009600949c                sor_init
 .text.sor_poll_register
                0x0000000096009510       0x94 /home/smanupa/Secure_UART/cboot/out/build-t186/bootloader/partner/common/drivers/display.mod.o
                0x0000000096009510                sor_poll_register
 .text.sor_set_lane_count
                0x00000000960095a4       0x74 /home/smanupa/Secure_UART/cboot/out/build-t186/bootloader/partner/common/drivers/display.mod.o
                0x00000000960095a4                sor_set_lane_count
 .text.sor_power_lanes
                0x0000000096009618      0x178 /home/smanupa/Secure_UART/cboot/out/build-t186/bootloader/partner/common/drivers/display.mod.o
                0x0000000096009618                sor_power_lanes
 .text.sor_set_power_state
                0x0000000096009790       0x6c /home/smanupa/Secure_UART/cboot/out/build-t186/bootloader/partner/common/drivers/display.mod.o
                0x0000000096009790                sor_set_power_state
 .text.sor_set_link_bandwidth
                0x00000000960097fc       0x20 /home/smanupa/Secure_UART/cboot/out/build-t186/bootloader/partner/common/drivers/display.mod.o
                0x00000000960097fc                sor_set_link_bandwidth
 .text.sor_config_hdmi_clk
                0x000000009600981c       0x60 /home/smanupa/Secure_UART/cboot/out/build-t186/bootloader/partner/common/drivers/display.mod.o
                0x000000009600981c                sor_config_hdmi_clk
 .text.sor_pad_cal_power
                0x000000009600987c       0x2c /home/smanupa/Secure_UART/cboot/out/build-t186/bootloader/partner/common/drivers/display.mod.o
                0x000000009600987c                sor_pad_cal_power
 .text.sor_hdmi_pad_power_up
                0x00000000960098a8      0x114 /home/smanupa/Secure_UART/cboot/out/build-t186/bootloader/partner/common/drivers/display.mod.o
                0x00000000960098a8                sor_hdmi_pad_power_up
 .text.sor_termination_cal
                0x00000000960099bc       0x80 /home/smanupa/Secure_UART/cboot/out/build-t186/bootloader/partner/common/drivers/display.mod.o
                0x00000000960099bc                sor_termination_cal
 .text.sor_cal  0x0000000096009a3c       0x90 /home/smanupa/Secure_UART/cboot/out/build-t186/bootloader/partner/common/drivers/display.mod.o
                0x0000000096009a3c                sor_cal
 .text.sor_set_internal_panel
                0x0000000096009acc       0x54 /home/smanupa/Secure_UART/cboot/out/build-t186/bootloader/partner/common/drivers/display.mod.o
                0x0000000096009acc                sor_set_internal_panel
 .text.sor_super_update
                0x0000000096009b20       0x18 /home/smanupa/Secure_UART/cboot/out/build-t186/bootloader/partner/common/drivers/display.mod.o
                0x0000000096009b20                sor_super_update
 .text.sor_update
                0x0000000096009b38       0x18 /home/smanupa/Secure_UART/cboot/out/build-t186/bootloader/partner/common/drivers/display.mod.o
                0x0000000096009b38                sor_update
 .text.sor_enable_sor
                0x0000000096009b50       0x90 /home/smanupa/Secure_UART/cboot/out/build-t186/bootloader/partner/common/drivers/display.mod.o
                0x0000000096009b50                sor_enable_sor
 .text.sor_config_xbar
                0x0000000096009be0       0x50 /home/smanupa/Secure_UART/cboot/out/build-t186/bootloader/partner/common/drivers/display.mod.o
                0x0000000096009be0                sor_config_xbar
 .text.sor_attach
                0x0000000096009c30      0x228 /home/smanupa/Secure_UART/cboot/out/build-t186/bootloader/partner/common/drivers/display.mod.o
                0x0000000096009c30                sor_attach
 .text.sor_config_prod_settings
                0x0000000096009e58       0xa0 /home/smanupa/Secure_UART/cboot/out/build-t186/bootloader/partner/common/drivers/display.mod.o
                0x0000000096009e58                sor_config_prod_settings
 .text.sor_dump_registers
                0x0000000096009ef8        0x4 /home/smanupa/Secure_UART/cboot/out/build-t186/bootloader/partner/common/drivers/display.mod.o
                0x0000000096009ef8                sor_dump_registers
 .text.tegrabl_sor_tpg
                0x0000000096009efc       0x9c /home/smanupa/Secure_UART/cboot/out/build-t186/bootloader/partner/common/drivers/display.mod.o
                0x0000000096009efc                tegrabl_sor_tpg
 .text.tegrabl_sor_port_enable
                0x0000000096009f98       0x2c /home/smanupa/Secure_UART/cboot/out/build-t186/bootloader/partner/common/drivers/display.mod.o
                0x0000000096009f98                tegrabl_sor_port_enable
 .text.tegrabl_sor_enable_dp
                0x0000000096009fc4      0x108 /home/smanupa/Secure_UART/cboot/out/build-t186/bootloader/partner/common/drivers/display.mod.o
                0x0000000096009fc4                tegrabl_sor_enable_dp
 .text.tegrabl_sor_precharge_lanes
                0x000000009600a0cc       0xec /home/smanupa/Secure_UART/cboot/out/build-t186/bootloader/partner/common/drivers/display.mod.o
                0x000000009600a0cc                tegrabl_sor_precharge_lanes
 .text.tegrabl_sor_detach
                0x000000009600a1b8        0x4 /home/smanupa/Secure_UART/cboot/out/build-t186/bootloader/partner/common/drivers/display.mod.o
                0x000000009600a1b8                tegrabl_sor_detach
 .text.parse_detailed_timing
                0x000000009600a1bc      0x108 /home/smanupa/Secure_UART/cboot/out/build-t186/bootloader/partner/common/drivers/display.mod.o
 .text.read_edid
                0x000000009600a2c4      0x1e0 /home/smanupa/Secure_UART/cboot/out/build-t186/bootloader/partner/common/drivers/display.mod.o
                0x000000009600a2c4                read_edid
 .text.add_mode
                0x000000009600a4a4       0x34 /home/smanupa/Secure_UART/cboot/out/build-t186/bootloader/partner/common/drivers/display.mod.o
                0x000000009600a4a4                add_mode
 .text.parse_header
                0x000000009600a4d8       0x2c /home/smanupa/Secure_UART/cboot/out/build-t186/bootloader/partner/common/drivers/display.mod.o
                0x000000009600a4d8                parse_header
 .text.parse_established_timings
                0x000000009600a504       0xf8 /home/smanupa/Secure_UART/cboot/out/build-t186/bootloader/partner/common/drivers/display.mod.o
                0x000000009600a504                parse_established_timings
 .text.parse_standard_timings
                0x000000009600a5fc      0x178 /home/smanupa/Secure_UART/cboot/out/build-t186/bootloader/partner/common/drivers/display.mod.o
                0x000000009600a5fc                parse_standard_timings
 .text.fill_mode_with_monitor_data
                0x000000009600a774       0x68 /home/smanupa/Secure_UART/cboot/out/build-t186/bootloader/partner/common/drivers/display.mod.o
                0x000000009600a774                fill_mode_with_monitor_data
 .text.parse_descriptors
                0x000000009600a7dc      0x434 /home/smanupa/Secure_UART/cboot/out/build-t186/bootloader/partner/common/drivers/display.mod.o
                0x000000009600a7dc                parse_descriptors
 .text.parse_edid
                0x000000009600ac10      0x104 /home/smanupa/Secure_UART/cboot/out/build-t186/bootloader/partner/common/drivers/display.mod.o
                0x000000009600ac10                parse_edid
 .text.mode_from_hdmi_mode
                0x000000009600ad14      0x148 /home/smanupa/Secure_UART/cboot/out/build-t186/bootloader/partner/common/drivers/display.mod.o
                0x000000009600ad14                mode_from_hdmi_mode
 .text.tegrabl_edid_get_mode
                0x000000009600ae5c       0xd0 /home/smanupa/Secure_UART/cboot/out/build-t186/bootloader/partner/common/drivers/display.mod.o
                0x000000009600ae5c                tegrabl_edid_get_mode
 .text.tegrabl_edid_is_panel_hdmi
                0x000000009600af2c        0xc /home/smanupa/Secure_UART/cboot/out/build-t186/bootloader/partner/common/drivers/display.mod.o
                0x000000009600af2c                tegrabl_edid_is_panel_hdmi
 .text.get_best_mode
                0x000000009600af38      0x268 /home/smanupa/Secure_UART/cboot/out/build-t186/bootloader/partner/common/drivers/display.mod.o
                0x000000009600af38                get_best_mode
 .text.fdt32_to_cpu
                0x000000009600b1a0       0x20 /home/smanupa/Secure_UART/cboot/out/build-t186/bootloader/partner/common/drivers/display.mod.o
 .text.check_status_of_node
                0x000000009600b1c0       0x90 /home/smanupa/Secure_UART/cboot/out/build-t186/bootloader/partner/common/drivers/display.mod.o
 .text.get_offset_by_phandle
                0x000000009600b250       0x94 /home/smanupa/Secure_UART/cboot/out/build-t186/bootloader/partner/common/drivers/display.mod.o
 .text.tegrabl_display_get_du_list
                0x000000009600b2e4      0x618 /home/smanupa/Secure_UART/cboot/out/build-t186/bootloader/partner/common/drivers/display.mod.o
                0x000000009600b2e4                tegrabl_display_get_du_list
 .text.parse_prod_list
                0x000000009600b8fc      0x2cc /home/smanupa/Secure_UART/cboot/out/build-t186/bootloader/partner/common/drivers/display.mod.o
 .text.parse_hdmi_regulator_settings
                0x000000009600bbc8       0xec /home/smanupa/Secure_UART/cboot/out/build-t186/bootloader/partner/common/drivers/display.mod.o
                0x000000009600bbc8                parse_hdmi_regulator_settings
 .text.parse_hpd_gpio
                0x000000009600bcb4       0xec /home/smanupa/Secure_UART/cboot/out/build-t186/bootloader/partner/common/drivers/display.mod.o
                0x000000009600bcb4                parse_hpd_gpio
 .text.parse_hdmi_prod_settings
                0x000000009600bda0       0xc4 /home/smanupa/Secure_UART/cboot/out/build-t186/bootloader/partner/common/drivers/display.mod.o
                0x000000009600bda0                parse_hdmi_prod_settings
 .text.parse_dp_dtb_settings
                0x000000009600be64      0x4ec /home/smanupa/Secure_UART/cboot/out/build-t186/bootloader/partner/common/drivers/display.mod.o
                0x000000009600be64                parse_dp_dtb_settings
 .text.parse_dp_regulator_settings
                0x000000009600c350      0x100 /home/smanupa/Secure_UART/cboot/out/build-t186/bootloader/partner/common/drivers/display.mod.o
                0x000000009600c350                parse_dp_regulator_settings
 .text.parse_edp_regulator_settings
                0x000000009600c450       0xb8 /home/smanupa/Secure_UART/cboot/out/build-t186/bootloader/partner/common/drivers/display.mod.o
                0x000000009600c450                parse_edp_regulator_settings
 .text.tegrabl_dt_get_prop_u32
                0x000000009600c508       0x10 /home/smanupa/Secure_UART/cboot/out/build-t186/bootloader/partner/common/drivers/display.mod.o
 .text.parse_nvdisp_dtb_settings
                0x000000009600c518       0xe0 /home/smanupa/Secure_UART/cboot/out/build-t186/bootloader/partner/common/drivers/display.mod.o
                0x000000009600c518                parse_nvdisp_dtb_settings
 .text.parse_prod_settings
                0x000000009600c5f8      0x220 /home/smanupa/Secure_UART/cboot/out/build-t186/bootloader/partner/common/drivers/display.mod.o
                0x000000009600c5f8                parse_prod_settings
 .text.tegrabl_display_parse_xbar
                0x000000009600c818       0x9c /home/smanupa/Secure_UART/cboot/out/build-t186/bootloader/partner/common/drivers/display.mod.o
                0x000000009600c818                tegrabl_display_parse_xbar
 .text.parse_display_timings
                0x000000009600c8b4      0x194 /home/smanupa/Secure_UART/cboot/out/build-t186/bootloader/partner/common/drivers/display.mod.o
                0x000000009600c8b4                parse_display_timings
 .text.tegrabl_display_enable_regulator
                0x000000009600ca48       0x64 /home/smanupa/Secure_UART/cboot/out/build-t186/bootloader/partner/common/drivers/display.mod.o
 .text.tegrabl_display_init_regulator
                0x000000009600caac      0x280 /home/smanupa/Secure_UART/cboot/out/build-t186/bootloader/partner/common/drivers/display.mod.o
                0x000000009600caac                tegrabl_display_init_regulator
 .text.tegrabl_display_unpowergate
                0x000000009600cd2c       0x98 /home/smanupa/Secure_UART/cboot/out/build-t186/bootloader/partner/common/drivers/display.mod.o
                0x000000009600cd2c                tegrabl_display_unpowergate
 .text.tegrabl_display_powergate
                0x000000009600cdc4       0x98 /home/smanupa/Secure_UART/cboot/out/build-t186/bootloader/partner/common/drivers/display.mod.o
                0x000000009600cdc4                tegrabl_display_powergate
 .text.tegrabl_display_get_i2c
                0x000000009600ce5c       0x54 /home/smanupa/Secure_UART/cboot/out/build-t186/bootloader/partner/common/drivers/display.mod.o
                0x000000009600ce5c                tegrabl_display_get_i2c
 .text.tegrabl_eeprom_read
                0x000000009600ceb0      0x168 /home/smanupa/Secure_UART/cboot/out/build-t186/bootloader/partner/common/drivers/eeprom.mod.o
                0x000000009600ceb0                tegrabl_eeprom_read
 .text.tegrabl_unmap_buffers
                0x000000009600d018       0x7c /home/smanupa/Secure_UART/cboot/out/build-t186/bootloader/partner/common/drivers/gpcdma.mod.o
 .text.tegrabl_dma_request
                0x000000009600d094      0x100 /home/smanupa/Secure_UART/cboot/out/build-t186/bootloader/partner/common/drivers/gpcdma.mod.o
                0x000000009600d094                tegrabl_dma_request
 .text.tegrabl_dma_transfer
                0x000000009600d194      0x328 /home/smanupa/Secure_UART/cboot/out/build-t186/bootloader/partner/common/drivers/gpcdma.mod.o
                0x000000009600d194                tegrabl_dma_transfer
 .text.tegrabl_dma_transfer_status
                0x000000009600d4bc       0xb4 /home/smanupa/Secure_UART/cboot/out/build-t186/bootloader/partner/common/drivers/gpcdma.mod.o
                0x000000009600d4bc                tegrabl_dma_transfer_status
 .text.tegrabl_dma_transfer_abort
                0x000000009600d570       0x20 /home/smanupa/Secure_UART/cboot/out/build-t186/bootloader/partner/common/drivers/gpcdma.mod.o
                0x000000009600d570                tegrabl_dma_transfer_abort
 .text.tegrabl_init_scrub_dma
                0x000000009600d590      0x1b4 /home/smanupa/Secure_UART/cboot/out/build-t186/bootloader/partner/common/drivers/gpcdma.mod.o
                0x000000009600d590                tegrabl_init_scrub_dma
 .text.gpcdma_get_soc_info
                0x000000009600d744       0x10 /home/smanupa/Secure_UART/cboot/out/build-t186/bootloader/partner/common/drivers/gpcdma.mod.o
                0x000000009600d744                gpcdma_get_soc_info
 .text.reg      0x000000009600d754       0x28 /home/smanupa/Secure_UART/cboot/out/build-t186/bootloader/partner/common/drivers/gpio.mod.o
 .text.tegrabl_gpio_read
                0x000000009600d77c       0x5c /home/smanupa/Secure_UART/cboot/out/build-t186/bootloader/partner/common/drivers/gpio.mod.o
 .text.tegrabl_gpio_write
                0x000000009600d7d8       0x5c /home/smanupa/Secure_UART/cboot/out/build-t186/bootloader/partner/common/drivers/gpio.mod.o
 .text.tegrabl_gpio_config
                0x000000009600d834       0xa4 /home/smanupa/Secure_UART/cboot/out/build-t186/bootloader/partner/common/drivers/gpio.mod.o
 .text.tegrabl_gpio_driver_init
                0x000000009600d8d8      0x124 /home/smanupa/Secure_UART/cboot/out/build-t186/bootloader/partner/common/drivers/gpio.mod.o
                0x000000009600d8d8                tegrabl_gpio_driver_init
 .text.tegrabl_gpio_driver_register
                0x000000009600d9fc       0xd4 /home/smanupa/Secure_UART/cboot/out/build-t186/bootloader/partner/common/drivers/gpio.mod.o
                0x000000009600d9fc                tegrabl_gpio_driver_register
 .text.tegrabl_gpio_driver_get
                0x000000009600dad0       0x8c /home/smanupa/Secure_UART/cboot/out/build-t186/bootloader/partner/common/drivers/gpio.mod.o
                0x000000009600dad0                tegrabl_gpio_driver_get
 .text.tegrabl_gpio_get_chipid_with_phandle
                0x000000009600db5c       0x4c /home/smanupa/Secure_UART/cboot/out/build-t186/bootloader/partner/common/drivers/gpio.mod.o
                0x000000009600db5c                tegrabl_gpio_get_chipid_with_phandle
 .text.gpio_framework_init
                0x000000009600dba8       0x34 /home/smanupa/Secure_UART/cboot/out/build-t186/bootloader/partner/common/drivers/gpio.mod.o
                0x000000009600dba8                gpio_framework_init
 .text.tegrabl_pinconfig_set
                0x000000009600dbdc       0x30 /home/smanupa/Secure_UART/cboot/out/build-t186/bootloader/partner/common/drivers/gpio.mod.o
                0x000000009600dbdc                tegrabl_pinconfig_set
 .text.tca9539_gpio_config
                0x000000009600dc0c      0x10c /home/smanupa/Secure_UART/cboot/out/build-t186/bootloader/partner/common/drivers/gpio.mod.o
 .text.tca9539_gpio_write
                0x000000009600dd18       0xe0 /home/smanupa/Secure_UART/cboot/out/build-t186/bootloader/partner/common/drivers/gpio.mod.o
 .text.tca9539_gpio_read
                0x000000009600ddf8       0xd0 /home/smanupa/Secure_UART/cboot/out/build-t186/bootloader/partner/common/drivers/gpio.mod.o
 .text.tegrabl_tca9539_init
                0x000000009600dec8      0x334 /home/smanupa/Secure_UART/cboot/out/build-t186/bootloader/partner/common/drivers/gpio.mod.o
                0x000000009600dec8                tegrabl_tca9539_init
 .text.i2c_load_config.part.2
                0x000000009600e1fc       0x74 /home/smanupa/Secure_UART/cboot/out/build-t186/bootloader/partner/common/drivers/i2c.mod.o
 .text.i2c_wait_for_transfer_complete
                0x000000009600e270       0xd8 /home/smanupa/Secure_UART/cboot/out/build-t186/bootloader/partner/common/drivers/i2c.mod.o
 .text.i2c_send_header
                0x000000009600e348       0x74 /home/smanupa/Secure_UART/cboot/out/build-t186/bootloader/partner/common/drivers/i2c.mod.o
 .text.i2c_reset_controller
                0x000000009600e3bc      0x174 /home/smanupa/Secure_UART/cboot/out/build-t186/bootloader/partner/common/drivers/i2c.mod.o
 .text.tegrabl_i2c_set_bus_freq_info
                0x000000009600e530       0xf0 /home/smanupa/Secure_UART/cboot/out/build-t186/bootloader/partner/common/drivers/i2c.mod.o
                0x000000009600e530                tegrabl_i2c_set_bus_freq_info
 .text.tegrabl_i2c_register
                0x000000009600e620       0x18 /home/smanupa/Secure_UART/cboot/out/build-t186/bootloader/partner/common/drivers/i2c.mod.o
                0x000000009600e620                tegrabl_i2c_register
 .text.tegrabl_i2c_lookup
                0x000000009600e638       0x6c /home/smanupa/Secure_UART/cboot/out/build-t186/bootloader/partner/common/drivers/i2c.mod.o
                0x000000009600e638                tegrabl_i2c_lookup
 .text.tegrabl_i2c_bus_clear
                0x000000009600e6a4      0x16c /home/smanupa/Secure_UART/cboot/out/build-t186/bootloader/partner/common/drivers/i2c.mod.o
                0x000000009600e6a4                tegrabl_i2c_bus_clear
 .text.tegrabl_i2c_open
                0x000000009600e810      0x23c /home/smanupa/Secure_UART/cboot/out/build-t186/bootloader/partner/common/drivers/i2c.mod.o
                0x000000009600e810                tegrabl_i2c_open
 .text.tegrabl_i2c_read
                0x000000009600ea4c      0x204 /home/smanupa/Secure_UART/cboot/out/build-t186/bootloader/partner/common/drivers/i2c.mod.o
                0x000000009600ea4c                tegrabl_i2c_read
 .text.tegrabl_i2c_write
                0x000000009600ec50      0x1fc /home/smanupa/Secure_UART/cboot/out/build-t186/bootloader/partner/common/drivers/i2c.mod.o
                0x000000009600ec50                tegrabl_i2c_write
 .text.tegrabl_virtual_i2c_xfer
                0x000000009600ee4c      0x218 /home/smanupa/Secure_UART/cboot/out/build-t186/bootloader/partner/common/drivers/i2c.mod.o
                0x000000009600ee4c                tegrabl_virtual_i2c_xfer
 .text.i2c_get_soc_info
                0x000000009600f064       0x18 /home/smanupa/Secure_UART/cboot/out/build-t186/bootloader/partner/common/drivers/i2c.mod.o
                0x000000009600f064                i2c_get_soc_info
 .text.tegrabl_i2c_get_clk_source_rate
                0x000000009600f07c        0xc /home/smanupa/Secure_UART/cboot/out/build-t186/bootloader/partner/common/drivers/i2c.mod.o
                0x000000009600f07c                tegrabl_i2c_get_clk_source_rate
 .text.tegrabl_i2c_register_prod_settings
                0x000000009600f088       0xa8 /home/smanupa/Secure_UART/cboot/out/build-t186/bootloader/partner/common/drivers/i2c.mod.o
                0x000000009600f088                tegrabl_i2c_register_prod_settings
 .text.i2c_set_prod_settings
                0x000000009600f130       0xc4 /home/smanupa/Secure_UART/cboot/out/build-t186/bootloader/partner/common/drivers/i2c.mod.o
                0x000000009600f130                i2c_set_prod_settings
 .text.tegrabl_i2c_dev_open
                0x000000009600f1f4       0xcc /home/smanupa/Secure_UART/cboot/out/build-t186/bootloader/partner/common/drivers/i2c_dev.mod.o
                0x000000009600f1f4                tegrabl_i2c_dev_open
 .text.tegrabl_i2c_dev_read
                0x000000009600f2c0      0x284 /home/smanupa/Secure_UART/cboot/out/build-t186/bootloader/partner/common/drivers/i2c_dev.mod.o
                0x000000009600f2c0                tegrabl_i2c_dev_read
 .text.tegrabl_i2c_dev_write
                0x000000009600f544      0x268 /home/smanupa/Secure_UART/cboot/out/build-t186/bootloader/partner/common/drivers/i2c_dev.mod.o
                0x000000009600f544                tegrabl_i2c_dev_write
 .text.tegrabl_pmic_register
                0x000000009600f7ac       0xa0 /home/smanupa/Secure_UART/cboot/out/build-t186/bootloader/partner/common/drivers/pmic.mod.o
                0x000000009600f7ac                tegrabl_pmic_register
 .text.tegrabl_pmic_init
                0x000000009600f84c       0x14 /home/smanupa/Secure_UART/cboot/out/build-t186/bootloader/partner/common/drivers/pmic.mod.o
                0x000000009600f84c                tegrabl_pmic_init
 .text.enable_sd
                0x000000009600f860        0x8 /home/smanupa/Secure_UART/cboot/out/build-t186/bootloader/partner/common/drivers/pmic/max77620.mod.o
 .text.max77620_gpio_config
                0x000000009600f868        0x8 /home/smanupa/Secure_UART/cboot/out/build-t186/bootloader/partner/common/drivers/pmic/max77620.mod.o
 .text.max77620_gpio_read
                0x000000009600f870        0x8 /home/smanupa/Secure_UART/cboot/out/build-t186/bootloader/partner/common/drivers/pmic/max77620.mod.o
 .text.max77620_get_reset_reason
                0x000000009600f878       0x64 /home/smanupa/Secure_UART/cboot/out/build-t186/bootloader/partner/common/drivers/pmic/max77620.mod.o
 .text.max77620_poweroff
                0x000000009600f8dc       0x7c /home/smanupa/Secure_UART/cboot/out/build-t186/bootloader/partner/common/drivers/pmic/max77620.mod.o
 .text.set_regulator_voltage
                0x000000009600f958       0xdc /home/smanupa/Secure_UART/cboot/out/build-t186/bootloader/partner/common/drivers/pmic/max77620.mod.o
 .text.set_sd_voltage
                0x000000009600fa34        0x4 /home/smanupa/Secure_UART/cboot/out/build-t186/bootloader/partner/common/drivers/pmic/max77620.mod.o
 .text.max77620_gpio_write
                0x000000009600fa38       0xc4 /home/smanupa/Secure_UART/cboot/out/build-t186/bootloader/partner/common/drivers/pmic/max77620.mod.o
 .text.enable_ldo
                0x000000009600fafc        0x8 /home/smanupa/Secure_UART/cboot/out/build-t186/bootloader/partner/common/drivers/pmic/max77620.mod.o
 .text.disable_ldo
                0x000000009600fb04        0x8 /home/smanupa/Secure_UART/cboot/out/build-t186/bootloader/partner/common/drivers/pmic/max77620.mod.o
 .text.disable_sd
                0x000000009600fb0c        0x8 /home/smanupa/Secure_UART/cboot/out/build-t186/bootloader/partner/common/drivers/pmic/max77620.mod.o
 .text.set_ldo_voltage
                0x000000009600fb14        0x4 /home/smanupa/Secure_UART/cboot/out/build-t186/bootloader/partner/common/drivers/pmic/max77620.mod.o
 .text.tegrabl_max77620_init
                0x000000009600fb18      0x5ac /home/smanupa/Secure_UART/cboot/out/build-t186/bootloader/partner/common/drivers/pmic/max77620.mod.o
                0x000000009600fb18                tegrabl_max77620_init
 .text.qspi_fill_tx_fifo
                0x00000000960100c4       0x6c /home/smanupa/Secure_UART/cboot/out/build-t186/bootloader/partner/common/drivers/qspi.mod.o
 .text.qspi_receive_start_one_xfer_pio
                0x0000000096010130       0x78 /home/smanupa/Secure_UART/cboot/out/build-t186/bootloader/partner/common/drivers/qspi.mod.o
 .text.qspi_wait_for_ready_bit
                0x00000000960101a8       0x6c /home/smanupa/Secure_UART/cboot/out/build-t186/bootloader/partner/common/drivers/qspi.mod.o
 .text.qspi_send_start_one_xfer_dma
                0x0000000096010214      0x15c /home/smanupa/Secure_UART/cboot/out/build-t186/bootloader/partner/common/drivers/qspi.mod.o
 .text.qspi_receive_start_one_xfer_dma
                0x0000000096010370      0x170 /home/smanupa/Secure_UART/cboot/out/build-t186/bootloader/partner/common/drivers/qspi.mod.o
 .text.qspi_set_chip_select_level.isra.2
                0x00000000960104e0       0x38 /home/smanupa/Secure_UART/cboot/out/build-t186/bootloader/partner/common/drivers/qspi.mod.o
 .text.qspi_clear_ready_bit.isra.3
                0x0000000096010518       0x28 /home/smanupa/Secure_UART/cboot/out/build-t186/bootloader/partner/common/drivers/qspi.mod.o
 .text.qspi_stop_tx
                0x0000000096010540       0x30 /home/smanupa/Secure_UART/cboot/out/build-t186/bootloader/partner/common/drivers/qspi.mod.o
 .text.qspi_stop_rx
                0x0000000096010570       0x30 /home/smanupa/Secure_UART/cboot/out/build-t186/bootloader/partner/common/drivers/qspi.mod.o
 .text.qspi_hw_flush_fifos.isra.5
                0x00000000960105a0       0x94 /home/smanupa/Secure_UART/cboot/out/build-t186/bootloader/partner/common/drivers/qspi.mod.o
 .text.qspi_hw_disable_transfer
                0x0000000096010634       0x98 /home/smanupa/Secure_UART/cboot/out/build-t186/bootloader/partner/common/drivers/qspi.mod.o
 .text.qspi_abort_tx_dma
                0x00000000960106cc       0x38 /home/smanupa/Secure_UART/cboot/out/build-t186/bootloader/partner/common/drivers/qspi.mod.o
 .text.qspi_abort_rx_dma
                0x0000000096010704       0x38 /home/smanupa/Secure_UART/cboot/out/build-t186/bootloader/partner/common/drivers/qspi.mod.o
 .text.qspi_send_start_one_xfer_pio
                0x000000009601073c       0xd0 /home/smanupa/Secure_UART/cboot/out/build-t186/bootloader/partner/common/drivers/qspi.mod.o
 .text.qspi_start_remaining_one_xfer
                0x000000009601080c       0xc8 /home/smanupa/Secure_UART/cboot/out/build-t186/bootloader/partner/common/drivers/qspi.mod.o
 .text.qspi_start_one_transaction
                0x00000000960108d4      0x15c /home/smanupa/Secure_UART/cboot/out/build-t186/bootloader/partner/common/drivers/qspi.mod.o
 .text.qspi_wait_transfer
                0x0000000096010a30      0x3ec /home/smanupa/Secure_UART/cboot/out/build-t186/bootloader/partner/common/drivers/qspi.mod.o
 .text.qspi_check_transfer_status
                0x0000000096010e1c       0xdc /home/smanupa/Secure_UART/cboot/out/build-t186/bootloader/partner/common/drivers/qspi.mod.o
 .text.tegrabl_qspi_transaction
                0x0000000096010ef8      0x140 /home/smanupa/Secure_UART/cboot/out/build-t186/bootloader/partner/common/drivers/qspi.mod.o
                0x0000000096010ef8                tegrabl_qspi_transaction
 .text.tegrabl_qspi_xfer_wait
                0x0000000096011038       0xbc /home/smanupa/Secure_UART/cboot/out/build-t186/bootloader/partner/common/drivers/qspi.mod.o
                0x0000000096011038                tegrabl_qspi_xfer_wait
 .text.tegrabl_qspi_open
                0x00000000960110f4      0x490 /home/smanupa/Secure_UART/cboot/out/build-t186/bootloader/partner/common/drivers/qspi.mod.o
                0x00000000960110f4                tegrabl_qspi_open
 .text.qspi_get_soc_info
                0x0000000096011584       0x10 /home/smanupa/Secure_UART/cboot/out/build-t186/bootloader/partner/common/drivers/qspi.mod.o
                0x0000000096011584                qspi_get_soc_info
 .text.qspi_bdev_ioctl
                0x0000000096011594       0x14 /home/smanupa/Secure_UART/cboot/out/build-t186/bootloader/partner/common/drivers/qspi_flash.mod.o
 .text.tegrabl_qspi_blockdev_xfer_wait
                0x00000000960115a8       0x64 /home/smanupa/Secure_UART/cboot/out/build-t186/bootloader/partner/common/drivers/qspi_flash.mod.o
 .text.tegrabl_qspi_flash_read
                0x000000009601160c      0x25c /home/smanupa/Secure_UART/cboot/out/build-t186/bootloader/partner/common/drivers/qspi_flash.mod.o
 .text.tegrabl_qspi_blockdev_xfer
                0x0000000096011868       0x40 /home/smanupa/Secure_UART/cboot/out/build-t186/bootloader/partner/common/drivers/qspi_flash.mod.o
 .text.qspi_bdev_read_block
                0x00000000960118a8       0x34 /home/smanupa/Secure_UART/cboot/out/build-t186/bootloader/partner/common/drivers/qspi_flash.mod.o
 .text.qspi_quad_flag_set
                0x00000000960118dc       0x3c /home/smanupa/Secure_UART/cboot/out/build-t186/bootloader/partner/common/drivers/qspi_flash.mod.o
 .text.tegrabl_qspi_flash_open
                0x0000000096011918      0x498 /home/smanupa/Secure_UART/cboot/out/build-t186/bootloader/partner/common/drivers/qspi_flash.mod.o
                0x0000000096011918                tegrabl_qspi_flash_open
 .text.qspi_read_reg
                0x0000000096011db0      0x13c /home/smanupa/Secure_UART/cboot/out/build-t186/bootloader/partner/common/drivers/qspi_flash.mod.o
                0x0000000096011db0                qspi_read_reg
 .text.qspi_writein_progress
                0x0000000096011eec       0xa0 /home/smanupa/Secure_UART/cboot/out/build-t186/bootloader/partner/common/drivers/qspi_flash.mod.o
                0x0000000096011eec                qspi_writein_progress
 .text.qspi_qpi_flag_set
                0x0000000096011f8c       0xe0 /home/smanupa/Secure_UART/cboot/out/build-t186/bootloader/partner/common/drivers/qspi_flash.mod.o
 .text.qspi_write_en
                0x000000009601206c      0x164 /home/smanupa/Secure_UART/cboot/out/build-t186/bootloader/partner/common/drivers/qspi_flash.mod.o
                0x000000009601206c                qspi_write_en
 .text.qspi_bdev_write_block
                0x00000000960121d0      0x218 /home/smanupa/Secure_UART/cboot/out/build-t186/bootloader/partner/common/drivers/qspi_flash.mod.o
 .text.qspi_write_reg
                0x00000000960123e8      0x134 /home/smanupa/Secure_UART/cboot/out/build-t186/bootloader/partner/common/drivers/qspi_flash.mod.o
                0x00000000960123e8                qspi_write_reg
 .text.qspi_bdev_erase
                0x000000009601251c      0x600 /home/smanupa/Secure_UART/cboot/out/build-t186/bootloader/partner/common/drivers/qspi_flash.mod.o
 .text.qspi_flash_qpi_mode_enable_micron
                0x0000000096012b1c       0xbc /home/smanupa/Secure_UART/cboot/out/build-t186/bootloader/partner/common/drivers/qspi_flash.mod.o
                0x0000000096012b1c                qspi_flash_qpi_mode_enable_micron
 .text.qspi_flash_qpi_mode_enable_spansion
                0x0000000096012bd8       0xc4 /home/smanupa/Secure_UART/cboot/out/build-t186/bootloader/partner/common/drivers/qspi_flash.mod.o
                0x0000000096012bd8                qspi_flash_qpi_mode_enable_spansion
 .text.qspi_flash_x4_enable_spansion
                0x0000000096012c9c      0x23c /home/smanupa/Secure_UART/cboot/out/build-t186/bootloader/partner/common/drivers/qspi_flash.mod.o
                0x0000000096012c9c                qspi_flash_x4_enable_spansion
 .text.qspi_flash_page_512bytes_enable_spansion
                0x0000000096012ed8       0xdc /home/smanupa/Secure_UART/cboot/out/build-t186/bootloader/partner/common/drivers/qspi_flash.mod.o
                0x0000000096012ed8                qspi_flash_page_512bytes_enable_spansion
 .text.qspi_flash_blank_check_enable_spansion
                0x0000000096012fb4       0xdc /home/smanupa/Secure_UART/cboot/out/build-t186/bootloader/partner/common/drivers/qspi_flash.mod.o
                0x0000000096012fb4                qspi_flash_blank_check_enable_spansion
 .text.qspi_flash_qpi_mode_enable_macronix
                0x0000000096013090       0xac /home/smanupa/Secure_UART/cboot/out/build-t186/bootloader/partner/common/drivers/qspi_flash.mod.o
                0x0000000096013090                qspi_flash_qpi_mode_enable_macronix
 .text.qspi_flash_get_size_macronix
                0x000000009601313c      0x11c /home/smanupa/Secure_UART/cboot/out/build-t186/bootloader/partner/common/drivers/qspi_flash.mod.o
                0x000000009601313c                qspi_flash_get_size_macronix
 .text.is_fixed_batt_connection
                0x0000000096013258       0x54 /home/smanupa/Secure_UART/cboot/out/build-t186/bootloader/partner/common/drivers/regulator.mod.o
 .text.regulator_lookup
                0x00000000960132ac       0x5c /home/smanupa/Secure_UART/cboot/out/build-t186/bootloader/partner/common/drivers/regulator.mod.o
 .text.tegrabl_regulator_is_fixed
                0x0000000096013308       0x78 /home/smanupa/Secure_UART/cboot/out/build-t186/bootloader/partner/common/drivers/regulator.mod.o
                0x0000000096013308                tegrabl_regulator_is_fixed
 .text.tegrabl_regulator_enable
                0x0000000096013380       0xb8 /home/smanupa/Secure_UART/cboot/out/build-t186/bootloader/partner/common/drivers/regulator.mod.o
                0x0000000096013380                tegrabl_regulator_enable
 .text.tegrabl_regulator_set_voltage
                0x0000000096013438       0xe4 /home/smanupa/Secure_UART/cboot/out/build-t186/bootloader/partner/common/drivers/regulator.mod.o
                0x0000000096013438                tegrabl_regulator_set_voltage
 .text.tegrabl_regulator_register
                0x000000009601351c       0xa0 /home/smanupa/Secure_UART/cboot/out/build-t186/bootloader/partner/common/drivers/regulator.mod.o
                0x000000009601351c                tegrabl_regulator_register
 .text.tegrabl_regulator_init
                0x00000000960135bc       0x48 /home/smanupa/Secure_UART/cboot/out/build-t186/bootloader/partner/common/drivers/regulator.mod.o
                0x00000000960135bc                tegrabl_regulator_init
 .text.fixed_regulator_lookup
                0x0000000096013604       0x5c /home/smanupa/Secure_UART/cboot/out/build-t186/bootloader/partner/common/drivers/regulator.mod.o
 .text.fixed_regulator_enable
                0x0000000096013660       0xec /home/smanupa/Secure_UART/cboot/out/build-t186/bootloader/partner/common/drivers/regulator.mod.o
 .text.fixed_regulator_disable
                0x000000009601374c       0x90 /home/smanupa/Secure_UART/cboot/out/build-t186/bootloader/partner/common/drivers/regulator.mod.o
 .text.tegrabl_fixed_regulator_init
                0x00000000960137dc      0x3bc /home/smanupa/Secure_UART/cboot/out/build-t186/bootloader/partner/common/drivers/regulator.mod.o
                0x00000000960137dc                tegrabl_fixed_regulator_init
 .text.tegrabl_sata_ahci_init_cmd_list_receive_fis_buffers
                0x0000000096013b98      0x130 /home/smanupa/Secure_UART/cboot/out/build-t186/bootloader/partner/common/drivers/sata.mod.o
 .text.tegrabl_sata_ahci_init_memory_regions
                0x0000000096013cc8      0x170 /home/smanupa/Secure_UART/cboot/out/build-t186/bootloader/partner/common/drivers/sata.mod.o
 .text.tegrabl_sata_ahci_print_pxssts
                0x0000000096013e38      0x108 /home/smanupa/Secure_UART/cboot/out/build-t186/bootloader/partner/common/drivers/sata.mod.o
 .text.tegrabl_sata_start_command
                0x0000000096013f40       0xe0 /home/smanupa/Secure_UART/cboot/out/build-t186/bootloader/partner/common/drivers/sata.mod.o
 .text.tegrabl_sata_ahci_indentify_device
                0x0000000096014020      0x290 /home/smanupa/Secure_UART/cboot/out/build-t186/bootloader/partner/common/drivers/sata.mod.o
 .text.tegrabl_sata_xfer_complete
                0x00000000960142b0      0x114 /home/smanupa/Secure_UART/cboot/out/build-t186/bootloader/partner/common/drivers/sata.mod.o
                0x00000000960142b0                tegrabl_sata_xfer_complete
 .text.tegrabl_sata_ahci_xfer
                0x00000000960143c4      0x2c0 /home/smanupa/Secure_UART/cboot/out/build-t186/bootloader/partner/common/drivers/sata.mod.o
                0x00000000960143c4                tegrabl_sata_ahci_xfer
 .text.tegrabl_sata_ahci_io
                0x0000000096014684        0x8 /home/smanupa/Secure_UART/cboot/out/build-t186/bootloader/partner/common/drivers/sata.mod.o
                0x0000000096014684                tegrabl_sata_ahci_io
 .text.tegrabl_sata_ahci_flush_device
                0x000000009601468c      0x198 /home/smanupa/Secure_UART/cboot/out/build-t186/bootloader/partner/common/drivers/sata.mod.o
                0x000000009601468c                tegrabl_sata_ahci_flush_device
 .text.tegrabl_sata_ahci_free_buffers
                0x0000000096014824       0x48 /home/smanupa/Secure_UART/cboot/out/build-t186/bootloader/partner/common/drivers/sata.mod.o
                0x0000000096014824                tegrabl_sata_ahci_free_buffers
 .text.tegrabl_sata_ahci_skip_init
                0x000000009601486c      0x1ac /home/smanupa/Secure_UART/cboot/out/build-t186/bootloader/partner/common/drivers/sata.mod.o
                0x000000009601486c                tegrabl_sata_ahci_skip_init
 .text.tegrabl_sata_ahci_init
                0x0000000096014a18      0x5a4 /home/smanupa/Secure_UART/cboot/out/build-t186/bootloader/partner/common/drivers/sata.mod.o
                0x0000000096014a18                tegrabl_sata_ahci_init
 .text.tegrabl_sata_bdev_erase
                0x0000000096014fbc       0x3c /home/smanupa/Secure_UART/cboot/out/build-t186/bootloader/partner/common/drivers/sata.mod.o
 .text.tegrabl_sata_bdev_xfer_wait
                0x0000000096014ff8      0x1f0 /home/smanupa/Secure_UART/cboot/out/build-t186/bootloader/partner/common/drivers/sata.mod.o
 .text.tegrabl_sata_bdev_xfer
                0x00000000960151e8      0x1c0 /home/smanupa/Secure_UART/cboot/out/build-t186/bootloader/partner/common/drivers/sata.mod.o
 .text.tegrabl_sata_bdev_ioctl
                0x00000000960153a8       0xd8 /home/smanupa/Secure_UART/cboot/out/build-t186/bootloader/partner/common/drivers/sata.mod.o
 .text.tegrabl_sata_bdev_close
                0x0000000096015480       0x54 /home/smanupa/Secure_UART/cboot/out/build-t186/bootloader/partner/common/drivers/sata.mod.o
 .text.tegrabl_sata_bdev_write_block
                0x00000000960154d4      0x19c /home/smanupa/Secure_UART/cboot/out/build-t186/bootloader/partner/common/drivers/sata.mod.o
 .text.tegrabl_sata_bdev_read_block
                0x0000000096015670      0x19c /home/smanupa/Secure_UART/cboot/out/build-t186/bootloader/partner/common/drivers/sata.mod.o
 .text.tegrabl_sata_bdev_open
                0x000000009601580c      0x26c /home/smanupa/Secure_UART/cboot/out/build-t186/bootloader/partner/common/drivers/sata.mod.o
                0x000000009601580c                tegrabl_sata_bdev_open
 .text.sdmmc_bdev_ioctl
                0x0000000096015a78       0x30 /home/smanupa/Secure_UART/cboot/out/build-t186/bootloader/partner/common/drivers/sdmmc.mod.o
                0x0000000096015a78                sdmmc_bdev_ioctl
 .text.sdmmc_bdev_read_block
                0x0000000096015aa8       0x18 /home/smanupa/Secure_UART/cboot/out/build-t186/bootloader/partner/common/drivers/sdmmc.mod.o
                0x0000000096015aa8                sdmmc_bdev_read_block
 .text.sdmmc_bdev_write_block
                0x0000000096015ac0       0x18 /home/smanupa/Secure_UART/cboot/out/build-t186/bootloader/partner/common/drivers/sdmmc.mod.o
                0x0000000096015ac0                sdmmc_bdev_write_block
 .text.sdmmc_bdev_xfer
                0x0000000096015ad8       0x30 /home/smanupa/Secure_UART/cboot/out/build-t186/bootloader/partner/common/drivers/sdmmc.mod.o
                0x0000000096015ad8                sdmmc_bdev_xfer
 .text.sdmmc_bdev_xfer_wait
                0x0000000096015b08        0x4 /home/smanupa/Secure_UART/cboot/out/build-t186/bootloader/partner/common/drivers/sdmmc.mod.o
                0x0000000096015b08                sdmmc_bdev_xfer_wait
 .text.sdmmc_bdev_erase
                0x0000000096015b0c       0x20 /home/smanupa/Secure_UART/cboot/out/build-t186/bootloader/partner/common/drivers/sdmmc.mod.o
                0x0000000096015b0c                sdmmc_bdev_erase
 .text.sdmmc_bdev_close
                0x0000000096015b2c       0x7c /home/smanupa/Secure_UART/cboot/out/build-t186/bootloader/partner/common/drivers/sdmmc.mod.o
                0x0000000096015b2c                sdmmc_bdev_close
 .text.sdmmc_bdev_open
                0x0000000096015ba8      0x370 /home/smanupa/Secure_UART/cboot/out/build-t186/bootloader/partner/common/drivers/sdmmc.mod.o
                0x0000000096015ba8                sdmmc_bdev_open
 .text.unlikely.sdmmc_get_power_class
                0x0000000096015f18       0x74 /home/smanupa/Secure_UART/cboot/out/build-t186/bootloader/partner/common/drivers/sdmmc.mod.o
 .text.sdmmc_clock_init
                0x0000000096015f8c       0x88 /home/smanupa/Secure_UART/cboot/out/build-t186/bootloader/partner/common/drivers/sdmmc.mod.o
                0x0000000096015f8c                sdmmc_clock_init
 .text.sdmmc_send_command
                0x0000000096016014       0xe4 /home/smanupa/Secure_UART/cboot/out/build-t186/bootloader/partner/common/drivers/sdmmc.mod.o
                0x0000000096016014                sdmmc_send_command
 .text.sdmmc_parse_csd
                0x00000000960160f8       0x7c /home/smanupa/Secure_UART/cboot/out/build-t186/bootloader/partner/common/drivers/sdmmc.mod.o
                0x00000000960160f8                sdmmc_parse_csd
 .text.sdmmc_verify_response
                0x0000000096016174      0x174 /home/smanupa/Secure_UART/cboot/out/build-t186/bootloader/partner/common/drivers/sdmmc.mod.o
                0x0000000096016174                sdmmc_verify_response
 .text.sdmmc_send_switch_command
                0x00000000960162e8       0x6c /home/smanupa/Secure_UART/cboot/out/build-t186/bootloader/partner/common/drivers/sdmmc.mod.o
 .text.sdmmc_card_transfer_mode
                0x0000000096016354       0x2c /home/smanupa/Secure_UART/cboot/out/build-t186/bootloader/partner/common/drivers/sdmmc.mod.o
                0x0000000096016354                sdmmc_card_transfer_mode
 .text.sdmmc_get_ext_csd
                0x0000000096016380      0x1ac /home/smanupa/Secure_UART/cboot/out/build-t186/bootloader/partner/common/drivers/sdmmc.mod.o
                0x0000000096016380                sdmmc_get_ext_csd
 .text.sdmmc_block_io
                0x000000009601652c      0x24c /home/smanupa/Secure_UART/cboot/out/build-t186/bootloader/partner/common/drivers/sdmmc.mod.o
                0x000000009601652c                sdmmc_block_io
 .text.sdmmc_xfer_wait
                0x0000000096016778      0x144 /home/smanupa/Secure_UART/cboot/out/build-t186/bootloader/partner/common/drivers/sdmmc.mod.o
                0x0000000096016778                sdmmc_xfer_wait
 .text.sdmmc_init_controller
                0x00000000960168bc       0xf8 /home/smanupa/Secure_UART/cboot/out/build-t186/bootloader/partner/common/drivers/sdmmc.mod.o
                0x00000000960168bc                sdmmc_init_controller
 .text.sdmmc_enable_high_speed
                0x00000000960169b4       0xa8 /home/smanupa/Secure_UART/cboot/out/build-t186/bootloader/partner/common/drivers/sdmmc.mod.o
                0x00000000960169b4                sdmmc_enable_high_speed
 .text.sdmmc_init
                0x0000000096016a5c      0x3c4 /home/smanupa/Secure_UART/cboot/out/build-t186/bootloader/partner/common/drivers/sdmmc.mod.o
                0x0000000096016a5c                sdmmc_init
 .text.sdmmc_enable_timing_hs400
                0x0000000096016e20       0x5c /home/smanupa/Secure_UART/cboot/out/build-t186/bootloader/partner/common/drivers/sdmmc.mod.o
                0x0000000096016e20                sdmmc_enable_timing_hs400
 .text.sdmmc_select_access_region
                0x0000000096016e7c       0x64 /home/smanupa/Secure_UART/cboot/out/build-t186/bootloader/partner/common/drivers/sdmmc.mod.o
                0x0000000096016e7c                sdmmc_select_access_region
 .text.sdmmc_io
                0x0000000096016ee0      0x154 /home/smanupa/Secure_UART/cboot/out/build-t186/bootloader/partner/common/drivers/sdmmc.mod.o
                0x0000000096016ee0                sdmmc_io
 .text.sdmmc_set_bus_width
                0x0000000096017034       0x68 /home/smanupa/Secure_UART/cboot/out/build-t186/bootloader/partner/common/drivers/sdmmc.mod.o
                0x0000000096017034                sdmmc_set_bus_width
 .text.sdmmc_erase
                0x000000009601709c      0x230 /home/smanupa/Secure_UART/cboot/out/build-t186/bootloader/partner/common/drivers/sdmmc.mod.o
                0x000000009601709c                sdmmc_erase
 .text.sdmmc_send_status
                0x00000000960172cc       0x60 /home/smanupa/Secure_UART/cboot/out/build-t186/bootloader/partner/common/drivers/sdmmc.mod.o
                0x00000000960172cc                sdmmc_send_status
 .text.sdmmc_wait_command_complete
                0x000000009601732c       0xa0 /home/smanupa/Secure_UART/cboot/out/build-t186/bootloader/partner/common/drivers/sdmmc.mod.o
 .text.sdmmc_card_clock_enable.isra.0
                0x00000000960173cc       0x1c /home/smanupa/Secure_UART/cboot/out/build-t186/bootloader/partner/common/drivers/sdmmc.mod.o
 .text.sdmmc_wait_clk_stable.isra.1
                0x00000000960173e8       0x60 /home/smanupa/Secure_UART/cboot/out/build-t186/bootloader/partner/common/drivers/sdmmc.mod.o
 .text.sdmmc_reset_controller
                0x0000000096017448       0x74 /home/smanupa/Secure_UART/cboot/out/build-t186/bootloader/partner/common/drivers/sdmmc.mod.o
                0x0000000096017448                sdmmc_reset_controller
 .text.sdmmc_enable_hostv4
                0x00000000960174bc       0x24 /home/smanupa/Secure_UART/cboot/out/build-t186/bootloader/partner/common/drivers/sdmmc.mod.o
                0x00000000960174bc                sdmmc_enable_hostv4
 .text.sdmmc_get_hostv4_status
                0x00000000960174e0       0x18 /home/smanupa/Secure_UART/cboot/out/build-t186/bootloader/partner/common/drivers/sdmmc.mod.o
                0x00000000960174e0                sdmmc_get_hostv4_status
 .text.sdmmc_set_card_clock
                0x00000000960174f8       0xc4 /home/smanupa/Secure_UART/cboot/out/build-t186/bootloader/partner/common/drivers/sdmmc.mod.o
                0x00000000960174f8                sdmmc_set_card_clock
 .text.sdmmc_enable_bus_power
                0x00000000960175bc       0x4c /home/smanupa/Secure_UART/cboot/out/build-t186/bootloader/partner/common/drivers/sdmmc.mod.o
                0x00000000960175bc                sdmmc_enable_bus_power
 .text.sdmmc_set_interrupt_status_reg
                0x0000000096017608       0x2c /home/smanupa/Secure_UART/cboot/out/build-t186/bootloader/partner/common/drivers/sdmmc.mod.o
                0x0000000096017608                sdmmc_set_interrupt_status_reg
 .text.sdmmc_is_card_present
                0x0000000096017634       0x6c /home/smanupa/Secure_UART/cboot/out/build-t186/bootloader/partner/common/drivers/sdmmc.mod.o
                0x0000000096017634                sdmmc_is_card_present
 .text.sdmmc_prepare_cmd_reg
                0x00000000960176a0       0xe8 /home/smanupa/Secure_UART/cboot/out/build-t186/bootloader/partner/common/drivers/sdmmc.mod.o
                0x00000000960176a0                sdmmc_prepare_cmd_reg
 .text.sdmmc_cmd_txr_ready
                0x0000000096017788       0x64 /home/smanupa/Secure_UART/cboot/out/build-t186/bootloader/partner/common/drivers/sdmmc.mod.o
                0x0000000096017788                sdmmc_cmd_txr_ready
 .text.sdmmc_data_txr_ready
                0x00000000960177ec       0x64 /home/smanupa/Secure_UART/cboot/out/build-t186/bootloader/partner/common/drivers/sdmmc.mod.o
                0x00000000960177ec                sdmmc_data_txr_ready
 .text.sdmmc_read_response
                0x0000000096017850       0x98 /home/smanupa/Secure_UART/cboot/out/build-t186/bootloader/partner/common/drivers/sdmmc.mod.o
                0x0000000096017850                sdmmc_read_response
 .text.sdmmc_recover_controller_error
                0x00000000960178e8      0x1d4 /home/smanupa/Secure_UART/cboot/out/build-t186/bootloader/partner/common/drivers/sdmmc.mod.o
                0x00000000960178e8                sdmmc_recover_controller_error
 .text.sdmmc_try_send_command
                0x0000000096017abc       0xc0 /home/smanupa/Secure_UART/cboot/out/build-t186/bootloader/partner/common/drivers/sdmmc.mod.o
                0x0000000096017abc                sdmmc_try_send_command
 .text.sdmmc_set_data_width
                0x0000000096017b7c       0x48 /home/smanupa/Secure_UART/cboot/out/build-t186/bootloader/partner/common/drivers/sdmmc.mod.o
                0x0000000096017b7c                sdmmc_set_data_width
 .text.sdmmc_set_num_blocks
                0x0000000096017bc4       0x1c /home/smanupa/Secure_UART/cboot/out/build-t186/bootloader/partner/common/drivers/sdmmc.mod.o
                0x0000000096017bc4                sdmmc_set_num_blocks
 .text.sdmmc_setup_dma
                0x0000000096017be0       0x34 /home/smanupa/Secure_UART/cboot/out/build-t186/bootloader/partner/common/drivers/sdmmc.mod.o
                0x0000000096017be0                sdmmc_setup_dma
 .text.sdmmc_query_status
                0x0000000096017c14       0xd0 /home/smanupa/Secure_UART/cboot/out/build-t186/bootloader/partner/common/drivers/sdmmc.mod.o
                0x0000000096017c14                sdmmc_query_status
 .text.sdmmc_toggle_high_speed
                0x0000000096017ce4       0x28 /home/smanupa/Secure_UART/cboot/out/build-t186/bootloader/partner/common/drivers/sdmmc.mod.o
                0x0000000096017ce4                sdmmc_toggle_high_speed
 .text.sdmmc_set_default_region
                0x0000000096017d0c       0x30 /home/smanupa/Secure_UART/cboot/out/build-t186/bootloader/partner/common/drivers/sdmmc.mod.o
                0x0000000096017d0c                sdmmc_set_default_region
 .text.sdmmc_wait_for_data_line_ready
                0x0000000096017d3c       0x64 /home/smanupa/Secure_UART/cboot/out/build-t186/bootloader/partner/common/drivers/sdmmc.mod.o
                0x0000000096017d3c                sdmmc_wait_for_data_line_ready
 .text.sdmmc_get_correct_boot_block
                0x0000000096017da0       0xd0 /home/smanupa/Secure_UART/cboot/out/build-t186/bootloader/partner/common/drivers/sdmmc.mod.o
                0x0000000096017da0                sdmmc_get_correct_boot_block
 .text.sdmmc_update_drv_settings
                0x0000000096017e70       0x34 /home/smanupa/Secure_UART/cboot/out/build-t186/bootloader/partner/common/drivers/sdmmc.mod.o
                0x0000000096017e70                sdmmc_update_drv_settings
 .text.sdmmc_auto_calibrate
                0x0000000096017ea4       0xd4 /home/smanupa/Secure_UART/cboot/out/build-t186/bootloader/partner/common/drivers/sdmmc.mod.o
                0x0000000096017ea4                sdmmc_auto_calibrate
 .text.sdmmc_io_spare_update
                0x0000000096017f78       0x40 /home/smanupa/Secure_UART/cboot/out/build-t186/bootloader/partner/common/drivers/sdmmc.mod.o
                0x0000000096017f78                sdmmc_io_spare_update
 .text.sdmmc_set_tap_trim
                0x0000000096017fb8       0x30 /home/smanupa/Secure_UART/cboot/out/build-t186/bootloader/partner/common/drivers/sdmmc.mod.o
                0x0000000096017fb8                sdmmc_set_tap_trim
 .text.sdmmc_dll_caliberation
                0x0000000096017fe8       0x7c /home/smanupa/Secure_UART/cboot/out/build-t186/bootloader/partner/common/drivers/sdmmc.mod.o
                0x0000000096017fe8                sdmmc_dll_caliberation
 .text.sdmmc_select_mode_transfer
                0x0000000096018064      0x338 /home/smanupa/Secure_UART/cboot/out/build-t186/bootloader/partner/common/drivers/sdmmc.mod.o
                0x0000000096018064                sdmmc_select_mode_transfer
 .text.sd_bdev_is_card_present
                0x000000009601839c        0x4 /home/smanupa/Secure_UART/cboot/out/build-t186/bootloader/partner/common/drivers/sdmmc.mod.o
                0x000000009601839c                sd_bdev_is_card_present
 .text.sd_bdev_open
                0x00000000960183a0      0x2d0 /home/smanupa/Secure_UART/cboot/out/build-t186/bootloader/partner/common/drivers/sdmmc.mod.o
                0x00000000960183a0                sd_bdev_open
 .text.sd_identify_card
                0x0000000096018670      0x280 /home/smanupa/Secure_UART/cboot/out/build-t186/bootloader/partner/common/drivers/sdmmc.mod.o
                0x0000000096018670                sd_identify_card
 .text.sd_erase
                0x00000000960188f0      0x194 /home/smanupa/Secure_UART/cboot/out/build-t186/bootloader/partner/common/drivers/sdmmc.mod.o
                0x00000000960188f0                sd_erase
 .text.tegrabl_sd_is_card_present
                0x0000000096018a84      0x114 /home/smanupa/Secure_UART/cboot/out/build-t186/bootloader/partner/common/drivers/sdmmc.mod.o
                0x0000000096018a84                tegrabl_sd_is_card_present
 .text.tegrabl_ufs_blockdev_xfer_wait
                0x0000000096018b98      0x13c /home/smanupa/Secure_UART/cboot/out/build-t186/bootloader/partner/common/drivers/ufs.mod.o
 .text.tegrabl_ufs_blockdev_xfer
                0x0000000096018cd4       0xb8 /home/smanupa/Secure_UART/cboot/out/build-t186/bootloader/partner/common/drivers/ufs.mod.o
 .text.tegrabl_ufs_bdev_ioctl
                0x0000000096018d8c       0x2c /home/smanupa/Secure_UART/cboot/out/build-t186/bootloader/partner/common/drivers/ufs.mod.o
 .text.tegrabl_ufs_bdev_close
                0x0000000096018db8       0x34 /home/smanupa/Secure_UART/cboot/out/build-t186/bootloader/partner/common/drivers/ufs.mod.o
 .text.tegrabl_ufs_bdev_erase
                0x0000000096018dec       0x48 /home/smanupa/Secure_UART/cboot/out/build-t186/bootloader/partner/common/drivers/ufs.mod.o
 .text.tegrabl_ufs_bdev_write_block
                0x0000000096018e34       0xcc /home/smanupa/Secure_UART/cboot/out/build-t186/bootloader/partner/common/drivers/ufs.mod.o
 .text.tegrabl_ufs_bdev_read_block
                0x0000000096018f00       0xcc /home/smanupa/Secure_UART/cboot/out/build-t186/bootloader/partner/common/drivers/ufs.mod.o
 .text.tegrabl_ufs_bdev_open
                0x0000000096018fcc      0x250 /home/smanupa/Secure_UART/cboot/out/build-t186/bootloader/partner/common/drivers/ufs.mod.o
                0x0000000096018fcc                tegrabl_ufs_bdev_open
 .text.tegrabl_ufs_link_mphy_setup
                0x000000009601921c      0x21c /home/smanupa/Secure_UART/cboot/out/build-t186/bootloader/partner/common/drivers/ufs.mod.o
                0x000000009601921c                tegrabl_ufs_link_mphy_setup
 .text.tegrabl_ufs_link_uphy_deinit
                0x0000000096019438        0x4 /home/smanupa/Secure_UART/cboot/out/build-t186/bootloader/partner/common/drivers/ufs.mod.o
                0x0000000096019438                tegrabl_ufs_link_uphy_deinit
 .text.tegrabl_ufs_uphy_clk_disable_reset_enable
                0x000000009601943c        0x4 /home/smanupa/Secure_UART/cboot/out/build-t186/bootloader/partner/common/drivers/ufs.mod.o
                0x000000009601943c                tegrabl_ufs_uphy_clk_disable_reset_enable
 .text.tegrabl_clear_err_regs
                0x0000000096019440       0x4c /home/smanupa/Secure_UART/cboot/out/build-t186/bootloader/partner/common/drivers/ufs.mod.o
 .text.tegrabl_ufs_get_tx_rx_descriptor
                0x000000009601948c       0x98 /home/smanupa/Secure_UART/cboot/out/build-t186/bootloader/partner/common/drivers/ufs.mod.o
 .text.tegrabl_ufs_get_cmd_descriptor
                0x0000000096019524       0x48 /home/smanupa/Secure_UART/cboot/out/build-t186/bootloader/partner/common/drivers/ufs.mod.o
                0x0000000096019524                tegrabl_ufs_get_cmd_descriptor
 .text.tegrabl_ufs_pollfield
                0x000000009601956c       0x60 /home/smanupa/Secure_UART/cboot/out/build-t186/bootloader/partner/common/drivers/ufs.mod.o
                0x000000009601956c                tegrabl_ufs_pollfield
 .text.tegrabl_ufs_set_dme_command
                0x00000000960195cc      0x1d4 /home/smanupa/Secure_UART/cboot/out/build-t186/bootloader/partner/common/drivers/ufs.mod.o
                0x00000000960195cc                tegrabl_ufs_set_dme_command
 .text.tegrabl_ufs_set_activate_time
                0x00000000960197a0       0x84 /home/smanupa/Secure_UART/cboot/out/build-t186/bootloader/partner/common/drivers/ufs.mod.o
                0x00000000960197a0                tegrabl_ufs_set_activate_time
 .text.tegrabl_ufs_wait_trd_request_complete
                0x0000000096019824      0x1ac /home/smanupa/Secure_UART/cboot/out/build-t186/bootloader/partner/common/drivers/ufs.mod.o
 .text.tegrabl_ufs_hibernate_enter
                0x00000000960199d0       0x84 /home/smanupa/Secure_UART/cboot/out/build-t186/bootloader/partner/common/drivers/ufs.mod.o
                0x00000000960199d0                tegrabl_ufs_hibernate_enter
 .text.tegrabl_ufs_setup_trtdm_lists
                0x0000000096019a54       0xac /home/smanupa/Secure_UART/cboot/out/build-t186/bootloader/partner/common/drivers/ufs.mod.o
                0x0000000096019a54                tegrabl_ufs_setup_trtdm_lists
 .text.tegrabl_ufs_deinit
                0x0000000096019b00       0xb8 /home/smanupa/Secure_UART/cboot/out/build-t186/bootloader/partner/common/drivers/ufs.mod.o
                0x0000000096019b00                tegrabl_ufs_deinit
 .text.tegrabl_ufs_start_tmtr_engines
                0x0000000096019bb8       0x7c /home/smanupa/Secure_UART/cboot/out/build-t186/bootloader/partner/common/drivers/ufs.mod.o
                0x0000000096019bb8                tegrabl_ufs_start_tmtr_engines
 .text.tegrabl_ufs_create_trd
                0x0000000096019c34      0x124 /home/smanupa/Secure_UART/cboot/out/build-t186/bootloader/partner/common/drivers/ufs.mod.o
                0x0000000096019c34                tegrabl_ufs_create_trd
 .text.tegrabl_ufs_free_trd_cmd_desc
                0x0000000096019d58       0x24 /home/smanupa/Secure_UART/cboot/out/build-t186/bootloader/partner/common/drivers/ufs.mod.o
                0x0000000096019d58                tegrabl_ufs_free_trd_cmd_desc
 .text.tegrabl_ufs_queue_trd
                0x0000000096019d7c       0xa8 /home/smanupa/Secure_UART/cboot/out/build-t186/bootloader/partner/common/drivers/ufs.mod.o
 .text.tegrabl_ufs_chk_if_dev_ready_to_rec_desc
                0x0000000096019e24      0x104 /home/smanupa/Secure_UART/cboot/out/build-t186/bootloader/partner/common/drivers/ufs.mod.o
                0x0000000096019e24                tegrabl_ufs_chk_if_dev_ready_to_rec_desc
 .text.tegrabl_ufs_get_descriptor
                0x0000000096019f28      0x154 /home/smanupa/Secure_UART/cboot/out/build-t186/bootloader/partner/common/drivers/ufs.mod.o
                0x0000000096019f28                tegrabl_ufs_get_descriptor
 .text.tegrabl_ufs_get_attribute
                0x000000009601a07c      0x138 /home/smanupa/Secure_UART/cboot/out/build-t186/bootloader/partner/common/drivers/ufs.mod.o
                0x000000009601a07c                tegrabl_ufs_get_attribute
 .text.tegrabl_ufs_complete_init
                0x000000009601a1b4      0x22c /home/smanupa/Secure_UART/cboot/out/build-t186/bootloader/partner/common/drivers/ufs.mod.o
                0x000000009601a1b4                tegrabl_ufs_complete_init
 .text.tegrabl_ufs_hw_init
                0x000000009601a3e0      0x1b8 /home/smanupa/Secure_UART/cboot/out/build-t186/bootloader/partner/common/drivers/ufs.mod.o
                0x000000009601a3e0                tegrabl_ufs_hw_init
 .text.tegrabl_ufs_rw_check_complete
                0x000000009601a598      0x104 /home/smanupa/Secure_UART/cboot/out/build-t186/bootloader/partner/common/drivers/ufs.mod.o
                0x000000009601a598                tegrabl_ufs_rw_check_complete
 .text.tegrabl_ufs_get_params
                0x000000009601a69c       0xe4 /home/smanupa/Secure_UART/cboot/out/build-t186/bootloader/partner/common/drivers/ufs.mod.o
                0x000000009601a69c                tegrabl_ufs_get_params
 .text.tegrabl_ufs_change_num_lanes